Archive member included to satisfy reference by file (symbol)

/app/eclipse/tools/ToolchainRISCVEmbeddedGCC/8.2.0-2.2-20190521-0004/bin/../lib/gcc/riscv-none-embed/8.2.0/../../../../riscv-none-embed/lib/rv32im/ilp32/libg.a(lib_a-atexit.o)
                              /app/eclipse/tools/ToolchainRISCVEmbeddedGCC/8.2.0-2.2-20190521-0004/bin/../lib/gcc/riscv-none-embed/8.2.0/../../../../riscv-none-embed/lib/rv32im/ilp32/crt0.o (atexit)
/app/eclipse/tools/ToolchainRISCVEmbeddedGCC/8.2.0-2.2-20190521-0004/bin/../lib/gcc/riscv-none-embed/8.2.0/../../../../riscv-none-embed/lib/rv32im/ilp32/libg.a(lib_a-errno.o)
                              syscalls.o (__errno)
/app/eclipse/tools/ToolchainRISCVEmbeddedGCC/8.2.0-2.2-20190521-0004/bin/../lib/gcc/riscv-none-embed/8.2.0/../../../../riscv-none-embed/lib/rv32im/ilp32/libg.a(lib_a-exit.o)
                              /app/eclipse/tools/ToolchainRISCVEmbeddedGCC/8.2.0-2.2-20190521-0004/bin/../lib/gcc/riscv-none-embed/8.2.0/../../../../riscv-none-embed/lib/rv32im/ilp32/crt0.o (exit)
/app/eclipse/tools/ToolchainRISCVEmbeddedGCC/8.2.0-2.2-20190521-0004/bin/../lib/gcc/riscv-none-embed/8.2.0/../../../../riscv-none-embed/lib/rv32im/ilp32/libg.a(lib_a-fini.o)
                              /app/eclipse/tools/ToolchainRISCVEmbeddedGCC/8.2.0-2.2-20190521-0004/bin/../lib/gcc/riscv-none-embed/8.2.0/../../../../riscv-none-embed/lib/rv32im/ilp32/crt0.o (__libc_fini_array)
/app/eclipse/tools/ToolchainRISCVEmbeddedGCC/8.2.0-2.2-20190521-0004/bin/../lib/gcc/riscv-none-embed/8.2.0/../../../../riscv-none-embed/lib/rv32im/ilp32/libg.a(lib_a-impure.o)
                              /app/eclipse/tools/ToolchainRISCVEmbeddedGCC/8.2.0-2.2-20190521-0004/bin/../lib/gcc/riscv-none-embed/8.2.0/../../../../riscv-none-embed/lib/rv32im/ilp32/libg.a(lib_a-exit.o) (_global_impure_ptr)
/app/eclipse/tools/ToolchainRISCVEmbeddedGCC/8.2.0-2.2-20190521-0004/bin/../lib/gcc/riscv-none-embed/8.2.0/../../../../riscv-none-embed/lib/rv32im/ilp32/libg.a(lib_a-init.o)
                              /app/eclipse/tools/ToolchainRISCVEmbeddedGCC/8.2.0-2.2-20190521-0004/bin/../lib/gcc/riscv-none-embed/8.2.0/../../../../riscv-none-embed/lib/rv32im/ilp32/crt0.o (__libc_init_array)
/app/eclipse/tools/ToolchainRISCVEmbeddedGCC/8.2.0-2.2-20190521-0004/bin/../lib/gcc/riscv-none-embed/8.2.0/../../../../riscv-none-embed/lib/rv32im/ilp32/libg.a(lib_a-memcpy.o)
                              syscalls.o (memcpy)
/app/eclipse/tools/ToolchainRISCVEmbeddedGCC/8.2.0-2.2-20190521-0004/bin/../lib/gcc/riscv-none-embed/8.2.0/../../../../riscv-none-embed/lib/rv32im/ilp32/libg.a(lib_a-memset.o)
                              /app/eclipse/tools/ToolchainRISCVEmbeddedGCC/8.2.0-2.2-20190521-0004/bin/../lib/gcc/riscv-none-embed/8.2.0/../../../../riscv-none-embed/lib/rv32im/ilp32/crt0.o (memset)
/app/eclipse/tools/ToolchainRISCVEmbeddedGCC/8.2.0-2.2-20190521-0004/bin/../lib/gcc/riscv-none-embed/8.2.0/../../../../riscv-none-embed/lib/rv32im/ilp32/libg.a(lib_a-__atexit.o)
                              /app/eclipse/tools/ToolchainRISCVEmbeddedGCC/8.2.0-2.2-20190521-0004/bin/../lib/gcc/riscv-none-embed/8.2.0/../../../../riscv-none-embed/lib/rv32im/ilp32/libg.a(lib_a-atexit.o) (__register_exitproc)
/app/eclipse/tools/ToolchainRISCVEmbeddedGCC/8.2.0-2.2-20190521-0004/bin/../lib/gcc/riscv-none-embed/8.2.0/../../../../riscv-none-embed/lib/rv32im/ilp32/libg.a(lib_a-__call_atexit.o)
                              /app/eclipse/tools/ToolchainRISCVEmbeddedGCC/8.2.0-2.2-20190521-0004/bin/../lib/gcc/riscv-none-embed/8.2.0/../../../../riscv-none-embed/lib/rv32im/ilp32/libg.a(lib_a-exit.o) (__call_exitprocs)
/app/eclipse/tools/ToolchainRISCVEmbeddedGCC/8.2.0-2.2-20190521-0004/bin/../lib/gcc/riscv-none-embed/8.2.0/../../../../riscv-none-embed/lib/rv32im/ilp32/libg.a(lib_a-lock.o)
                              /app/eclipse/tools/ToolchainRISCVEmbeddedGCC/8.2.0-2.2-20190521-0004/bin/../lib/gcc/riscv-none-embed/8.2.0/../../../../riscv-none-embed/lib/rv32im/ilp32/libg.a(lib_a-__atexit.o) (__retarget_lock_acquire_recursive)

Allocating common symbols
Common symbol       size              file

__lock___atexit_recursive_mutex
                    0x1               /app/eclipse/tools/ToolchainRISCVEmbeddedGCC/8.2.0-2.2-20190521-0004/bin/../lib/gcc/riscv-none-embed/8.2.0/../../../../riscv-none-embed/lib/rv32im/ilp32/libg.a(lib_a-lock.o)
__lock___arc4random_mutex
                    0x1               /app/eclipse/tools/ToolchainRISCVEmbeddedGCC/8.2.0-2.2-20190521-0004/bin/../lib/gcc/riscv-none-embed/8.2.0/../../../../riscv-none-embed/lib/rv32im/ilp32/libg.a(lib_a-lock.o)
__lock___env_recursive_mutex
                    0x1               /app/eclipse/tools/ToolchainRISCVEmbeddedGCC/8.2.0-2.2-20190521-0004/bin/../lib/gcc/riscv-none-embed/8.2.0/../../../../riscv-none-embed/lib/rv32im/ilp32/libg.a(lib_a-lock.o)
__lock___sinit_recursive_mutex
                    0x1               /app/eclipse/tools/ToolchainRISCVEmbeddedGCC/8.2.0-2.2-20190521-0004/bin/../lib/gcc/riscv-none-embed/8.2.0/../../../../riscv-none-embed/lib/rv32im/ilp32/libg.a(lib_a-lock.o)
__lock___malloc_recursive_mutex
                    0x1               /app/eclipse/tools/ToolchainRISCVEmbeddedGCC/8.2.0-2.2-20190521-0004/bin/../lib/gcc/riscv-none-embed/8.2.0/../../../../riscv-none-embed/lib/rv32im/ilp32/libg.a(lib_a-lock.o)
__lock___at_quick_exit_mutex
                    0x1               /app/eclipse/tools/ToolchainRISCVEmbeddedGCC/8.2.0-2.2-20190521-0004/bin/../lib/gcc/riscv-none-embed/8.2.0/../../../../riscv-none-embed/lib/rv32im/ilp32/libg.a(lib_a-lock.o)
__lock___dd_hash_mutex
                    0x1               /app/eclipse/tools/ToolchainRISCVEmbeddedGCC/8.2.0-2.2-20190521-0004/bin/../lib/gcc/riscv-none-embed/8.2.0/../../../../riscv-none-embed/lib/rv32im/ilp32/libg.a(lib_a-lock.o)
__lock___tz_mutex   0x1               /app/eclipse/tools/ToolchainRISCVEmbeddedGCC/8.2.0-2.2-20190521-0004/bin/../lib/gcc/riscv-none-embed/8.2.0/../../../../riscv-none-embed/lib/rv32im/ilp32/libg.a(lib_a-lock.o)
__lock___sfp_recursive_mutex
                    0x1               /app/eclipse/tools/ToolchainRISCVEmbeddedGCC/8.2.0-2.2-20190521-0004/bin/../lib/gcc/riscv-none-embed/8.2.0/../../../../riscv-none-embed/lib/rv32im/ilp32/libg.a(lib_a-lock.o)

Discarded input sections

 .data          0x0000000000000000        0x0 /app/eclipse/tools/ToolchainRISCVEmbeddedGCC/8.2.0-2.2-20190521-0004/bin/../lib/gcc/riscv-none-embed/8.2.0/../../../../riscv-none-embed/lib/rv32im/ilp32/crt0.o
 .bss           0x0000000000000000        0x0 /app/eclipse/tools/ToolchainRISCVEmbeddedGCC/8.2.0-2.2-20190521-0004/bin/../lib/gcc/riscv-none-embed/8.2.0/../../../../riscv-none-embed/lib/rv32im/ilp32/crt0.o
 .text          0x0000000000000000        0x0 /app/eclipse/tools/ToolchainRISCVEmbeddedGCC/8.2.0-2.2-20190521-0004/bin/../lib/gcc/riscv-none-embed/8.2.0/rv32im/ilp32/crtbegin.o
 .data          0x0000000000000000        0x0 /app/eclipse/tools/ToolchainRISCVEmbeddedGCC/8.2.0-2.2-20190521-0004/bin/../lib/gcc/riscv-none-embed/8.2.0/rv32im/ilp32/crtbegin.o
 .bss           0x0000000000000000        0x0 /app/eclipse/tools/ToolchainRISCVEmbeddedGCC/8.2.0-2.2-20190521-0004/bin/../lib/gcc/riscv-none-embed/8.2.0/rv32im/ilp32/crtbegin.o
 .eh_frame      0x0000000000000000        0x0 /app/eclipse/tools/ToolchainRISCVEmbeddedGCC/8.2.0-2.2-20190521-0004/bin/../lib/gcc/riscv-none-embed/8.2.0/rv32im/ilp32/crtbegin.o
 .tm_clone_table
                0x0000000000000000        0x0 /app/eclipse/tools/ToolchainRISCVEmbeddedGCC/8.2.0-2.2-20190521-0004/bin/../lib/gcc/riscv-none-embed/8.2.0/rv32im/ilp32/crtbegin.o
 .text.deregister_tm_clones
                0x0000000000000000       0x28 /app/eclipse/tools/ToolchainRISCVEmbeddedGCC/8.2.0-2.2-20190521-0004/bin/../lib/gcc/riscv-none-embed/8.2.0/rv32im/ilp32/crtbegin.o
 .text.register_tm_clones
                0x0000000000000000       0x3c /app/eclipse/tools/ToolchainRISCVEmbeddedGCC/8.2.0-2.2-20190521-0004/bin/../lib/gcc/riscv-none-embed/8.2.0/rv32im/ilp32/crtbegin.o
 .sdata.__dso_handle
                0x0000000000000000        0x4 /app/eclipse/tools/ToolchainRISCVEmbeddedGCC/8.2.0-2.2-20190521-0004/bin/../lib/gcc/riscv-none-embed/8.2.0/rv32im/ilp32/crtbegin.o
 .text.__do_global_dtors_aux
                0x0000000000000000       0x54 /app/eclipse/tools/ToolchainRISCVEmbeddedGCC/8.2.0-2.2-20190521-0004/bin/../lib/gcc/riscv-none-embed/8.2.0/rv32im/ilp32/crtbegin.o
 .fini_array    0x0000000000000000        0x4 /app/eclipse/tools/ToolchainRISCVEmbeddedGCC/8.2.0-2.2-20190521-0004/bin/../lib/gcc/riscv-none-embed/8.2.0/rv32im/ilp32/crtbegin.o
 .text.frame_dummy
                0x0000000000000000       0x44 /app/eclipse/tools/ToolchainRISCVEmbeddedGCC/8.2.0-2.2-20190521-0004/bin/../lib/gcc/riscv-none-embed/8.2.0/rv32im/ilp32/crtbegin.o
 .init_array    0x0000000000000000        0x4 /app/eclipse/tools/ToolchainRISCVEmbeddedGCC/8.2.0-2.2-20190521-0004/bin/../lib/gcc/riscv-none-embed/8.2.0/rv32im/ilp32/crtbegin.o
 .sbss.completed.3272
                0x0000000000000000        0x1 /app/eclipse/tools/ToolchainRISCVEmbeddedGCC/8.2.0-2.2-20190521-0004/bin/../lib/gcc/riscv-none-embed/8.2.0/rv32im/ilp32/crtbegin.o
 .bss.object.3277
                0x0000000000000000       0x18 /app/eclipse/tools/ToolchainRISCVEmbeddedGCC/8.2.0-2.2-20190521-0004/bin/../lib/gcc/riscv-none-embed/8.2.0/rv32im/ilp32/crtbegin.o
 .data          0x0000000000000000        0x0 firmware.o
 .bss           0x0000000000000000        0x0 firmware.o
 .data          0x0000000000000000        0x0 syscalls.o
 .bss           0x0000000000000000        0x0 syscalls.o
 .data          0x0000000000000000        0x0 start.o
 .bss           0x0000000000000000        0x0 start.o
 .data          0x0000000000000000        0x0 utils.o
 .bss           0x0000000000000000        0x0 utils.o
 .text          0x0000000000000000        0x0 /app/eclipse/tools/ToolchainRISCVEmbeddedGCC/8.2.0-2.2-20190521-0004/bin/../lib/gcc/riscv-none-embed/8.2.0/../../../../riscv-none-embed/lib/rv32im/ilp32/libg.a(lib_a-atexit.o)
 .data          0x0000000000000000        0x0 /app/eclipse/tools/ToolchainRISCVEmbeddedGCC/8.2.0-2.2-20190521-0004/bin/../lib/gcc/riscv-none-embed/8.2.0/../../../../riscv-none-embed/lib/rv32im/ilp32/libg.a(lib_a-atexit.o)
 .bss           0x0000000000000000        0x0 /app/eclipse/tools/ToolchainRISCVEmbeddedGCC/8.2.0-2.2-20190521-0004/bin/../lib/gcc/riscv-none-embed/8.2.0/../../../../riscv-none-embed/lib/rv32im/ilp32/libg.a(lib_a-atexit.o)
 .text          0x0000000000000000        0x0 /app/eclipse/tools/ToolchainRISCVEmbeddedGCC/8.2.0-2.2-20190521-0004/bin/../lib/gcc/riscv-none-embed/8.2.0/../../../../riscv-none-embed/lib/rv32im/ilp32/libg.a(lib_a-errno.o)
 .data          0x0000000000000000        0x0 /app/eclipse/tools/ToolchainRISCVEmbeddedGCC/8.2.0-2.2-20190521-0004/bin/../lib/gcc/riscv-none-embed/8.2.0/../../../../riscv-none-embed/lib/rv32im/ilp32/libg.a(lib_a-errno.o)
 .bss           0x0000000000000000        0x0 /app/eclipse/tools/ToolchainRISCVEmbeddedGCC/8.2.0-2.2-20190521-0004/bin/../lib/gcc/riscv-none-embed/8.2.0/../../../../riscv-none-embed/lib/rv32im/ilp32/libg.a(lib_a-errno.o)
 .text          0x0000000000000000        0x0 /app/eclipse/tools/ToolchainRISCVEmbeddedGCC/8.2.0-2.2-20190521-0004/bin/../lib/gcc/riscv-none-embed/8.2.0/../../../../riscv-none-embed/lib/rv32im/ilp32/libg.a(lib_a-exit.o)
 .data          0x0000000000000000        0x0 /app/eclipse/tools/ToolchainRISCVEmbeddedGCC/8.2.0-2.2-20190521-0004/bin/../lib/gcc/riscv-none-embed/8.2.0/../../../../riscv-none-embed/lib/rv32im/ilp32/libg.a(lib_a-exit.o)
 .bss           0x0000000000000000        0x0 /app/eclipse/tools/ToolchainRISCVEmbeddedGCC/8.2.0-2.2-20190521-0004/bin/../lib/gcc/riscv-none-embed/8.2.0/../../../../riscv-none-embed/lib/rv32im/ilp32/libg.a(lib_a-exit.o)
 .text          0x0000000000000000        0x0 /app/eclipse/tools/ToolchainRISCVEmbeddedGCC/8.2.0-2.2-20190521-0004/bin/../lib/gcc/riscv-none-embed/8.2.0/../../../../riscv-none-embed/lib/rv32im/ilp32/libg.a(lib_a-fini.o)
 .data          0x0000000000000000        0x0 /app/eclipse/tools/ToolchainRISCVEmbeddedGCC/8.2.0-2.2-20190521-0004/bin/../lib/gcc/riscv-none-embed/8.2.0/../../../../riscv-none-embed/lib/rv32im/ilp32/libg.a(lib_a-fini.o)
 .bss           0x0000000000000000        0x0 /app/eclipse/tools/ToolchainRISCVEmbeddedGCC/8.2.0-2.2-20190521-0004/bin/../lib/gcc/riscv-none-embed/8.2.0/../../../../riscv-none-embed/lib/rv32im/ilp32/libg.a(lib_a-fini.o)
 .text          0x0000000000000000        0x0 /app/eclipse/tools/ToolchainRISCVEmbeddedGCC/8.2.0-2.2-20190521-0004/bin/../lib/gcc/riscv-none-embed/8.2.0/../../../../riscv-none-embed/lib/rv32im/ilp32/libg.a(lib_a-impure.o)
 .data          0x0000000000000000        0x0 /app/eclipse/tools/ToolchainRISCVEmbeddedGCC/8.2.0-2.2-20190521-0004/bin/../lib/gcc/riscv-none-embed/8.2.0/../../../../riscv-none-embed/lib/rv32im/ilp32/libg.a(lib_a-impure.o)
 .bss           0x0000000000000000        0x0 /app/eclipse/tools/ToolchainRISCVEmbeddedGCC/8.2.0-2.2-20190521-0004/bin/../lib/gcc/riscv-none-embed/8.2.0/../../../../riscv-none-embed/lib/rv32im/ilp32/libg.a(lib_a-impure.o)
 .text          0x0000000000000000        0x0 /app/eclipse/tools/ToolchainRISCVEmbeddedGCC/8.2.0-2.2-20190521-0004/bin/../lib/gcc/riscv-none-embed/8.2.0/../../../../riscv-none-embed/lib/rv32im/ilp32/libg.a(lib_a-init.o)
 .data          0x0000000000000000        0x0 /app/eclipse/tools/ToolchainRISCVEmbeddedGCC/8.2.0-2.2-20190521-0004/bin/../lib/gcc/riscv-none-embed/8.2.0/../../../../riscv-none-embed/lib/rv32im/ilp32/libg.a(lib_a-init.o)
 .bss           0x0000000000000000        0x0 /app/eclipse/tools/ToolchainRISCVEmbeddedGCC/8.2.0-2.2-20190521-0004/bin/../lib/gcc/riscv-none-embed/8.2.0/../../../../riscv-none-embed/lib/rv32im/ilp32/libg.a(lib_a-init.o)
 .text          0x0000000000000000        0x0 /app/eclipse/tools/ToolchainRISCVEmbeddedGCC/8.2.0-2.2-20190521-0004/bin/../lib/gcc/riscv-none-embed/8.2.0/../../../../riscv-none-embed/lib/rv32im/ilp32/libg.a(lib_a-memcpy.o)
 .data          0x0000000000000000        0x0 /app/eclipse/tools/ToolchainRISCVEmbeddedGCC/8.2.0-2.2-20190521-0004/bin/../lib/gcc/riscv-none-embed/8.2.0/../../../../riscv-none-embed/lib/rv32im/ilp32/libg.a(lib_a-memcpy.o)
 .bss           0x0000000000000000        0x0 /app/eclipse/tools/ToolchainRISCVEmbeddedGCC/8.2.0-2.2-20190521-0004/bin/../lib/gcc/riscv-none-embed/8.2.0/../../../../riscv-none-embed/lib/rv32im/ilp32/libg.a(lib_a-memcpy.o)
 .data          0x0000000000000000        0x0 /app/eclipse/tools/ToolchainRISCVEmbeddedGCC/8.2.0-2.2-20190521-0004/bin/../lib/gcc/riscv-none-embed/8.2.0/../../../../riscv-none-embed/lib/rv32im/ilp32/libg.a(lib_a-memset.o)
 .bss           0x0000000000000000        0x0 /app/eclipse/tools/ToolchainRISCVEmbeddedGCC/8.2.0-2.2-20190521-0004/bin/../lib/gcc/riscv-none-embed/8.2.0/../../../../riscv-none-embed/lib/rv32im/ilp32/libg.a(lib_a-memset.o)
 .text          0x0000000000000000        0x0 /app/eclipse/tools/ToolchainRISCVEmbeddedGCC/8.2.0-2.2-20190521-0004/bin/../lib/gcc/riscv-none-embed/8.2.0/../../../../riscv-none-embed/lib/rv32im/ilp32/libg.a(lib_a-__atexit.o)
 .data          0x0000000000000000        0x0 /app/eclipse/tools/ToolchainRISCVEmbeddedGCC/8.2.0-2.2-20190521-0004/bin/../lib/gcc/riscv-none-embed/8.2.0/../../../../riscv-none-embed/lib/rv32im/ilp32/libg.a(lib_a-__atexit.o)
 .bss           0x0000000000000000        0x0 /app/eclipse/tools/ToolchainRISCVEmbeddedGCC/8.2.0-2.2-20190521-0004/bin/../lib/gcc/riscv-none-embed/8.2.0/../../../../riscv-none-embed/lib/rv32im/ilp32/libg.a(lib_a-__atexit.o)
 .text          0x0000000000000000        0x0 /app/eclipse/tools/ToolchainRISCVEmbeddedGCC/8.2.0-2.2-20190521-0004/bin/../lib/gcc/riscv-none-embed/8.2.0/../../../../riscv-none-embed/lib/rv32im/ilp32/libg.a(lib_a-__call_atexit.o)
 .data          0x0000000000000000        0x0 /app/eclipse/tools/ToolchainRISCVEmbeddedGCC/8.2.0-2.2-20190521-0004/bin/../lib/gcc/riscv-none-embed/8.2.0/../../../../riscv-none-embed/lib/rv32im/ilp32/libg.a(lib_a-__call_atexit.o)
 .bss           0x0000000000000000        0x0 /app/eclipse/tools/ToolchainRISCVEmbeddedGCC/8.2.0-2.2-20190521-0004/bin/../lib/gcc/riscv-none-embed/8.2.0/../../../../riscv-none-embed/lib/rv32im/ilp32/libg.a(lib_a-__call_atexit.o)
 .text.startup.register_fini
                0x0000000000000000       0x20 /app/eclipse/tools/ToolchainRISCVEmbeddedGCC/8.2.0-2.2-20190521-0004/bin/../lib/gcc/riscv-none-embed/8.2.0/../../../../riscv-none-embed/lib/rv32im/ilp32/libg.a(lib_a-__call_atexit.o)
 .init_array.00000
                0x0000000000000000        0x4 /app/eclipse/tools/ToolchainRISCVEmbeddedGCC/8.2.0-2.2-20190521-0004/bin/../lib/gcc/riscv-none-embed/8.2.0/../../../../riscv-none-embed/lib/rv32im/ilp32/libg.a(lib_a-__call_atexit.o)
 .text          0x0000000000000000        0x0 /app/eclipse/tools/ToolchainRISCVEmbeddedGCC/8.2.0-2.2-20190521-0004/bin/../lib/gcc/riscv-none-embed/8.2.0/../../../../riscv-none-embed/lib/rv32im/ilp32/libg.a(lib_a-lock.o)
 .data          0x0000000000000000        0x0 /app/eclipse/tools/ToolchainRISCVEmbeddedGCC/8.2.0-2.2-20190521-0004/bin/../lib/gcc/riscv-none-embed/8.2.0/../../../../riscv-none-embed/lib/rv32im/ilp32/libg.a(lib_a-lock.o)
 .bss           0x0000000000000000        0x0 /app/eclipse/tools/ToolchainRISCVEmbeddedGCC/8.2.0-2.2-20190521-0004/bin/../lib/gcc/riscv-none-embed/8.2.0/../../../../riscv-none-embed/lib/rv32im/ilp32/libg.a(lib_a-lock.o)
 .text.__retarget_lock_init
                0x0000000000000000        0x4 /app/eclipse/tools/ToolchainRISCVEmbeddedGCC/8.2.0-2.2-20190521-0004/bin/../lib/gcc/riscv-none-embed/8.2.0/../../../../riscv-none-embed/lib/rv32im/ilp32/libg.a(lib_a-lock.o)
 .text.__retarget_lock_init_recursive
                0x0000000000000000        0x4 /app/eclipse/tools/ToolchainRISCVEmbeddedGCC/8.2.0-2.2-20190521-0004/bin/../lib/gcc/riscv-none-embed/8.2.0/../../../../riscv-none-embed/lib/rv32im/ilp32/libg.a(lib_a-lock.o)
 .text.__retarget_lock_close
                0x0000000000000000        0x4 /app/eclipse/tools/ToolchainRISCVEmbeddedGCC/8.2.0-2.2-20190521-0004/bin/../lib/gcc/riscv-none-embed/8.2.0/../../../../riscv-none-embed/lib/rv32im/ilp32/libg.a(lib_a-lock.o)
 .text.__retarget_lock_close_recursive
                0x0000000000000000        0x4 /app/eclipse/tools/ToolchainRISCVEmbeddedGCC/8.2.0-2.2-20190521-0004/bin/../lib/gcc/riscv-none-embed/8.2.0/../../../../riscv-none-embed/lib/rv32im/ilp32/libg.a(lib_a-lock.o)
 .text.__retarget_lock_acquire
                0x0000000000000000        0x4 /app/eclipse/tools/ToolchainRISCVEmbeddedGCC/8.2.0-2.2-20190521-0004/bin/../lib/gcc/riscv-none-embed/8.2.0/../../../../riscv-none-embed/lib/rv32im/ilp32/libg.a(lib_a-lock.o)
 .text.__retarget_lock_try_acquire
                0x0000000000000000        0x8 /app/eclipse/tools/ToolchainRISCVEmbeddedGCC/8.2.0-2.2-20190521-0004/bin/../lib/gcc/riscv-none-embed/8.2.0/../../../../riscv-none-embed/lib/rv32im/ilp32/libg.a(lib_a-lock.o)
 .text.__retarget_lock_try_acquire_recursive
                0x0000000000000000        0x8 /app/eclipse/tools/ToolchainRISCVEmbeddedGCC/8.2.0-2.2-20190521-0004/bin/../lib/gcc/riscv-none-embed/8.2.0/../../../../riscv-none-embed/lib/rv32im/ilp32/libg.a(lib_a-lock.o)
 .text.__retarget_lock_release
                0x0000000000000000        0x4 /app/eclipse/tools/ToolchainRISCVEmbeddedGCC/8.2.0-2.2-20190521-0004/bin/../lib/gcc/riscv-none-embed/8.2.0/../../../../riscv-none-embed/lib/rv32im/ilp32/libg.a(lib_a-lock.o)
 .text          0x0000000000000000        0x0 /app/eclipse/tools/ToolchainRISCVEmbeddedGCC/8.2.0-2.2-20190521-0004/bin/../lib/gcc/riscv-none-embed/8.2.0/rv32im/ilp32/crtend.o
 .data          0x0000000000000000        0x0 /app/eclipse/tools/ToolchainRISCVEmbeddedGCC/8.2.0-2.2-20190521-0004/bin/../lib/gcc/riscv-none-embed/8.2.0/rv32im/ilp32/crtend.o
 .bss           0x0000000000000000        0x0 /app/eclipse/tools/ToolchainRISCVEmbeddedGCC/8.2.0-2.2-20190521-0004/bin/../lib/gcc/riscv-none-embed/8.2.0/rv32im/ilp32/crtend.o
 .eh_frame      0x0000000000000000        0x4 /app/eclipse/tools/ToolchainRISCVEmbeddedGCC/8.2.0-2.2-20190521-0004/bin/../lib/gcc/riscv-none-embed/8.2.0/rv32im/ilp32/crtend.o
 .tm_clone_table
                0x0000000000000000        0x0 /app/eclipse/tools/ToolchainRISCVEmbeddedGCC/8.2.0-2.2-20190521-0004/bin/../lib/gcc/riscv-none-embed/8.2.0/rv32im/ilp32/crtend.o

Memory Configuration

Name             Origin             Length             Attributes
rom              0x0000000000000000 0x000000000000fc00 xrw
ram              0x0000000002000000 0x0000000000000800 xrw
*default*        0x0000000000000000 0xffffffffffffffff

Linker script and memory map

LOAD /app/eclipse/tools/ToolchainRISCVEmbeddedGCC/8.2.0-2.2-20190521-0004/bin/../lib/gcc/riscv-none-embed/8.2.0/../../../../riscv-none-embed/lib/rv32im/ilp32/crt0.o
LOAD /app/eclipse/tools/ToolchainRISCVEmbeddedGCC/8.2.0-2.2-20190521-0004/bin/../lib/gcc/riscv-none-embed/8.2.0/rv32im/ilp32/crtbegin.o
LOAD firmware.o
LOAD syscalls.o
LOAD start.o
LOAD utils.o
LOAD /app/eclipse/tools/ToolchainRISCVEmbeddedGCC/8.2.0-2.2-20190521-0004/bin/../lib/gcc/riscv-none-embed/8.2.0/rv32im/ilp32/libgcc.a
START GROUP
LOAD /app/eclipse/tools/ToolchainRISCVEmbeddedGCC/8.2.0-2.2-20190521-0004/bin/../lib/gcc/riscv-none-embed/8.2.0/rv32im/ilp32/libgcc.a
LOAD /app/eclipse/tools/ToolchainRISCVEmbeddedGCC/8.2.0-2.2-20190521-0004/bin/../lib/gcc/riscv-none-embed/8.2.0/../../../../riscv-none-embed/lib/rv32im/ilp32/libg.a
LOAD /app/eclipse/tools/ToolchainRISCVEmbeddedGCC/8.2.0-2.2-20190521-0004/bin/../lib/gcc/riscv-none-embed/8.2.0/../../../../riscv-none-embed/lib/rv32im/ilp32/libc.a
END GROUP
LOAD /app/eclipse/tools/ToolchainRISCVEmbeddedGCC/8.2.0-2.2-20190521-0004/bin/../lib/gcc/riscv-none-embed/8.2.0/rv32im/ilp32/libgcc.a
LOAD /app/eclipse/tools/ToolchainRISCVEmbeddedGCC/8.2.0-2.2-20190521-0004/bin/../lib/gcc/riscv-none-embed/8.2.0/rv32im/ilp32/crtend.o

.rom            0x0000000000000000      0x340
 _pvstart*(.text)
 start*(.text)
 .text          0x0000000000000000       0x2c start.o
                0x0000000000000000                _pvstart
                0x0000000000000100                . = 0x100
 *fill*         0x000000000000002c       0xd4 
                0x0000000000000100                . = ALIGN (0x4)
 *(.text)
 .text          0x0000000000000100       0x44 /app/eclipse/tools/ToolchainRISCVEmbeddedGCC/8.2.0-2.2-20190521-0004/bin/../lib/gcc/riscv-none-embed/8.2.0/../../../../riscv-none-embed/lib/rv32im/ilp32/crt0.o
                0x0000000000000100                _start
                0x0000000000000140                _init
                0x0000000000000140                _fini
 .text          0x0000000000000144       0x38 firmware.o
                0x0000000000000144                main
 .text          0x000000000000017c       0xd8 syscalls.o
                0x000000000000017c                _getpid
                0x000000000000017c                _utime
                0x000000000000017c                _sysconf
                0x000000000000017c                _ftime
                0x000000000000017c                _isatty
                0x000000000000017c                _open
                0x000000000000017c                _times
                0x000000000000017c                _stat
                0x000000000000017c                _chdir
                0x000000000000017c                _wait
                0x000000000000017c                _lseek
                0x000000000000017c                _fstatat
                0x000000000000017c                _link
                0x000000000000017c                _chown
                0x000000000000017c                _access
                0x000000000000017c                _openat
                0x000000000000017c                _execve
                0x000000000000017c                _chmod
                0x000000000000017c                _lstat
                0x000000000000017c                _unlink
                0x000000000000017c                _fork
                0x000000000000017c                _getcwd
                0x000000000000017c                _kill
                0x000000000000017c                _gettimeofday
                0x000000000000017c                _faccessat
                0x0000000000000180                unimplemented_syscall
                0x00000000000001a4                _read
                0x00000000000001ac                _write
                0x00000000000001d0                _close
                0x00000000000001d8                _fstat
                0x00000000000001fc                _sbrk
                0x0000000000000220                _exit
                0x0000000000000224                init_data_section
 .text          0x0000000000000254       0x10 utils.o
                0x0000000000000254                delay_
 .text          0x0000000000000264       0xdc /app/eclipse/tools/ToolchainRISCVEmbeddedGCC/8.2.0-2.2-20190521-0004/bin/../lib/gcc/riscv-none-embed/8.2.0/../../../../riscv-none-embed/lib/rv32im/ilp32/libg.a(lib_a-memset.o)
                0x0000000000000264                memset

.text.atexit    0x0000000000000340       0x14
 .text.atexit   0x0000000000000340       0x14 /app/eclipse/tools/ToolchainRISCVEmbeddedGCC/8.2.0-2.2-20190521-0004/bin/../lib/gcc/riscv-none-embed/8.2.0/../../../../riscv-none-embed/lib/rv32im/ilp32/libg.a(lib_a-atexit.o)
                0x0000000000000340                atexit

.text.__errno   0x0000000000000354        0xc
 .text.__errno  0x0000000000000354        0xc /app/eclipse/tools/ToolchainRISCVEmbeddedGCC/8.2.0-2.2-20190521-0004/bin/../lib/gcc/riscv-none-embed/8.2.0/../../../../riscv-none-embed/lib/rv32im/ilp32/libg.a(lib_a-errno.o)
                0x0000000000000354                __errno

.text.exit      0x0000000000000360       0x34
 .text.exit     0x0000000000000360       0x34 /app/eclipse/tools/ToolchainRISCVEmbeddedGCC/8.2.0-2.2-20190521-0004/bin/../lib/gcc/riscv-none-embed/8.2.0/../../../../riscv-none-embed/lib/rv32im/ilp32/libg.a(lib_a-exit.o)
                0x0000000000000360                exit

.text.__libc_fini_array
                0x0000000000000394       0x60
 .text.__libc_fini_array
                0x0000000000000394       0x60 /app/eclipse/tools/ToolchainRISCVEmbeddedGCC/8.2.0-2.2-20190521-0004/bin/../lib/gcc/riscv-none-embed/8.2.0/../../../../riscv-none-embed/lib/rv32im/ilp32/libg.a(lib_a-fini.o)
                0x0000000000000394                __libc_fini_array

.text.__libc_init_array
                0x00000000000003f4       0x98
 .text.__libc_init_array
                0x00000000000003f4       0x98 /app/eclipse/tools/ToolchainRISCVEmbeddedGCC/8.2.0-2.2-20190521-0004/bin/../lib/gcc/riscv-none-embed/8.2.0/../../../../riscv-none-embed/lib/rv32im/ilp32/libg.a(lib_a-init.o)
                0x00000000000003f4                __libc_init_array

.text.memcpy    0x000000000000048c      0x11c
 .text.memcpy   0x000000000000048c      0x11c /app/eclipse/tools/ToolchainRISCVEmbeddedGCC/8.2.0-2.2-20190521-0004/bin/../lib/gcc/riscv-none-embed/8.2.0/../../../../riscv-none-embed/lib/rv32im/ilp32/libg.a(lib_a-memcpy.o)
                0x000000000000048c                memcpy

.text.__register_exitproc
                0x00000000000005a8       0xe8
 .text.__register_exitproc
                0x00000000000005a8       0xe8 /app/eclipse/tools/ToolchainRISCVEmbeddedGCC/8.2.0-2.2-20190521-0004/bin/../lib/gcc/riscv-none-embed/8.2.0/../../../../riscv-none-embed/lib/rv32im/ilp32/libg.a(lib_a-__atexit.o)
                0x00000000000005a8                __register_exitproc

.text.__call_exitprocs
                0x0000000000000690      0x134
 .text.__call_exitprocs
                0x0000000000000690      0x134 /app/eclipse/tools/ToolchainRISCVEmbeddedGCC/8.2.0-2.2-20190521-0004/bin/../lib/gcc/riscv-none-embed/8.2.0/../../../../riscv-none-embed/lib/rv32im/ilp32/libg.a(lib_a-__call_atexit.o)
                0x0000000000000690                __call_exitprocs

.text.__retarget_lock_acquire_recursive
                0x00000000000007c4        0x4
 .text.__retarget_lock_acquire_recursive
                0x00000000000007c4        0x4 /app/eclipse/tools/ToolchainRISCVEmbeddedGCC/8.2.0-2.2-20190521-0004/bin/../lib/gcc/riscv-none-embed/8.2.0/../../../../riscv-none-embed/lib/rv32im/ilp32/libg.a(lib_a-lock.o)
                0x00000000000007c4                __retarget_lock_acquire_recursive

.text.__retarget_lock_release_recursive
                0x00000000000007c8        0x4
 .text.__retarget_lock_release_recursive
                0x00000000000007c8        0x4 /app/eclipse/tools/ToolchainRISCVEmbeddedGCC/8.2.0-2.2-20190521-0004/bin/../lib/gcc/riscv-none-embed/8.2.0/../../../../riscv-none-embed/lib/rv32im/ilp32/libg.a(lib_a-lock.o)
                0x00000000000007c8                __retarget_lock_release_recursive

.rodata.str1.4  0x00000000000007cc       0x24
 .rodata.str1.4
                0x00000000000007cc       0x24 syscalls.o
                                         0x23 (size before relaxing)

.sdata2._global_impure_ptr
                0x00000000000007f0        0x4
 .sdata2._global_impure_ptr
                0x00000000000007f0        0x4 /app/eclipse/tools/ToolchainRISCVEmbeddedGCC/8.2.0-2.2-20190521-0004/bin/../lib/gcc/riscv-none-embed/8.2.0/../../../../riscv-none-embed/lib/rv32im/ilp32/libg.a(lib_a-impure.o)
                0x00000000000007f0                _global_impure_ptr

.rela.dyn       0x00000000000007f4        0x0
 .rela.text     0x00000000000007f4        0x0 /app/eclipse/tools/ToolchainRISCVEmbeddedGCC/8.2.0-2.2-20190521-0004/bin/../lib/gcc/riscv-none-embed/8.2.0/../../../../riscv-none-embed/lib/rv32im/ilp32/crt0.o
 .rela.text.__libc_fini_array
                0x00000000000007f4        0x0 /app/eclipse/tools/ToolchainRISCVEmbeddedGCC/8.2.0-2.2-20190521-0004/bin/../lib/gcc/riscv-none-embed/8.2.0/../../../../riscv-none-embed/lib/rv32im/ilp32/crt0.o
 .rela.text.__libc_init_array
                0x00000000000007f4        0x0 /app/eclipse/tools/ToolchainRISCVEmbeddedGCC/8.2.0-2.2-20190521-0004/bin/../lib/gcc/riscv-none-embed/8.2.0/../../../../riscv-none-embed/lib/rv32im/ilp32/crt0.o
 .rela.sdata.__atexit_recursive_mutex
                0x00000000000007f4        0x0 /app/eclipse/tools/ToolchainRISCVEmbeddedGCC/8.2.0-2.2-20190521-0004/bin/../lib/gcc/riscv-none-embed/8.2.0/../../../../riscv-none-embed/lib/rv32im/ilp32/crt0.o

.data           0x0000000002000000      0x430 load address 0x00000000000007f4
                0x00000000000007f4                _data_lma = LOADADDR (.data)
                0x0000000002000000                _data = .
                0x0000000002000000                __global_pointer$ = .
 *(.data .data.*)
 .data.impure_data
                0x0000000002000000      0x428 /app/eclipse/tools/ToolchainRISCVEmbeddedGCC/8.2.0-2.2-20190521-0004/bin/../lib/gcc/riscv-none-embed/8.2.0/../../../../riscv-none-embed/lib/rv32im/ilp32/libg.a(lib_a-impure.o)
 *(.sdata .sdata.*)
 .sdata._impure_ptr
                0x0000000002000428        0x4 /app/eclipse/tools/ToolchainRISCVEmbeddedGCC/8.2.0-2.2-20190521-0004/bin/../lib/gcc/riscv-none-embed/8.2.0/../../../../riscv-none-embed/lib/rv32im/ilp32/libg.a(lib_a-impure.o)
                0x0000000002000428                _impure_ptr
 .sdata.__atexit_recursive_mutex
                0x000000000200042c        0x4 /app/eclipse/tools/ToolchainRISCVEmbeddedGCC/8.2.0-2.2-20190521-0004/bin/../lib/gcc/riscv-none-embed/8.2.0/../../../../riscv-none-embed/lib/rv32im/ilp32/libg.a(lib_a-__call_atexit.o)
                0x000000000200042c                __atexit_recursive_mutex
                0x0000000002000430                . = ALIGN (0x4)
                0x0000000002000430                _edata = .

.bss            0x0000000002000430       0x21 load address 0x0000000000000c24
                0x0000000002000430                _bss_start = .
 *(.bss .bss.*)
                0x0000000002000430                . = ALIGN (0x4)
                0x0000000002000430                _bss_end = .
                0x0000000002000430                _end = .
 COMMON         0x0000000002000430       0x21 /app/eclipse/tools/ToolchainRISCVEmbeddedGCC/8.2.0-2.2-20190521-0004/bin/../lib/gcc/riscv-none-embed/8.2.0/../../../../riscv-none-embed/lib/rv32im/ilp32/libg.a(lib_a-lock.o)
                0x0000000002000430                __lock___atexit_recursive_mutex
                0x0000000002000434                __lock___arc4random_mutex
                0x0000000002000438                __lock___env_recursive_mutex
                0x000000000200043c                __lock___sinit_recursive_mutex
                0x0000000002000440                __lock___malloc_recursive_mutex
                0x0000000002000444                __lock___at_quick_exit_mutex
                0x0000000002000448                __lock___dd_hash_mutex
                0x000000000200044c                __lock___tz_mutex
                0x0000000002000450                __lock___sfp_recursive_mutex
OUTPUT(firmware.elf elf32-littleriscv)

.sbss           0x0000000002000454        0x4 load address 0x0000000000000c24
 .sbss          0x0000000002000454        0x4 syscalls.o

.comment        0x0000000000000000       0x39
 .comment       0x0000000000000000       0x39 firmware.o
                                         0x3a (size before relaxing)
 .comment       0x0000000000000039       0x3a syscalls.o
 .comment       0x0000000000000039       0x3a utils.o

.debug_frame    0x0000000000000000      0x25c
 .debug_frame   0x0000000000000000       0x20 /app/eclipse/tools/ToolchainRISCVEmbeddedGCC/8.2.0-2.2-20190521-0004/bin/../lib/gcc/riscv-none-embed/8.2.0/../../../../riscv-none-embed/lib/rv32im/ilp32/libg.a(lib_a-atexit.o)
 .debug_frame   0x0000000000000020       0x20 /app/eclipse/tools/ToolchainRISCVEmbeddedGCC/8.2.0-2.2-20190521-0004/bin/../lib/gcc/riscv-none-embed/8.2.0/../../../../riscv-none-embed/lib/rv32im/ilp32/libg.a(lib_a-errno.o)
 .debug_frame   0x0000000000000040       0x28 /app/eclipse/tools/ToolchainRISCVEmbeddedGCC/8.2.0-2.2-20190521-0004/bin/../lib/gcc/riscv-none-embed/8.2.0/../../../../riscv-none-embed/lib/rv32im/ilp32/libg.a(lib_a-exit.o)
 .debug_frame   0x0000000000000068       0x34 /app/eclipse/tools/ToolchainRISCVEmbeddedGCC/8.2.0-2.2-20190521-0004/bin/../lib/gcc/riscv-none-embed/8.2.0/../../../../riscv-none-embed/lib/rv32im/ilp32/libg.a(lib_a-fini.o)
 .debug_frame   0x000000000000009c       0x3c /app/eclipse/tools/ToolchainRISCVEmbeddedGCC/8.2.0-2.2-20190521-0004/bin/../lib/gcc/riscv-none-embed/8.2.0/../../../../riscv-none-embed/lib/rv32im/ilp32/libg.a(lib_a-init.o)
 .debug_frame   0x00000000000000d8       0x20 /app/eclipse/tools/ToolchainRISCVEmbeddedGCC/8.2.0-2.2-20190521-0004/bin/../lib/gcc/riscv-none-embed/8.2.0/../../../../riscv-none-embed/lib/rv32im/ilp32/libg.a(lib_a-memcpy.o)
 .debug_frame   0x00000000000000f8       0x48 /app/eclipse/tools/ToolchainRISCVEmbeddedGCC/8.2.0-2.2-20190521-0004/bin/../lib/gcc/riscv-none-embed/8.2.0/../../../../riscv-none-embed/lib/rv32im/ilp32/libg.a(lib_a-__atexit.o)
 .debug_frame   0x0000000000000140       0x6c /app/eclipse/tools/ToolchainRISCVEmbeddedGCC/8.2.0-2.2-20190521-0004/bin/../lib/gcc/riscv-none-embed/8.2.0/../../../../riscv-none-embed/lib/rv32im/ilp32/libg.a(lib_a-__call_atexit.o)
 .debug_frame   0x00000000000001ac       0xb0 /app/eclipse/tools/ToolchainRISCVEmbeddedGCC/8.2.0-2.2-20190521-0004/bin/../lib/gcc/riscv-none-embed/8.2.0/../../../../riscv-none-embed/lib/rv32im/ilp32/libg.a(lib_a-lock.o)
