Archive member included to satisfy reference by file (symbol)

/home/xtarke/Data/Apps/riscv/riscv32i/lib/gcc/riscv32-unknown-elf/8.2.0/../../../../riscv32-unknown-elf/lib/libc.a(lib_a-atexit.o)
                              /home/xtarke/Data/Apps/riscv/riscv32i/lib/gcc/riscv32-unknown-elf/8.2.0/../../../../riscv32-unknown-elf/lib/crt0.o (atexit)
/home/xtarke/Data/Apps/riscv/riscv32i/lib/gcc/riscv32-unknown-elf/8.2.0/../../../../riscv32-unknown-elf/lib/libc.a(lib_a-errno.o)
                              syscalls.o (__errno)
/home/xtarke/Data/Apps/riscv/riscv32i/lib/gcc/riscv32-unknown-elf/8.2.0/../../../../riscv32-unknown-elf/lib/libc.a(lib_a-exit.o)
                              /home/xtarke/Data/Apps/riscv/riscv32i/lib/gcc/riscv32-unknown-elf/8.2.0/../../../../riscv32-unknown-elf/lib/crt0.o (exit)
/home/xtarke/Data/Apps/riscv/riscv32i/lib/gcc/riscv32-unknown-elf/8.2.0/../../../../riscv32-unknown-elf/lib/libc.a(lib_a-fini.o)
                              /home/xtarke/Data/Apps/riscv/riscv32i/lib/gcc/riscv32-unknown-elf/8.2.0/../../../../riscv32-unknown-elf/lib/crt0.o (__libc_fini_array)
/home/xtarke/Data/Apps/riscv/riscv32i/lib/gcc/riscv32-unknown-elf/8.2.0/../../../../riscv32-unknown-elf/lib/libc.a(lib_a-impure.o)
                              /home/xtarke/Data/Apps/riscv/riscv32i/lib/gcc/riscv32-unknown-elf/8.2.0/../../../../riscv32-unknown-elf/lib/libc.a(lib_a-exit.o) (_global_impure_ptr)
/home/xtarke/Data/Apps/riscv/riscv32i/lib/gcc/riscv32-unknown-elf/8.2.0/../../../../riscv32-unknown-elf/lib/libc.a(lib_a-init.o)
                              /home/xtarke/Data/Apps/riscv/riscv32i/lib/gcc/riscv32-unknown-elf/8.2.0/../../../../riscv32-unknown-elf/lib/crt0.o (__libc_init_array)
/home/xtarke/Data/Apps/riscv/riscv32i/lib/gcc/riscv32-unknown-elf/8.2.0/../../../../riscv32-unknown-elf/lib/libc.a(lib_a-memcpy.o)
                              syscalls.o (memcpy)
/home/xtarke/Data/Apps/riscv/riscv32i/lib/gcc/riscv32-unknown-elf/8.2.0/../../../../riscv32-unknown-elf/lib/libc.a(lib_a-memset.o)
                              /home/xtarke/Data/Apps/riscv/riscv32i/lib/gcc/riscv32-unknown-elf/8.2.0/../../../../riscv32-unknown-elf/lib/crt0.o (memset)
/home/xtarke/Data/Apps/riscv/riscv32i/lib/gcc/riscv32-unknown-elf/8.2.0/../../../../riscv32-unknown-elf/lib/libc.a(lib_a-__atexit.o)
                              /home/xtarke/Data/Apps/riscv/riscv32i/lib/gcc/riscv32-unknown-elf/8.2.0/../../../../riscv32-unknown-elf/lib/libc.a(lib_a-atexit.o) (__register_exitproc)
/home/xtarke/Data/Apps/riscv/riscv32i/lib/gcc/riscv32-unknown-elf/8.2.0/../../../../riscv32-unknown-elf/lib/libc.a(lib_a-__call_atexit.o)
                              /home/xtarke/Data/Apps/riscv/riscv32i/lib/gcc/riscv32-unknown-elf/8.2.0/../../../../riscv32-unknown-elf/lib/libc.a(lib_a-exit.o) (__call_exitprocs)

Discarded input sections

 .data          0x0000000000000000        0x0 /home/xtarke/Data/Apps/riscv/riscv32i/lib/gcc/riscv32-unknown-elf/8.2.0/../../../../riscv32-unknown-elf/lib/crt0.o
 .bss           0x0000000000000000        0x0 /home/xtarke/Data/Apps/riscv/riscv32i/lib/gcc/riscv32-unknown-elf/8.2.0/../../../../riscv32-unknown-elf/lib/crt0.o
 .text          0x0000000000000000      0x104 /home/xtarke/Data/Apps/riscv/riscv32i/lib/gcc/riscv32-unknown-elf/8.2.0/crtbegin.o
 .data          0x0000000000000000        0x0 /home/xtarke/Data/Apps/riscv/riscv32i/lib/gcc/riscv32-unknown-elf/8.2.0/crtbegin.o
 .bss           0x0000000000000000       0x1c /home/xtarke/Data/Apps/riscv/riscv32i/lib/gcc/riscv32-unknown-elf/8.2.0/crtbegin.o
 .eh_frame      0x0000000000000000        0x0 /home/xtarke/Data/Apps/riscv/riscv32i/lib/gcc/riscv32-unknown-elf/8.2.0/crtbegin.o
 .tm_clone_table
                0x0000000000000000        0x0 /home/xtarke/Data/Apps/riscv/riscv32i/lib/gcc/riscv32-unknown-elf/8.2.0/crtbegin.o
 .sdata         0x0000000000000000        0x4 /home/xtarke/Data/Apps/riscv/riscv32i/lib/gcc/riscv32-unknown-elf/8.2.0/crtbegin.o
 .fini_array    0x0000000000000000        0x4 /home/xtarke/Data/Apps/riscv/riscv32i/lib/gcc/riscv32-unknown-elf/8.2.0/crtbegin.o
 .init_array    0x0000000000000000        0x4 /home/xtarke/Data/Apps/riscv/riscv32i/lib/gcc/riscv32-unknown-elf/8.2.0/crtbegin.o
 .comment       0x0000000000000000       0x12 /home/xtarke/Data/Apps/riscv/riscv32i/lib/gcc/riscv32-unknown-elf/8.2.0/crtbegin.o
 .data          0x0000000000000000        0x0 firmware.o
 .bss           0x0000000000000000        0x0 firmware.o
 .data          0x0000000000000000        0x0 syscalls.o
 .data          0x0000000000000000        0x0 start.o
 .bss           0x0000000000000000        0x0 start.o
 .data          0x0000000000000000        0x0 /home/xtarke/Data/Apps/riscv/riscv32i/lib/gcc/riscv32-unknown-elf/8.2.0/../../../../riscv32-unknown-elf/lib/libc.a(lib_a-atexit.o)
 .bss           0x0000000000000000        0x0 /home/xtarke/Data/Apps/riscv/riscv32i/lib/gcc/riscv32-unknown-elf/8.2.0/../../../../riscv32-unknown-elf/lib/libc.a(lib_a-atexit.o)
 .data          0x0000000000000000        0x0 /home/xtarke/Data/Apps/riscv/riscv32i/lib/gcc/riscv32-unknown-elf/8.2.0/../../../../riscv32-unknown-elf/lib/libc.a(lib_a-errno.o)
 .bss           0x0000000000000000        0x0 /home/xtarke/Data/Apps/riscv/riscv32i/lib/gcc/riscv32-unknown-elf/8.2.0/../../../../riscv32-unknown-elf/lib/libc.a(lib_a-errno.o)
 .data          0x0000000000000000        0x0 /home/xtarke/Data/Apps/riscv/riscv32i/lib/gcc/riscv32-unknown-elf/8.2.0/../../../../riscv32-unknown-elf/lib/libc.a(lib_a-exit.o)
 .bss           0x0000000000000000        0x0 /home/xtarke/Data/Apps/riscv/riscv32i/lib/gcc/riscv32-unknown-elf/8.2.0/../../../../riscv32-unknown-elf/lib/libc.a(lib_a-exit.o)
 .data          0x0000000000000000        0x0 /home/xtarke/Data/Apps/riscv/riscv32i/lib/gcc/riscv32-unknown-elf/8.2.0/../../../../riscv32-unknown-elf/lib/libc.a(lib_a-fini.o)
 .bss           0x0000000000000000        0x0 /home/xtarke/Data/Apps/riscv/riscv32i/lib/gcc/riscv32-unknown-elf/8.2.0/../../../../riscv32-unknown-elf/lib/libc.a(lib_a-fini.o)
 .text          0x0000000000000000        0x0 /home/xtarke/Data/Apps/riscv/riscv32i/lib/gcc/riscv32-unknown-elf/8.2.0/../../../../riscv32-unknown-elf/lib/libc.a(lib_a-impure.o)
 .bss           0x0000000000000000        0x0 /home/xtarke/Data/Apps/riscv/riscv32i/lib/gcc/riscv32-unknown-elf/8.2.0/../../../../riscv32-unknown-elf/lib/libc.a(lib_a-impure.o)
 .data          0x0000000000000000        0x0 /home/xtarke/Data/Apps/riscv/riscv32i/lib/gcc/riscv32-unknown-elf/8.2.0/../../../../riscv32-unknown-elf/lib/libc.a(lib_a-init.o)
 .bss           0x0000000000000000        0x0 /home/xtarke/Data/Apps/riscv/riscv32i/lib/gcc/riscv32-unknown-elf/8.2.0/../../../../riscv32-unknown-elf/lib/libc.a(lib_a-init.o)
 .data          0x0000000000000000        0x0 /home/xtarke/Data/Apps/riscv/riscv32i/lib/gcc/riscv32-unknown-elf/8.2.0/../../../../riscv32-unknown-elf/lib/libc.a(lib_a-memcpy.o)
 .bss           0x0000000000000000        0x0 /home/xtarke/Data/Apps/riscv/riscv32i/lib/gcc/riscv32-unknown-elf/8.2.0/../../../../riscv32-unknown-elf/lib/libc.a(lib_a-memcpy.o)
 .data          0x0000000000000000        0x0 /home/xtarke/Data/Apps/riscv/riscv32i/lib/gcc/riscv32-unknown-elf/8.2.0/../../../../riscv32-unknown-elf/lib/libc.a(lib_a-memset.o)
 .bss           0x0000000000000000        0x0 /home/xtarke/Data/Apps/riscv/riscv32i/lib/gcc/riscv32-unknown-elf/8.2.0/../../../../riscv32-unknown-elf/lib/libc.a(lib_a-memset.o)
 .data          0x0000000000000000        0x0 /home/xtarke/Data/Apps/riscv/riscv32i/lib/gcc/riscv32-unknown-elf/8.2.0/../../../../riscv32-unknown-elf/lib/libc.a(lib_a-__atexit.o)
 .bss           0x0000000000000000        0x0 /home/xtarke/Data/Apps/riscv/riscv32i/lib/gcc/riscv32-unknown-elf/8.2.0/../../../../riscv32-unknown-elf/lib/libc.a(lib_a-__atexit.o)
 .data          0x0000000000000000        0x0 /home/xtarke/Data/Apps/riscv/riscv32i/lib/gcc/riscv32-unknown-elf/8.2.0/../../../../riscv32-unknown-elf/lib/libc.a(lib_a-__call_atexit.o)
 .bss           0x0000000000000000        0x0 /home/xtarke/Data/Apps/riscv/riscv32i/lib/gcc/riscv32-unknown-elf/8.2.0/../../../../riscv32-unknown-elf/lib/libc.a(lib_a-__call_atexit.o)
 .text          0x0000000000000000        0x0 /home/xtarke/Data/Apps/riscv/riscv32i/lib/gcc/riscv32-unknown-elf/8.2.0/crtend.o
 .data          0x0000000000000000        0x0 /home/xtarke/Data/Apps/riscv/riscv32i/lib/gcc/riscv32-unknown-elf/8.2.0/crtend.o
 .bss           0x0000000000000000        0x0 /home/xtarke/Data/Apps/riscv/riscv32i/lib/gcc/riscv32-unknown-elf/8.2.0/crtend.o
 .eh_frame      0x0000000000000000        0x4 /home/xtarke/Data/Apps/riscv/riscv32i/lib/gcc/riscv32-unknown-elf/8.2.0/crtend.o
 .tm_clone_table
                0x0000000000000000        0x0 /home/xtarke/Data/Apps/riscv/riscv32i/lib/gcc/riscv32-unknown-elf/8.2.0/crtend.o
 .comment       0x0000000000000000       0x12 /home/xtarke/Data/Apps/riscv/riscv32i/lib/gcc/riscv32-unknown-elf/8.2.0/crtend.o

Memory Configuration

Name             Origin             Length             Attributes
rom              0x0000000000000000 0x000000000000fc00 xrw
ram              0x0000000000020000 0x0000000000000800 xrw
*default*        0x0000000000000000 0xffffffffffffffff

Linker script and memory map

LOAD /home/xtarke/Data/Apps/riscv/riscv32i/lib/gcc/riscv32-unknown-elf/8.2.0/../../../../riscv32-unknown-elf/lib/crt0.o
LOAD /home/xtarke/Data/Apps/riscv/riscv32i/lib/gcc/riscv32-unknown-elf/8.2.0/crtbegin.o
LOAD firmware.o
LOAD syscalls.o
LOAD start.o
LOAD /home/xtarke/Data/Apps/riscv/riscv32i/lib/gcc/riscv32-unknown-elf/8.2.0/libgcc.a
START GROUP
LOAD /home/xtarke/Data/Apps/riscv/riscv32i/lib/gcc/riscv32-unknown-elf/8.2.0/../../../../riscv32-unknown-elf/lib/libc.a
LOAD /home/xtarke/Data/Apps/riscv/riscv32i/lib/gcc/riscv32-unknown-elf/8.2.0/../../../../riscv32-unknown-elf/lib/libgloss.a
END GROUP
LOAD /home/xtarke/Data/Apps/riscv/riscv32i/lib/gcc/riscv32-unknown-elf/8.2.0/libgcc.a
LOAD /home/xtarke/Data/Apps/riscv/riscv32i/lib/gcc/riscv32-unknown-elf/8.2.0/crtend.o

.rom            0x0000000000000000      0x88c
 _pvstart*(.text)
 start*(.text)
 .text          0x0000000000000000       0x2c start.o
                0x0000000000000000                _pvstart
                0x0000000000000100                . = 0x100
 *fill*         0x000000000000002c       0xd4 
                0x0000000000000100                . = ALIGN (0x4)
 *(.text)
 .text          0x0000000000000100       0x44 /home/xtarke/Data/Apps/riscv/riscv32i/lib/gcc/riscv32-unknown-elf/8.2.0/../../../../riscv32-unknown-elf/lib/crt0.o
                0x0000000000000100                _start
                0x0000000000000140                _init
                0x0000000000000140                _fini
 .text          0x0000000000000144       0xc8 firmware.o
                0x0000000000000144                foo
                0x000000000000016c                delay
                0x00000000000001ac                main
 .text          0x000000000000020c      0x1e8 syscalls.o
                0x000000000000020c                _getpid
                0x000000000000020c                _utime
                0x000000000000020c                _sysconf
                0x000000000000020c                _ftime
                0x000000000000020c                _isatty
                0x000000000000020c                _open
                0x000000000000020c                _times
                0x000000000000020c                _stat
                0x000000000000020c                _chdir
                0x000000000000020c                _wait
                0x000000000000020c                _lseek
                0x000000000000020c                _fstatat
                0x000000000000020c                _link
                0x000000000000020c                _chown
                0x000000000000020c                _access
                0x000000000000020c                _openat
                0x000000000000020c                _execve
                0x000000000000020c                _chmod
                0x000000000000020c                _lstat
                0x000000000000020c                _unlink
                0x000000000000020c                _fork
                0x000000000000020c                _getcwd
                0x000000000000020c                _kill
                0x000000000000020c                _gettimeofday
                0x000000000000020c                _faccessat
                0x0000000000000210                unimplemented_syscall
                0x0000000000000254                _read
                0x0000000000000280                _write
                0x00000000000002e4                _close
                0x0000000000000308                _fstat
                0x0000000000000348                _sbrk
                0x0000000000000394                _exit
                0x00000000000003a8                init_data_section
 .text          0x00000000000003f4       0x14 /home/xtarke/Data/Apps/riscv/riscv32i/lib/gcc/riscv32-unknown-elf/8.2.0/../../../../riscv32-unknown-elf/lib/libc.a(lib_a-atexit.o)
                0x00000000000003f4                atexit
 .text          0x0000000000000408        0x8 /home/xtarke/Data/Apps/riscv/riscv32i/lib/gcc/riscv32-unknown-elf/8.2.0/../../../../riscv32-unknown-elf/lib/libc.a(lib_a-errno.o)
                0x0000000000000408                __errno
 .text          0x0000000000000410       0x34 /home/xtarke/Data/Apps/riscv/riscv32i/lib/gcc/riscv32-unknown-elf/8.2.0/../../../../riscv32-unknown-elf/lib/libc.a(lib_a-exit.o)
                0x0000000000000410                exit
 .text          0x0000000000000444       0x5c /home/xtarke/Data/Apps/riscv/riscv32i/lib/gcc/riscv32-unknown-elf/8.2.0/../../../../riscv32-unknown-elf/lib/libc.a(lib_a-fini.o)
                0x0000000000000444                __libc_fini_array
 .text          0x00000000000004a0       0xa8 /home/xtarke/Data/Apps/riscv/riscv32i/lib/gcc/riscv32-unknown-elf/8.2.0/../../../../riscv32-unknown-elf/lib/libc.a(lib_a-init.o)
                0x00000000000004a0                __libc_init_array
 .text          0x0000000000000548       0xd8 /home/xtarke/Data/Apps/riscv/riscv32i/lib/gcc/riscv32-unknown-elf/8.2.0/../../../../riscv32-unknown-elf/lib/libc.a(lib_a-memcpy.o)
                0x0000000000000548                memcpy
 .text          0x0000000000000620       0xdc /home/xtarke/Data/Apps/riscv/riscv32i/lib/gcc/riscv32-unknown-elf/8.2.0/../../../../riscv32-unknown-elf/lib/libc.a(lib_a-memset.o)
                0x0000000000000620                memset
 .text          0x00000000000006fc       0x80 /home/xtarke/Data/Apps/riscv/riscv32i/lib/gcc/riscv32-unknown-elf/8.2.0/../../../../riscv32-unknown-elf/lib/libc.a(lib_a-__atexit.o)
                0x00000000000006fc                __register_exitproc
 .text          0x000000000000077c      0x110 /home/xtarke/Data/Apps/riscv/riscv32i/lib/gcc/riscv32-unknown-elf/8.2.0/../../../../riscv32-unknown-elf/lib/libc.a(lib_a-__call_atexit.o)
                0x000000000000077c                __call_exitprocs

.rodata         0x000000000000088c       0x23
 .rodata        0x000000000000088c       0x23 syscalls.o

.srodata        0x00000000000008b0        0x4
 .srodata       0x00000000000008b0        0x4 /home/xtarke/Data/Apps/riscv/riscv32i/lib/gcc/riscv32-unknown-elf/8.2.0/../../../../riscv32-unknown-elf/lib/libc.a(lib_a-impure.o)
                0x00000000000008b0                _global_impure_ptr

.rela.dyn       0x00000000000008b4        0x0
 .rela.text     0x00000000000008b4        0x0 /home/xtarke/Data/Apps/riscv/riscv32i/lib/gcc/riscv32-unknown-elf/8.2.0/../../../../riscv32-unknown-elf/lib/crt0.o

.data           0x0000000000020000      0x42c load address 0x00000000000008b4
                0x00000000000008b4                _data_lma = LOADADDR (.data)
                0x0000000000020000                _data = .
                0x0000000000020000                __global_pointer$ = .
 *(.data .data.*)
 .data          0x0000000000020000      0x428 /home/xtarke/Data/Apps/riscv/riscv32i/lib/gcc/riscv32-unknown-elf/8.2.0/../../../../riscv32-unknown-elf/lib/libc.a(lib_a-impure.o)
 *(.sdata .sdata.*)
 .sdata         0x0000000000020428        0x4 /home/xtarke/Data/Apps/riscv/riscv32i/lib/gcc/riscv32-unknown-elf/8.2.0/../../../../riscv32-unknown-elf/lib/libc.a(lib_a-impure.o)
                0x0000000000020428                _impure_ptr
                0x000000000002042c                . = ALIGN (0x4)
                0x000000000002042c                _edata = .

.bss            0x000000000002042c        0x4 load address 0x0000000000000ce0
                0x000000000002042c                _bss_start = .
 *(.bss .bss.*)
 .bss           0x000000000002042c        0x4 syscalls.o
                0x0000000000020430                . = ALIGN (0x4)
                0x0000000000020430                _bss_end = .
                0x0000000000020430                _end = .
OUTPUT(firmware.elf elf32-littleriscv)

.comment        0x0000000000000000       0x11
 .comment       0x0000000000000000       0x11 firmware.o
                                         0x12 (size before relaxing)
 .comment       0x0000000000000011       0x12 syscalls.o
 .comment       0x0000000000000011       0x12 /home/xtarke/Data/Apps/riscv/riscv32i/lib/gcc/riscv32-unknown-elf/8.2.0/../../../../riscv32-unknown-elf/lib/libc.a(lib_a-atexit.o)
 .comment       0x0000000000000011       0x12 /home/xtarke/Data/Apps/riscv/riscv32i/lib/gcc/riscv32-unknown-elf/8.2.0/../../../../riscv32-unknown-elf/lib/libc.a(lib_a-errno.o)
 .comment       0x0000000000000011       0x12 /home/xtarke/Data/Apps/riscv/riscv32i/lib/gcc/riscv32-unknown-elf/8.2.0/../../../../riscv32-unknown-elf/lib/libc.a(lib_a-exit.o)
 .comment       0x0000000000000011       0x12 /home/xtarke/Data/Apps/riscv/riscv32i/lib/gcc/riscv32-unknown-elf/8.2.0/../../../../riscv32-unknown-elf/lib/libc.a(lib_a-fini.o)
 .comment       0x0000000000000011       0x12 /home/xtarke/Data/Apps/riscv/riscv32i/lib/gcc/riscv32-unknown-elf/8.2.0/../../../../riscv32-unknown-elf/lib/libc.a(lib_a-impure.o)
 .comment       0x0000000000000011       0x12 /home/xtarke/Data/Apps/riscv/riscv32i/lib/gcc/riscv32-unknown-elf/8.2.0/../../../../riscv32-unknown-elf/lib/libc.a(lib_a-init.o)
 .comment       0x0000000000000011       0x12 /home/xtarke/Data/Apps/riscv/riscv32i/lib/gcc/riscv32-unknown-elf/8.2.0/../../../../riscv32-unknown-elf/lib/libc.a(lib_a-memcpy.o)
 .comment       0x0000000000000011       0x12 /home/xtarke/Data/Apps/riscv/riscv32i/lib/gcc/riscv32-unknown-elf/8.2.0/../../../../riscv32-unknown-elf/lib/libc.a(lib_a-__atexit.o)
 .comment       0x0000000000000011       0x12 /home/xtarke/Data/Apps/riscv/riscv32i/lib/gcc/riscv32-unknown-elf/8.2.0/../../../../riscv32-unknown-elf/lib/libc.a(lib_a-__call_atexit.o)
