Archive member included to satisfy reference by file (symbol)

/home/joaoantoniocardoso/opt/xPacks/@xpack-dev-tools/riscv-none-embed-gcc/8.3.0-1.1.1/.content/bin/../lib/gcc/riscv-none-embed/8.3.0/../../../../riscv-none-embed/lib/rv32im/ilp32/libg.a(lib_a-errno.o)
                              syscalls.o (__errno)
/home/joaoantoniocardoso/opt/xPacks/@xpack-dev-tools/riscv-none-embed-gcc/8.3.0-1.1.1/.content/bin/../lib/gcc/riscv-none-embed/8.3.0/../../../../riscv-none-embed/lib/rv32im/ilp32/libg.a(lib_a-exit.o)
                              /home/joaoantoniocardoso/opt/xPacks/@xpack-dev-tools/riscv-none-embed-gcc/8.3.0-1.1.1/.content/bin/../lib/gcc/riscv-none-embed/8.3.0/../../../../riscv-none-embed/lib/rv32im/ilp32/crt0.o (exit)
/home/joaoantoniocardoso/opt/xPacks/@xpack-dev-tools/riscv-none-embed-gcc/8.3.0-1.1.1/.content/bin/../lib/gcc/riscv-none-embed/8.3.0/../../../../riscv-none-embed/lib/rv32im/ilp32/libg.a(lib_a-impure.o)
                              /home/joaoantoniocardoso/opt/xPacks/@xpack-dev-tools/riscv-none-embed-gcc/8.3.0-1.1.1/.content/bin/../lib/gcc/riscv-none-embed/8.3.0/../../../../riscv-none-embed/lib/rv32im/ilp32/libg.a(lib_a-exit.o) (_global_impure_ptr)
/home/joaoantoniocardoso/opt/xPacks/@xpack-dev-tools/riscv-none-embed-gcc/8.3.0-1.1.1/.content/bin/../lib/gcc/riscv-none-embed/8.3.0/../../../../riscv-none-embed/lib/rv32im/ilp32/libg.a(lib_a-init.o)
                              /home/joaoantoniocardoso/opt/xPacks/@xpack-dev-tools/riscv-none-embed-gcc/8.3.0-1.1.1/.content/bin/../lib/gcc/riscv-none-embed/8.3.0/../../../../riscv-none-embed/lib/rv32im/ilp32/crt0.o (__libc_init_array)
/home/joaoantoniocardoso/opt/xPacks/@xpack-dev-tools/riscv-none-embed-gcc/8.3.0-1.1.1/.content/bin/../lib/gcc/riscv-none-embed/8.3.0/../../../../riscv-none-embed/lib/rv32im/ilp32/libg.a(lib_a-memcpy.o)
                              syscalls.o (memcpy)
/home/joaoantoniocardoso/opt/xPacks/@xpack-dev-tools/riscv-none-embed-gcc/8.3.0-1.1.1/.content/bin/../lib/gcc/riscv-none-embed/8.3.0/../../../../riscv-none-embed/lib/rv32im/ilp32/libg.a(lib_a-memset.o)
                              /home/joaoantoniocardoso/opt/xPacks/@xpack-dev-tools/riscv-none-embed-gcc/8.3.0-1.1.1/.content/bin/../lib/gcc/riscv-none-embed/8.3.0/../../../../riscv-none-embed/lib/rv32im/ilp32/crt0.o (memset)
/home/joaoantoniocardoso/opt/xPacks/@xpack-dev-tools/riscv-none-embed-gcc/8.3.0-1.1.1/.content/bin/../lib/gcc/riscv-none-embed/8.3.0/../../../../riscv-none-embed/lib/rv32im/ilp32/libg.a(lib_a-__call_atexit.o)
                              /home/joaoantoniocardoso/opt/xPacks/@xpack-dev-tools/riscv-none-embed-gcc/8.3.0-1.1.1/.content/bin/../lib/gcc/riscv-none-embed/8.3.0/../../../../riscv-none-embed/lib/rv32im/ilp32/libg.a(lib_a-exit.o) (__call_exitprocs)
/home/joaoantoniocardoso/opt/xPacks/@xpack-dev-tools/riscv-none-embed-gcc/8.3.0-1.1.1/.content/bin/../lib/gcc/riscv-none-embed/8.3.0/../../../../riscv-none-embed/lib/rv32im/ilp32/libg.a(lib_a-atexit.o)
                              /home/joaoantoniocardoso/opt/xPacks/@xpack-dev-tools/riscv-none-embed-gcc/8.3.0-1.1.1/.content/bin/../lib/gcc/riscv-none-embed/8.3.0/../../../../riscv-none-embed/lib/rv32im/ilp32/libg.a(lib_a-__call_atexit.o) (atexit)
/home/joaoantoniocardoso/opt/xPacks/@xpack-dev-tools/riscv-none-embed-gcc/8.3.0-1.1.1/.content/bin/../lib/gcc/riscv-none-embed/8.3.0/../../../../riscv-none-embed/lib/rv32im/ilp32/libg.a(lib_a-fini.o)
                              /home/joaoantoniocardoso/opt/xPacks/@xpack-dev-tools/riscv-none-embed-gcc/8.3.0-1.1.1/.content/bin/../lib/gcc/riscv-none-embed/8.3.0/../../../../riscv-none-embed/lib/rv32im/ilp32/libg.a(lib_a-__call_atexit.o) (__libc_fini_array)
/home/joaoantoniocardoso/opt/xPacks/@xpack-dev-tools/riscv-none-embed-gcc/8.3.0-1.1.1/.content/bin/../lib/gcc/riscv-none-embed/8.3.0/../../../../riscv-none-embed/lib/rv32im/ilp32/libg.a(lib_a-lock.o)
                              /home/joaoantoniocardoso/opt/xPacks/@xpack-dev-tools/riscv-none-embed-gcc/8.3.0-1.1.1/.content/bin/../lib/gcc/riscv-none-embed/8.3.0/../../../../riscv-none-embed/lib/rv32im/ilp32/libg.a(lib_a-__call_atexit.o) (__retarget_lock_acquire_recursive)
/home/joaoantoniocardoso/opt/xPacks/@xpack-dev-tools/riscv-none-embed-gcc/8.3.0-1.1.1/.content/bin/../lib/gcc/riscv-none-embed/8.3.0/../../../../riscv-none-embed/lib/rv32im/ilp32/libg.a(lib_a-__atexit.o)
                              /home/joaoantoniocardoso/opt/xPacks/@xpack-dev-tools/riscv-none-embed-gcc/8.3.0-1.1.1/.content/bin/../lib/gcc/riscv-none-embed/8.3.0/../../../../riscv-none-embed/lib/rv32im/ilp32/libg.a(lib_a-atexit.o) (__register_exitproc)

Allocating common symbols
Common symbol       size              file

__lock___atexit_recursive_mutex
                    0x1               /home/joaoantoniocardoso/opt/xPacks/@xpack-dev-tools/riscv-none-embed-gcc/8.3.0-1.1.1/.content/bin/../lib/gcc/riscv-none-embed/8.3.0/../../../../riscv-none-embed/lib/rv32im/ilp32/libg.a(lib_a-lock.o)
__lock___arc4random_mutex
                    0x1               /home/joaoantoniocardoso/opt/xPacks/@xpack-dev-tools/riscv-none-embed-gcc/8.3.0-1.1.1/.content/bin/../lib/gcc/riscv-none-embed/8.3.0/../../../../riscv-none-embed/lib/rv32im/ilp32/libg.a(lib_a-lock.o)
__lock___env_recursive_mutex
                    0x1               /home/joaoantoniocardoso/opt/xPacks/@xpack-dev-tools/riscv-none-embed-gcc/8.3.0-1.1.1/.content/bin/../lib/gcc/riscv-none-embed/8.3.0/../../../../riscv-none-embed/lib/rv32im/ilp32/libg.a(lib_a-lock.o)
__lock___sinit_recursive_mutex
                    0x1               /home/joaoantoniocardoso/opt/xPacks/@xpack-dev-tools/riscv-none-embed-gcc/8.3.0-1.1.1/.content/bin/../lib/gcc/riscv-none-embed/8.3.0/../../../../riscv-none-embed/lib/rv32im/ilp32/libg.a(lib_a-lock.o)
__lock___malloc_recursive_mutex
                    0x1               /home/joaoantoniocardoso/opt/xPacks/@xpack-dev-tools/riscv-none-embed-gcc/8.3.0-1.1.1/.content/bin/../lib/gcc/riscv-none-embed/8.3.0/../../../../riscv-none-embed/lib/rv32im/ilp32/libg.a(lib_a-lock.o)
__lock___at_quick_exit_mutex
                    0x1               /home/joaoantoniocardoso/opt/xPacks/@xpack-dev-tools/riscv-none-embed-gcc/8.3.0-1.1.1/.content/bin/../lib/gcc/riscv-none-embed/8.3.0/../../../../riscv-none-embed/lib/rv32im/ilp32/libg.a(lib_a-lock.o)
__lock___dd_hash_mutex
                    0x1               /home/joaoantoniocardoso/opt/xPacks/@xpack-dev-tools/riscv-none-embed-gcc/8.3.0-1.1.1/.content/bin/../lib/gcc/riscv-none-embed/8.3.0/../../../../riscv-none-embed/lib/rv32im/ilp32/libg.a(lib_a-lock.o)
__lock___tz_mutex   0x1               /home/joaoantoniocardoso/opt/xPacks/@xpack-dev-tools/riscv-none-embed-gcc/8.3.0-1.1.1/.content/bin/../lib/gcc/riscv-none-embed/8.3.0/../../../../riscv-none-embed/lib/rv32im/ilp32/libg.a(lib_a-lock.o)
__lock___sfp_recursive_mutex
                    0x1               /home/joaoantoniocardoso/opt/xPacks/@xpack-dev-tools/riscv-none-embed-gcc/8.3.0-1.1.1/.content/bin/../lib/gcc/riscv-none-embed/8.3.0/../../../../riscv-none-embed/lib/rv32im/ilp32/libg.a(lib_a-lock.o)

Discarded input sections

 .text          0x0000000000000000       0x68 /home/joaoantoniocardoso/opt/xPacks/@xpack-dev-tools/riscv-none-embed-gcc/8.3.0-1.1.1/.content/bin/../lib/gcc/riscv-none-embed/8.3.0/../../../../riscv-none-embed/lib/rv32im/ilp32/crt0.o
 .data          0x0000000000000000        0x0 /home/joaoantoniocardoso/opt/xPacks/@xpack-dev-tools/riscv-none-embed-gcc/8.3.0-1.1.1/.content/bin/../lib/gcc/riscv-none-embed/8.3.0/../../../../riscv-none-embed/lib/rv32im/ilp32/crt0.o
 .bss           0x0000000000000000        0x0 /home/joaoantoniocardoso/opt/xPacks/@xpack-dev-tools/riscv-none-embed-gcc/8.3.0-1.1.1/.content/bin/../lib/gcc/riscv-none-embed/8.3.0/../../../../riscv-none-embed/lib/rv32im/ilp32/crt0.o
 .text          0x0000000000000000        0x0 /home/joaoantoniocardoso/opt/xPacks/@xpack-dev-tools/riscv-none-embed-gcc/8.3.0-1.1.1/.content/bin/../lib/gcc/riscv-none-embed/8.3.0/rv32im/ilp32/crtbegin.o
 .data          0x0000000000000000        0x0 /home/joaoantoniocardoso/opt/xPacks/@xpack-dev-tools/riscv-none-embed-gcc/8.3.0-1.1.1/.content/bin/../lib/gcc/riscv-none-embed/8.3.0/rv32im/ilp32/crtbegin.o
 .bss           0x0000000000000000        0x0 /home/joaoantoniocardoso/opt/xPacks/@xpack-dev-tools/riscv-none-embed-gcc/8.3.0-1.1.1/.content/bin/../lib/gcc/riscv-none-embed/8.3.0/rv32im/ilp32/crtbegin.o
 .eh_frame      0x0000000000000000        0x0 /home/joaoantoniocardoso/opt/xPacks/@xpack-dev-tools/riscv-none-embed-gcc/8.3.0-1.1.1/.content/bin/../lib/gcc/riscv-none-embed/8.3.0/rv32im/ilp32/crtbegin.o
 .sdata.__dso_handle
                0x0000000000000000        0x4 /home/joaoantoniocardoso/opt/xPacks/@xpack-dev-tools/riscv-none-embed-gcc/8.3.0-1.1.1/.content/bin/../lib/gcc/riscv-none-embed/8.3.0/rv32im/ilp32/crtbegin.o
 .text.__do_global_dtors_aux
                0x0000000000000000       0x5c /home/joaoantoniocardoso/opt/xPacks/@xpack-dev-tools/riscv-none-embed-gcc/8.3.0-1.1.1/.content/bin/../lib/gcc/riscv-none-embed/8.3.0/rv32im/ilp32/crtbegin.o
 .fini_array    0x0000000000000000        0x4 /home/joaoantoniocardoso/opt/xPacks/@xpack-dev-tools/riscv-none-embed-gcc/8.3.0-1.1.1/.content/bin/../lib/gcc/riscv-none-embed/8.3.0/rv32im/ilp32/crtbegin.o
 .text.frame_dummy
                0x0000000000000000       0x28 /home/joaoantoniocardoso/opt/xPacks/@xpack-dev-tools/riscv-none-embed-gcc/8.3.0-1.1.1/.content/bin/../lib/gcc/riscv-none-embed/8.3.0/rv32im/ilp32/crtbegin.o
 .init_array    0x0000000000000000        0x4 /home/joaoantoniocardoso/opt/xPacks/@xpack-dev-tools/riscv-none-embed-gcc/8.3.0-1.1.1/.content/bin/../lib/gcc/riscv-none-embed/8.3.0/rv32im/ilp32/crtbegin.o
 .sbss.completed.5456
                0x0000000000000000        0x1 /home/joaoantoniocardoso/opt/xPacks/@xpack-dev-tools/riscv-none-embed-gcc/8.3.0-1.1.1/.content/bin/../lib/gcc/riscv-none-embed/8.3.0/rv32im/ilp32/crtbegin.o
 .bss.object.5461
                0x0000000000000000       0x18 /home/joaoantoniocardoso/opt/xPacks/@xpack-dev-tools/riscv-none-embed-gcc/8.3.0-1.1.1/.content/bin/../lib/gcc/riscv-none-embed/8.3.0/rv32im/ilp32/crtbegin.o
 .data          0x0000000000000000        0x0 firmware.o
 .bss           0x0000000000000000        0x0 firmware.o
 .text          0x0000000000000000       0xf8 syscalls.o
 .data          0x0000000000000000        0x0 syscalls.o
 .bss           0x0000000000000000        0x0 syscalls.o
 .rodata.str1.4
                0x0000000000000000       0x23 syscalls.o
 .sbss          0x0000000000000000        0x4 syscalls.o
 .comment       0x0000000000000000       0x34 syscalls.o
 .data          0x0000000000000000        0x0 start.o
 .bss           0x0000000000000000        0x0 start.o
 .text          0x0000000000000000       0x10 utils.o
 .data          0x0000000000000000        0x0 utils.o
 .bss           0x0000000000000000        0x0 utils.o
 .comment       0x0000000000000000       0x34 utils.o
 .text          0x0000000000000000        0x0 /home/joaoantoniocardoso/opt/xPacks/@xpack-dev-tools/riscv-none-embed-gcc/8.3.0-1.1.1/.content/bin/../lib/gcc/riscv-none-embed/8.3.0/../../../../riscv-none-embed/lib/rv32im/ilp32/libg.a(lib_a-errno.o)
 .data          0x0000000000000000        0x0 /home/joaoantoniocardoso/opt/xPacks/@xpack-dev-tools/riscv-none-embed-gcc/8.3.0-1.1.1/.content/bin/../lib/gcc/riscv-none-embed/8.3.0/../../../../riscv-none-embed/lib/rv32im/ilp32/libg.a(lib_a-errno.o)
 .bss           0x0000000000000000        0x0 /home/joaoantoniocardoso/opt/xPacks/@xpack-dev-tools/riscv-none-embed-gcc/8.3.0-1.1.1/.content/bin/../lib/gcc/riscv-none-embed/8.3.0/../../../../riscv-none-embed/lib/rv32im/ilp32/libg.a(lib_a-errno.o)
 .text.__errno  0x0000000000000000       0x10 /home/joaoantoniocardoso/opt/xPacks/@xpack-dev-tools/riscv-none-embed-gcc/8.3.0-1.1.1/.content/bin/../lib/gcc/riscv-none-embed/8.3.0/../../../../riscv-none-embed/lib/rv32im/ilp32/libg.a(lib_a-errno.o)
 .debug_frame   0x0000000000000000       0x20 /home/joaoantoniocardoso/opt/xPacks/@xpack-dev-tools/riscv-none-embed-gcc/8.3.0-1.1.1/.content/bin/../lib/gcc/riscv-none-embed/8.3.0/../../../../riscv-none-embed/lib/rv32im/ilp32/libg.a(lib_a-errno.o)
 .text          0x0000000000000000        0x0 /home/joaoantoniocardoso/opt/xPacks/@xpack-dev-tools/riscv-none-embed-gcc/8.3.0-1.1.1/.content/bin/../lib/gcc/riscv-none-embed/8.3.0/../../../../riscv-none-embed/lib/rv32im/ilp32/libg.a(lib_a-exit.o)
 .data          0x0000000000000000        0x0 /home/joaoantoniocardoso/opt/xPacks/@xpack-dev-tools/riscv-none-embed-gcc/8.3.0-1.1.1/.content/bin/../lib/gcc/riscv-none-embed/8.3.0/../../../../riscv-none-embed/lib/rv32im/ilp32/libg.a(lib_a-exit.o)
 .bss           0x0000000000000000        0x0 /home/joaoantoniocardoso/opt/xPacks/@xpack-dev-tools/riscv-none-embed-gcc/8.3.0-1.1.1/.content/bin/../lib/gcc/riscv-none-embed/8.3.0/../../../../riscv-none-embed/lib/rv32im/ilp32/libg.a(lib_a-exit.o)
 .text.exit     0x0000000000000000       0x40 /home/joaoantoniocardoso/opt/xPacks/@xpack-dev-tools/riscv-none-embed-gcc/8.3.0-1.1.1/.content/bin/../lib/gcc/riscv-none-embed/8.3.0/../../../../riscv-none-embed/lib/rv32im/ilp32/libg.a(lib_a-exit.o)
 .debug_frame   0x0000000000000000       0x28 /home/joaoantoniocardoso/opt/xPacks/@xpack-dev-tools/riscv-none-embed-gcc/8.3.0-1.1.1/.content/bin/../lib/gcc/riscv-none-embed/8.3.0/../../../../riscv-none-embed/lib/rv32im/ilp32/libg.a(lib_a-exit.o)
 .text          0x0000000000000000        0x0 /home/joaoantoniocardoso/opt/xPacks/@xpack-dev-tools/riscv-none-embed-gcc/8.3.0-1.1.1/.content/bin/../lib/gcc/riscv-none-embed/8.3.0/../../../../riscv-none-embed/lib/rv32im/ilp32/libg.a(lib_a-impure.o)
 .data          0x0000000000000000        0x0 /home/joaoantoniocardoso/opt/xPacks/@xpack-dev-tools/riscv-none-embed-gcc/8.3.0-1.1.1/.content/bin/../lib/gcc/riscv-none-embed/8.3.0/../../../../riscv-none-embed/lib/rv32im/ilp32/libg.a(lib_a-impure.o)
 .bss           0x0000000000000000        0x0 /home/joaoantoniocardoso/opt/xPacks/@xpack-dev-tools/riscv-none-embed-gcc/8.3.0-1.1.1/.content/bin/../lib/gcc/riscv-none-embed/8.3.0/../../../../riscv-none-embed/lib/rv32im/ilp32/libg.a(lib_a-impure.o)
 .data.impure_data
                0x0000000000000000      0x428 /home/joaoantoniocardoso/opt/xPacks/@xpack-dev-tools/riscv-none-embed-gcc/8.3.0-1.1.1/.content/bin/../lib/gcc/riscv-none-embed/8.3.0/../../../../riscv-none-embed/lib/rv32im/ilp32/libg.a(lib_a-impure.o)
 .sdata._impure_ptr
                0x0000000000000000        0x4 /home/joaoantoniocardoso/opt/xPacks/@xpack-dev-tools/riscv-none-embed-gcc/8.3.0-1.1.1/.content/bin/../lib/gcc/riscv-none-embed/8.3.0/../../../../riscv-none-embed/lib/rv32im/ilp32/libg.a(lib_a-impure.o)
 .sdata2._global_impure_ptr
                0x0000000000000000        0x4 /home/joaoantoniocardoso/opt/xPacks/@xpack-dev-tools/riscv-none-embed-gcc/8.3.0-1.1.1/.content/bin/../lib/gcc/riscv-none-embed/8.3.0/../../../../riscv-none-embed/lib/rv32im/ilp32/libg.a(lib_a-impure.o)
 .text          0x0000000000000000        0x0 /home/joaoantoniocardoso/opt/xPacks/@xpack-dev-tools/riscv-none-embed-gcc/8.3.0-1.1.1/.content/bin/../lib/gcc/riscv-none-embed/8.3.0/../../../../riscv-none-embed/lib/rv32im/ilp32/libg.a(lib_a-init.o)
 .data          0x0000000000000000        0x0 /home/joaoantoniocardoso/opt/xPacks/@xpack-dev-tools/riscv-none-embed-gcc/8.3.0-1.1.1/.content/bin/../lib/gcc/riscv-none-embed/8.3.0/../../../../riscv-none-embed/lib/rv32im/ilp32/libg.a(lib_a-init.o)
 .bss           0x0000000000000000        0x0 /home/joaoantoniocardoso/opt/xPacks/@xpack-dev-tools/riscv-none-embed-gcc/8.3.0-1.1.1/.content/bin/../lib/gcc/riscv-none-embed/8.3.0/../../../../riscv-none-embed/lib/rv32im/ilp32/libg.a(lib_a-init.o)
 .text.__libc_init_array
                0x0000000000000000       0x94 /home/joaoantoniocardoso/opt/xPacks/@xpack-dev-tools/riscv-none-embed-gcc/8.3.0-1.1.1/.content/bin/../lib/gcc/riscv-none-embed/8.3.0/../../../../riscv-none-embed/lib/rv32im/ilp32/libg.a(lib_a-init.o)
 .debug_frame   0x0000000000000000       0x3c /home/joaoantoniocardoso/opt/xPacks/@xpack-dev-tools/riscv-none-embed-gcc/8.3.0-1.1.1/.content/bin/../lib/gcc/riscv-none-embed/8.3.0/../../../../riscv-none-embed/lib/rv32im/ilp32/libg.a(lib_a-init.o)
 .text          0x0000000000000000        0x0 /home/joaoantoniocardoso/opt/xPacks/@xpack-dev-tools/riscv-none-embed-gcc/8.3.0-1.1.1/.content/bin/../lib/gcc/riscv-none-embed/8.3.0/../../../../riscv-none-embed/lib/rv32im/ilp32/libg.a(lib_a-memcpy.o)
 .data          0x0000000000000000        0x0 /home/joaoantoniocardoso/opt/xPacks/@xpack-dev-tools/riscv-none-embed-gcc/8.3.0-1.1.1/.content/bin/../lib/gcc/riscv-none-embed/8.3.0/../../../../riscv-none-embed/lib/rv32im/ilp32/libg.a(lib_a-memcpy.o)
 .bss           0x0000000000000000        0x0 /home/joaoantoniocardoso/opt/xPacks/@xpack-dev-tools/riscv-none-embed-gcc/8.3.0-1.1.1/.content/bin/../lib/gcc/riscv-none-embed/8.3.0/../../../../riscv-none-embed/lib/rv32im/ilp32/libg.a(lib_a-memcpy.o)
 .text.memcpy   0x0000000000000000      0x11c /home/joaoantoniocardoso/opt/xPacks/@xpack-dev-tools/riscv-none-embed-gcc/8.3.0-1.1.1/.content/bin/../lib/gcc/riscv-none-embed/8.3.0/../../../../riscv-none-embed/lib/rv32im/ilp32/libg.a(lib_a-memcpy.o)
 .debug_frame   0x0000000000000000       0x20 /home/joaoantoniocardoso/opt/xPacks/@xpack-dev-tools/riscv-none-embed-gcc/8.3.0-1.1.1/.content/bin/../lib/gcc/riscv-none-embed/8.3.0/../../../../riscv-none-embed/lib/rv32im/ilp32/libg.a(lib_a-memcpy.o)
 .text          0x0000000000000000       0xdc /home/joaoantoniocardoso/opt/xPacks/@xpack-dev-tools/riscv-none-embed-gcc/8.3.0-1.1.1/.content/bin/../lib/gcc/riscv-none-embed/8.3.0/../../../../riscv-none-embed/lib/rv32im/ilp32/libg.a(lib_a-memset.o)
 .data          0x0000000000000000        0x0 /home/joaoantoniocardoso/opt/xPacks/@xpack-dev-tools/riscv-none-embed-gcc/8.3.0-1.1.1/.content/bin/../lib/gcc/riscv-none-embed/8.3.0/../../../../riscv-none-embed/lib/rv32im/ilp32/libg.a(lib_a-memset.o)
 .bss           0x0000000000000000        0x0 /home/joaoantoniocardoso/opt/xPacks/@xpack-dev-tools/riscv-none-embed-gcc/8.3.0-1.1.1/.content/bin/../lib/gcc/riscv-none-embed/8.3.0/../../../../riscv-none-embed/lib/rv32im/ilp32/libg.a(lib_a-memset.o)
 .text          0x0000000000000000        0x0 /home/joaoantoniocardoso/opt/xPacks/@xpack-dev-tools/riscv-none-embed-gcc/8.3.0-1.1.1/.content/bin/../lib/gcc/riscv-none-embed/8.3.0/../../../../riscv-none-embed/lib/rv32im/ilp32/libg.a(lib_a-__call_atexit.o)
 .data          0x0000000000000000        0x0 /home/joaoantoniocardoso/opt/xPacks/@xpack-dev-tools/riscv-none-embed-gcc/8.3.0-1.1.1/.content/bin/../lib/gcc/riscv-none-embed/8.3.0/../../../../riscv-none-embed/lib/rv32im/ilp32/libg.a(lib_a-__call_atexit.o)
 .bss           0x0000000000000000        0x0 /home/joaoantoniocardoso/opt/xPacks/@xpack-dev-tools/riscv-none-embed-gcc/8.3.0-1.1.1/.content/bin/../lib/gcc/riscv-none-embed/8.3.0/../../../../riscv-none-embed/lib/rv32im/ilp32/libg.a(lib_a-__call_atexit.o)
 .text.startup.register_fini
                0x0000000000000000       0x20 /home/joaoantoniocardoso/opt/xPacks/@xpack-dev-tools/riscv-none-embed-gcc/8.3.0-1.1.1/.content/bin/../lib/gcc/riscv-none-embed/8.3.0/../../../../riscv-none-embed/lib/rv32im/ilp32/libg.a(lib_a-__call_atexit.o)
 .init_array.00000
                0x0000000000000000        0x4 /home/joaoantoniocardoso/opt/xPacks/@xpack-dev-tools/riscv-none-embed-gcc/8.3.0-1.1.1/.content/bin/../lib/gcc/riscv-none-embed/8.3.0/../../../../riscv-none-embed/lib/rv32im/ilp32/libg.a(lib_a-__call_atexit.o)
 .text.__call_exitprocs
                0x0000000000000000      0x144 /home/joaoantoniocardoso/opt/xPacks/@xpack-dev-tools/riscv-none-embed-gcc/8.3.0-1.1.1/.content/bin/../lib/gcc/riscv-none-embed/8.3.0/../../../../riscv-none-embed/lib/rv32im/ilp32/libg.a(lib_a-__call_atexit.o)
 .sdata.__atexit_recursive_mutex
                0x0000000000000000        0x4 /home/joaoantoniocardoso/opt/xPacks/@xpack-dev-tools/riscv-none-embed-gcc/8.3.0-1.1.1/.content/bin/../lib/gcc/riscv-none-embed/8.3.0/../../../../riscv-none-embed/lib/rv32im/ilp32/libg.a(lib_a-__call_atexit.o)
 .debug_frame   0x0000000000000000       0x6c /home/joaoantoniocardoso/opt/xPacks/@xpack-dev-tools/riscv-none-embed-gcc/8.3.0-1.1.1/.content/bin/../lib/gcc/riscv-none-embed/8.3.0/../../../../riscv-none-embed/lib/rv32im/ilp32/libg.a(lib_a-__call_atexit.o)
 .text          0x0000000000000000        0x0 /home/joaoantoniocardoso/opt/xPacks/@xpack-dev-tools/riscv-none-embed-gcc/8.3.0-1.1.1/.content/bin/../lib/gcc/riscv-none-embed/8.3.0/../../../../riscv-none-embed/lib/rv32im/ilp32/libg.a(lib_a-atexit.o)
 .data          0x0000000000000000        0x0 /home/joaoantoniocardoso/opt/xPacks/@xpack-dev-tools/riscv-none-embed-gcc/8.3.0-1.1.1/.content/bin/../lib/gcc/riscv-none-embed/8.3.0/../../../../riscv-none-embed/lib/rv32im/ilp32/libg.a(lib_a-atexit.o)
 .bss           0x0000000000000000        0x0 /home/joaoantoniocardoso/opt/xPacks/@xpack-dev-tools/riscv-none-embed-gcc/8.3.0-1.1.1/.content/bin/../lib/gcc/riscv-none-embed/8.3.0/../../../../riscv-none-embed/lib/rv32im/ilp32/libg.a(lib_a-atexit.o)
 .text.atexit   0x0000000000000000       0x18 /home/joaoantoniocardoso/opt/xPacks/@xpack-dev-tools/riscv-none-embed-gcc/8.3.0-1.1.1/.content/bin/../lib/gcc/riscv-none-embed/8.3.0/../../../../riscv-none-embed/lib/rv32im/ilp32/libg.a(lib_a-atexit.o)
 .debug_frame   0x0000000000000000       0x20 /home/joaoantoniocardoso/opt/xPacks/@xpack-dev-tools/riscv-none-embed-gcc/8.3.0-1.1.1/.content/bin/../lib/gcc/riscv-none-embed/8.3.0/../../../../riscv-none-embed/lib/rv32im/ilp32/libg.a(lib_a-atexit.o)
 .text          0x0000000000000000        0x0 /home/joaoantoniocardoso/opt/xPacks/@xpack-dev-tools/riscv-none-embed-gcc/8.3.0-1.1.1/.content/bin/../lib/gcc/riscv-none-embed/8.3.0/../../../../riscv-none-embed/lib/rv32im/ilp32/libg.a(lib_a-fini.o)
 .data          0x0000000000000000        0x0 /home/joaoantoniocardoso/opt/xPacks/@xpack-dev-tools/riscv-none-embed-gcc/8.3.0-1.1.1/.content/bin/../lib/gcc/riscv-none-embed/8.3.0/../../../../riscv-none-embed/lib/rv32im/ilp32/libg.a(lib_a-fini.o)
 .bss           0x0000000000000000        0x0 /home/joaoantoniocardoso/opt/xPacks/@xpack-dev-tools/riscv-none-embed-gcc/8.3.0-1.1.1/.content/bin/../lib/gcc/riscv-none-embed/8.3.0/../../../../riscv-none-embed/lib/rv32im/ilp32/libg.a(lib_a-fini.o)
 .text.__libc_fini_array
                0x0000000000000000       0x60 /home/joaoantoniocardoso/opt/xPacks/@xpack-dev-tools/riscv-none-embed-gcc/8.3.0-1.1.1/.content/bin/../lib/gcc/riscv-none-embed/8.3.0/../../../../riscv-none-embed/lib/rv32im/ilp32/libg.a(lib_a-fini.o)
 .debug_frame   0x0000000000000000       0x34 /home/joaoantoniocardoso/opt/xPacks/@xpack-dev-tools/riscv-none-embed-gcc/8.3.0-1.1.1/.content/bin/../lib/gcc/riscv-none-embed/8.3.0/../../../../riscv-none-embed/lib/rv32im/ilp32/libg.a(lib_a-fini.o)
 .text          0x0000000000000000        0x0 /home/joaoantoniocardoso/opt/xPacks/@xpack-dev-tools/riscv-none-embed-gcc/8.3.0-1.1.1/.content/bin/../lib/gcc/riscv-none-embed/8.3.0/../../../../riscv-none-embed/lib/rv32im/ilp32/libg.a(lib_a-lock.o)
 .data          0x0000000000000000        0x0 /home/joaoantoniocardoso/opt/xPacks/@xpack-dev-tools/riscv-none-embed-gcc/8.3.0-1.1.1/.content/bin/../lib/gcc/riscv-none-embed/8.3.0/../../../../riscv-none-embed/lib/rv32im/ilp32/libg.a(lib_a-lock.o)
 .bss           0x0000000000000000        0x0 /home/joaoantoniocardoso/opt/xPacks/@xpack-dev-tools/riscv-none-embed-gcc/8.3.0-1.1.1/.content/bin/../lib/gcc/riscv-none-embed/8.3.0/../../../../riscv-none-embed/lib/rv32im/ilp32/libg.a(lib_a-lock.o)
 .text.__retarget_lock_init
                0x0000000000000000        0x4 /home/joaoantoniocardoso/opt/xPacks/@xpack-dev-tools/riscv-none-embed-gcc/8.3.0-1.1.1/.content/bin/../lib/gcc/riscv-none-embed/8.3.0/../../../../riscv-none-embed/lib/rv32im/ilp32/libg.a(lib_a-lock.o)
 .text.__retarget_lock_init_recursive
                0x0000000000000000        0x4 /home/joaoantoniocardoso/opt/xPacks/@xpack-dev-tools/riscv-none-embed-gcc/8.3.0-1.1.1/.content/bin/../lib/gcc/riscv-none-embed/8.3.0/../../../../riscv-none-embed/lib/rv32im/ilp32/libg.a(lib_a-lock.o)
 .text.__retarget_lock_close
                0x0000000000000000        0x4 /home/joaoantoniocardoso/opt/xPacks/@xpack-dev-tools/riscv-none-embed-gcc/8.3.0-1.1.1/.content/bin/../lib/gcc/riscv-none-embed/8.3.0/../../../../riscv-none-embed/lib/rv32im/ilp32/libg.a(lib_a-lock.o)
 .text.__retarget_lock_close_recursive
                0x0000000000000000        0x4 /home/joaoantoniocardoso/opt/xPacks/@xpack-dev-tools/riscv-none-embed-gcc/8.3.0-1.1.1/.content/bin/../lib/gcc/riscv-none-embed/8.3.0/../../../../riscv-none-embed/lib/rv32im/ilp32/libg.a(lib_a-lock.o)
 .text.__retarget_lock_acquire
                0x0000000000000000        0x4 /home/joaoantoniocardoso/opt/xPacks/@xpack-dev-tools/riscv-none-embed-gcc/8.3.0-1.1.1/.content/bin/../lib/gcc/riscv-none-embed/8.3.0/../../../../riscv-none-embed/lib/rv32im/ilp32/libg.a(lib_a-lock.o)
 .text.__retarget_lock_acquire_recursive
                0x0000000000000000        0x4 /home/joaoantoniocardoso/opt/xPacks/@xpack-dev-tools/riscv-none-embed-gcc/8.3.0-1.1.1/.content/bin/../lib/gcc/riscv-none-embed/8.3.0/../../../../riscv-none-embed/lib/rv32im/ilp32/libg.a(lib_a-lock.o)
 .text.__retarget_lock_try_acquire
                0x0000000000000000        0x8 /home/joaoantoniocardoso/opt/xPacks/@xpack-dev-tools/riscv-none-embed-gcc/8.3.0-1.1.1/.content/bin/../lib/gcc/riscv-none-embed/8.3.0/../../../../riscv-none-embed/lib/rv32im/ilp32/libg.a(lib_a-lock.o)
 .text.__retarget_lock_try_acquire_recursive
                0x0000000000000000        0x8 /home/joaoantoniocardoso/opt/xPacks/@xpack-dev-tools/riscv-none-embed-gcc/8.3.0-1.1.1/.content/bin/../lib/gcc/riscv-none-embed/8.3.0/../../../../riscv-none-embed/lib/rv32im/ilp32/libg.a(lib_a-lock.o)
 .text.__retarget_lock_release
                0x0000000000000000        0x4 /home/joaoantoniocardoso/opt/xPacks/@xpack-dev-tools/riscv-none-embed-gcc/8.3.0-1.1.1/.content/bin/../lib/gcc/riscv-none-embed/8.3.0/../../../../riscv-none-embed/lib/rv32im/ilp32/libg.a(lib_a-lock.o)
 .text.__retarget_lock_release_recursive
                0x0000000000000000        0x4 /home/joaoantoniocardoso/opt/xPacks/@xpack-dev-tools/riscv-none-embed-gcc/8.3.0-1.1.1/.content/bin/../lib/gcc/riscv-none-embed/8.3.0/../../../../riscv-none-embed/lib/rv32im/ilp32/libg.a(lib_a-lock.o)
 .debug_frame   0x0000000000000000       0xb0 /home/joaoantoniocardoso/opt/xPacks/@xpack-dev-tools/riscv-none-embed-gcc/8.3.0-1.1.1/.content/bin/../lib/gcc/riscv-none-embed/8.3.0/../../../../riscv-none-embed/lib/rv32im/ilp32/libg.a(lib_a-lock.o)
 COMMON         0x0000000000000000       0x21 /home/joaoantoniocardoso/opt/xPacks/@xpack-dev-tools/riscv-none-embed-gcc/8.3.0-1.1.1/.content/bin/../lib/gcc/riscv-none-embed/8.3.0/../../../../riscv-none-embed/lib/rv32im/ilp32/libg.a(lib_a-lock.o)
 .text          0x0000000000000000        0x0 /home/joaoantoniocardoso/opt/xPacks/@xpack-dev-tools/riscv-none-embed-gcc/8.3.0-1.1.1/.content/bin/../lib/gcc/riscv-none-embed/8.3.0/../../../../riscv-none-embed/lib/rv32im/ilp32/libg.a(lib_a-__atexit.o)
 .data          0x0000000000000000        0x0 /home/joaoantoniocardoso/opt/xPacks/@xpack-dev-tools/riscv-none-embed-gcc/8.3.0-1.1.1/.content/bin/../lib/gcc/riscv-none-embed/8.3.0/../../../../riscv-none-embed/lib/rv32im/ilp32/libg.a(lib_a-__atexit.o)
 .bss           0x0000000000000000        0x0 /home/joaoantoniocardoso/opt/xPacks/@xpack-dev-tools/riscv-none-embed-gcc/8.3.0-1.1.1/.content/bin/../lib/gcc/riscv-none-embed/8.3.0/../../../../riscv-none-embed/lib/rv32im/ilp32/libg.a(lib_a-__atexit.o)
 .text.__register_exitproc
                0x0000000000000000       0xfc /home/joaoantoniocardoso/opt/xPacks/@xpack-dev-tools/riscv-none-embed-gcc/8.3.0-1.1.1/.content/bin/../lib/gcc/riscv-none-embed/8.3.0/../../../../riscv-none-embed/lib/rv32im/ilp32/libg.a(lib_a-__atexit.o)
 .debug_frame   0x0000000000000000       0x48 /home/joaoantoniocardoso/opt/xPacks/@xpack-dev-tools/riscv-none-embed-gcc/8.3.0-1.1.1/.content/bin/../lib/gcc/riscv-none-embed/8.3.0/../../../../riscv-none-embed/lib/rv32im/ilp32/libg.a(lib_a-__atexit.o)
 .text          0x0000000000000000        0x0 /home/joaoantoniocardoso/opt/xPacks/@xpack-dev-tools/riscv-none-embed-gcc/8.3.0-1.1.1/.content/bin/../lib/gcc/riscv-none-embed/8.3.0/rv32im/ilp32/crtend.o
 .data          0x0000000000000000        0x0 /home/joaoantoniocardoso/opt/xPacks/@xpack-dev-tools/riscv-none-embed-gcc/8.3.0-1.1.1/.content/bin/../lib/gcc/riscv-none-embed/8.3.0/rv32im/ilp32/crtend.o
 .bss           0x0000000000000000        0x0 /home/joaoantoniocardoso/opt/xPacks/@xpack-dev-tools/riscv-none-embed-gcc/8.3.0-1.1.1/.content/bin/../lib/gcc/riscv-none-embed/8.3.0/rv32im/ilp32/crtend.o
 .eh_frame      0x0000000000000000        0x4 /home/joaoantoniocardoso/opt/xPacks/@xpack-dev-tools/riscv-none-embed-gcc/8.3.0-1.1.1/.content/bin/../lib/gcc/riscv-none-embed/8.3.0/rv32im/ilp32/crtend.o

Memory Configuration

Name             Origin             Length             Attributes
rom              0x0000000000000000 0x000000000000fc00 xrw
ram              0x0000000002000000 0x0000000000000800 xrw
*default*        0x0000000000000000 0xffffffffffffffff

Linker script and memory map

LOAD /home/joaoantoniocardoso/opt/xPacks/@xpack-dev-tools/riscv-none-embed-gcc/8.3.0-1.1.1/.content/bin/../lib/gcc/riscv-none-embed/8.3.0/../../../../riscv-none-embed/lib/rv32im/ilp32/crt0.o
LOAD /home/joaoantoniocardoso/opt/xPacks/@xpack-dev-tools/riscv-none-embed-gcc/8.3.0-1.1.1/.content/bin/../lib/gcc/riscv-none-embed/8.3.0/rv32im/ilp32/crtbegin.o
LOAD firmware.o
LOAD syscalls.o
LOAD start.o
LOAD utils.o
LOAD /home/joaoantoniocardoso/opt/xPacks/@xpack-dev-tools/riscv-none-embed-gcc/8.3.0-1.1.1/.content/bin/../lib/gcc/riscv-none-embed/8.3.0/rv32im/ilp32/libgcc.a
START GROUP
LOAD /home/joaoantoniocardoso/opt/xPacks/@xpack-dev-tools/riscv-none-embed-gcc/8.3.0-1.1.1/.content/bin/../lib/gcc/riscv-none-embed/8.3.0/rv32im/ilp32/libgcc.a
LOAD /home/joaoantoniocardoso/opt/xPacks/@xpack-dev-tools/riscv-none-embed-gcc/8.3.0-1.1.1/.content/bin/../lib/gcc/riscv-none-embed/8.3.0/../../../../riscv-none-embed/lib/rv32im/ilp32/libg.a
LOAD /home/joaoantoniocardoso/opt/xPacks/@xpack-dev-tools/riscv-none-embed-gcc/8.3.0-1.1.1/.content/bin/../lib/gcc/riscv-none-embed/8.3.0/../../../../riscv-none-embed/lib/rv32im/ilp32/libc.a
END GROUP
LOAD /home/joaoantoniocardoso/opt/xPacks/@xpack-dev-tools/riscv-none-embed-gcc/8.3.0-1.1.1/.content/bin/../lib/gcc/riscv-none-embed/8.3.0/rv32im/ilp32/libgcc.a
LOAD /home/joaoantoniocardoso/opt/xPacks/@xpack-dev-tools/riscv-none-embed-gcc/8.3.0-1.1.1/.content/bin/../lib/gcc/riscv-none-embed/8.3.0/rv32im/ilp32/crtend.o

.rom            0x0000000000000000      0x21c
 _pvstart*(.text)
 start*(.text)
 .text          0x0000000000000000       0x2c start.o
                0x0000000000000000                _pvstart
                0x0000000000000100                . = 0x100
 *fill*         0x000000000000002c       0xd4 
                0x0000000000000100                . = ALIGN (0x4)
 *(.text)
 .text          0x0000000000000100      0x11c firmware.o
                0x0000000000000100                main

.data           0x0000000002000000        0x0 load address 0x000000000000021c
                0x000000000000021c                _data_lma = LOADADDR (.data)
                0x0000000002000000                _data = .
                0x0000000002000000                __global_pointer$ = .
 *(.data .data.*)
 *(.sdata .sdata.*)
                0x0000000002000000                . = ALIGN (0x4)
                0x0000000002000000                _edata = .

.bss            0x0000000002000000        0x0 load address 0x000000000000021c
                0x0000000002000000                _bss_start = .
 *(.bss .bss.*)
                0x0000000002000000                . = ALIGN (0x4)
                0x0000000002000000                _bss_end = .
                0x0000000002000000                _end = .
OUTPUT(firmware.elf elf32-littleriscv)

.sbss           0x0000000002000000        0x4 load address 0x000000000000021c
 .sbss          0x0000000002000000        0x4 firmware.o

.comment        0x0000000000000000       0x33
 .comment       0x0000000000000000       0x33 firmware.o
                                         0x34 (size before relaxing)
