Archive member included to satisfy reference by file (symbol)

/home/xtarke/Data/Apps/riscv/riscv32i/lib/gcc/riscv32-unknown-elf/8.2.0/libgcc.a(div.o)
                              firmware.o (__divsi3)
/home/xtarke/Data/Apps/riscv/riscv32i/lib/gcc/riscv32-unknown-elf/8.2.0/../../../../riscv32-unknown-elf/lib/libc.a(lib_a-atexit.o)
                              /home/xtarke/Data/Apps/riscv/riscv32i/lib/gcc/riscv32-unknown-elf/8.2.0/../../../../riscv32-unknown-elf/lib/crt0.o (atexit)
/home/xtarke/Data/Apps/riscv/riscv32i/lib/gcc/riscv32-unknown-elf/8.2.0/../../../../riscv32-unknown-elf/lib/libc.a(lib_a-errno.o)
                              syscalls.o (__errno)
/home/xtarke/Data/Apps/riscv/riscv32i/lib/gcc/riscv32-unknown-elf/8.2.0/../../../../riscv32-unknown-elf/lib/libc.a(lib_a-exit.o)
                              /home/xtarke/Data/Apps/riscv/riscv32i/lib/gcc/riscv32-unknown-elf/8.2.0/../../../../riscv32-unknown-elf/lib/crt0.o (exit)
/home/xtarke/Data/Apps/riscv/riscv32i/lib/gcc/riscv32-unknown-elf/8.2.0/../../../../riscv32-unknown-elf/lib/libc.a(lib_a-fini.o)
                              /home/xtarke/Data/Apps/riscv/riscv32i/lib/gcc/riscv32-unknown-elf/8.2.0/../../../../riscv32-unknown-elf/lib/crt0.o (__libc_fini_array)
/home/xtarke/Data/Apps/riscv/riscv32i/lib/gcc/riscv32-unknown-elf/8.2.0/../../../../riscv32-unknown-elf/lib/libc.a(lib_a-impure.o)
                              /home/xtarke/Data/Apps/riscv/riscv32i/lib/gcc/riscv32-unknown-elf/8.2.0/../../../../riscv32-unknown-elf/lib/libc.a(lib_a-exit.o) (_global_impure_ptr)
/home/xtarke/Data/Apps/riscv/riscv32i/lib/gcc/riscv32-unknown-elf/8.2.0/../../../../riscv32-unknown-elf/lib/libc.a(lib_a-init.o)
                              /home/xtarke/Data/Apps/riscv/riscv32i/lib/gcc/riscv32-unknown-elf/8.2.0/../../../../riscv32-unknown-elf/lib/crt0.o (__libc_init_array)
/home/xtarke/Data/Apps/riscv/riscv32i/lib/gcc/riscv32-unknown-elf/8.2.0/../../../../riscv32-unknown-elf/lib/libc.a(lib_a-memcpy.o)
                              syscalls.o (memcpy)
/home/xtarke/Data/Apps/riscv/riscv32i/lib/gcc/riscv32-unknown-elf/8.2.0/../../../../riscv32-unknown-elf/lib/libc.a(lib_a-memset.o)
                              /home/xtarke/Data/Apps/riscv/riscv32i/lib/gcc/riscv32-unknown-elf/8.2.0/../../../../riscv32-unknown-elf/lib/crt0.o (memset)
/home/xtarke/Data/Apps/riscv/riscv32i/lib/gcc/riscv32-unknown-elf/8.2.0/../../../../riscv32-unknown-elf/lib/libc.a(lib_a-__atexit.o)
                              /home/xtarke/Data/Apps/riscv/riscv32i/lib/gcc/riscv32-unknown-elf/8.2.0/../../../../riscv32-unknown-elf/lib/libc.a(lib_a-atexit.o) (__register_exitproc)
/home/xtarke/Data/Apps/riscv/riscv32i/lib/gcc/riscv32-unknown-elf/8.2.0/../../../../riscv32-unknown-elf/lib/libc.a(lib_a-__call_atexit.o)
                              /home/xtarke/Data/Apps/riscv/riscv32i/lib/gcc/riscv32-unknown-elf/8.2.0/../../../../riscv32-unknown-elf/lib/libc.a(lib_a-exit.o) (__call_exitprocs)

Discarded input sections

 .data          0x0000000000000000        0x0 /home/xtarke/Data/Apps/riscv/riscv32i/lib/gcc/riscv32-unknown-elf/8.2.0/../../../../riscv32-unknown-elf/lib/crt0.o
 .bss           0x0000000000000000        0x0 /home/xtarke/Data/Apps/riscv/riscv32i/lib/gcc/riscv32-unknown-elf/8.2.0/../../../../riscv32-unknown-elf/lib/crt0.o
 .text          0x0000000000000000      0x104 /home/xtarke/Data/Apps/riscv/riscv32i/lib/gcc/riscv32-unknown-elf/8.2.0/crtbegin.o
 .data          0x0000000000000000        0x0 /home/xtarke/Data/Apps/riscv/riscv32i/lib/gcc/riscv32-unknown-elf/8.2.0/crtbegin.o
 .bss           0x0000000000000000       0x1c /home/xtarke/Data/Apps/riscv/riscv32i/lib/gcc/riscv32-unknown-elf/8.2.0/crtbegin.o
 .eh_frame      0x0000000000000000        0x0 /home/xtarke/Data/Apps/riscv/riscv32i/lib/gcc/riscv32-unknown-elf/8.2.0/crtbegin.o
 .tm_clone_table
                0x0000000000000000        0x0 /home/xtarke/Data/Apps/riscv/riscv32i/lib/gcc/riscv32-unknown-elf/8.2.0/crtbegin.o
 .sdata         0x0000000000000000        0x4 /home/xtarke/Data/Apps/riscv/riscv32i/lib/gcc/riscv32-unknown-elf/8.2.0/crtbegin.o
 .fini_array    0x0000000000000000        0x4 /home/xtarke/Data/Apps/riscv/riscv32i/lib/gcc/riscv32-unknown-elf/8.2.0/crtbegin.o
 .init_array    0x0000000000000000        0x4 /home/xtarke/Data/Apps/riscv/riscv32i/lib/gcc/riscv32-unknown-elf/8.2.0/crtbegin.o
 .comment       0x0000000000000000       0x12 /home/xtarke/Data/Apps/riscv/riscv32i/lib/gcc/riscv32-unknown-elf/8.2.0/crtbegin.o
 .data          0x0000000000000000        0x0 firmware.o
 .bss           0x0000000000000000        0x0 firmware.o
 .data          0x0000000000000000        0x0 syscalls.o
 .data          0x0000000000000000        0x0 start.o
 .bss           0x0000000000000000        0x0 start.o
 .data          0x0000000000000000        0x0 utils.o
 .bss           0x0000000000000000        0x0 utils.o
 .data          0x0000000000000000        0x0 /home/xtarke/Data/Apps/riscv/riscv32i/lib/gcc/riscv32-unknown-elf/8.2.0/libgcc.a(div.o)
 .bss           0x0000000000000000        0x0 /home/xtarke/Data/Apps/riscv/riscv32i/lib/gcc/riscv32-unknown-elf/8.2.0/libgcc.a(div.o)
 .data          0x0000000000000000        0x0 /home/xtarke/Data/Apps/riscv/riscv32i/lib/gcc/riscv32-unknown-elf/8.2.0/../../../../riscv32-unknown-elf/lib/libc.a(lib_a-atexit.o)
 .bss           0x0000000000000000        0x0 /home/xtarke/Data/Apps/riscv/riscv32i/lib/gcc/riscv32-unknown-elf/8.2.0/../../../../riscv32-unknown-elf/lib/libc.a(lib_a-atexit.o)
 .data          0x0000000000000000        0x0 /home/xtarke/Data/Apps/riscv/riscv32i/lib/gcc/riscv32-unknown-elf/8.2.0/../../../../riscv32-unknown-elf/lib/libc.a(lib_a-errno.o)
 .bss           0x0000000000000000        0x0 /home/xtarke/Data/Apps/riscv/riscv32i/lib/gcc/riscv32-unknown-elf/8.2.0/../../../../riscv32-unknown-elf/lib/libc.a(lib_a-errno.o)
 .data          0x0000000000000000        0x0 /home/xtarke/Data/Apps/riscv/riscv32i/lib/gcc/riscv32-unknown-elf/8.2.0/../../../../riscv32-unknown-elf/lib/libc.a(lib_a-exit.o)
 .bss           0x0000000000000000        0x0 /home/xtarke/Data/Apps/riscv/riscv32i/lib/gcc/riscv32-unknown-elf/8.2.0/../../../../riscv32-unknown-elf/lib/libc.a(lib_a-exit.o)
 .data          0x0000000000000000        0x0 /home/xtarke/Data/Apps/riscv/riscv32i/lib/gcc/riscv32-unknown-elf/8.2.0/../../../../riscv32-unknown-elf/lib/libc.a(lib_a-fini.o)
 .bss           0x0000000000000000        0x0 /home/xtarke/Data/Apps/riscv/riscv32i/lib/gcc/riscv32-unknown-elf/8.2.0/../../../../riscv32-unknown-elf/lib/libc.a(lib_a-fini.o)
 .text          0x0000000000000000        0x0 /home/xtarke/Data/Apps/riscv/riscv32i/lib/gcc/riscv32-unknown-elf/8.2.0/../../../../riscv32-unknown-elf/lib/libc.a(lib_a-impure.o)
 .bss           0x0000000000000000        0x0 /home/xtarke/Data/Apps/riscv/riscv32i/lib/gcc/riscv32-unknown-elf/8.2.0/../../../../riscv32-unknown-elf/lib/libc.a(lib_a-impure.o)
 .data          0x0000000000000000        0x0 /home/xtarke/Data/Apps/riscv/riscv32i/lib/gcc/riscv32-unknown-elf/8.2.0/../../../../riscv32-unknown-elf/lib/libc.a(lib_a-init.o)
 .bss           0x0000000000000000        0x0 /home/xtarke/Data/Apps/riscv/riscv32i/lib/gcc/riscv32-unknown-elf/8.2.0/../../../../riscv32-unknown-elf/lib/libc.a(lib_a-init.o)
 .data          0x0000000000000000        0x0 /home/xtarke/Data/Apps/riscv/riscv32i/lib/gcc/riscv32-unknown-elf/8.2.0/../../../../riscv32-unknown-elf/lib/libc.a(lib_a-memcpy.o)
 .bss           0x0000000000000000        0x0 /home/xtarke/Data/Apps/riscv/riscv32i/lib/gcc/riscv32-unknown-elf/8.2.0/../../../../riscv32-unknown-elf/lib/libc.a(lib_a-memcpy.o)
 .data          0x0000000000000000        0x0 /home/xtarke/Data/Apps/riscv/riscv32i/lib/gcc/riscv32-unknown-elf/8.2.0/../../../../riscv32-unknown-elf/lib/libc.a(lib_a-memset.o)
 .bss           0x0000000000000000        0x0 /home/xtarke/Data/Apps/riscv/riscv32i/lib/gcc/riscv32-unknown-elf/8.2.0/../../../../riscv32-unknown-elf/lib/libc.a(lib_a-memset.o)
 .data          0x0000000000000000        0x0 /home/xtarke/Data/Apps/riscv/riscv32i/lib/gcc/riscv32-unknown-elf/8.2.0/../../../../riscv32-unknown-elf/lib/libc.a(lib_a-__atexit.o)
 .bss           0x0000000000000000        0x0 /home/xtarke/Data/Apps/riscv/riscv32i/lib/gcc/riscv32-unknown-elf/8.2.0/../../../../riscv32-unknown-elf/lib/libc.a(lib_a-__atexit.o)
 .data          0x0000000000000000        0x0 /home/xtarke/Data/Apps/riscv/riscv32i/lib/gcc/riscv32-unknown-elf/8.2.0/../../../../riscv32-unknown-elf/lib/libc.a(lib_a-__call_atexit.o)
 .bss           0x0000000000000000        0x0 /home/xtarke/Data/Apps/riscv/riscv32i/lib/gcc/riscv32-unknown-elf/8.2.0/../../../../riscv32-unknown-elf/lib/libc.a(lib_a-__call_atexit.o)
 .text          0x0000000000000000        0x0 /home/xtarke/Data/Apps/riscv/riscv32i/lib/gcc/riscv32-unknown-elf/8.2.0/crtend.o
 .data          0x0000000000000000        0x0 /home/xtarke/Data/Apps/riscv/riscv32i/lib/gcc/riscv32-unknown-elf/8.2.0/crtend.o
 .bss           0x0000000000000000        0x0 /home/xtarke/Data/Apps/riscv/riscv32i/lib/gcc/riscv32-unknown-elf/8.2.0/crtend.o
 .eh_frame      0x0000000000000000        0x4 /home/xtarke/Data/Apps/riscv/riscv32i/lib/gcc/riscv32-unknown-elf/8.2.0/crtend.o
 .tm_clone_table
                0x0000000000000000        0x0 /home/xtarke/Data/Apps/riscv/riscv32i/lib/gcc/riscv32-unknown-elf/8.2.0/crtend.o
 .comment       0x0000000000000000       0x12 /home/xtarke/Data/Apps/riscv/riscv32i/lib/gcc/riscv32-unknown-elf/8.2.0/crtend.o

Memory Configuration

Name             Origin             Length             Attributes
rom              0x0000000000000000 0x000000000000fc00 xrw
ram              0x0000000002000000 0x0000000000000800 xrw
*default*        0x0000000000000000 0xffffffffffffffff

Linker script and memory map

LOAD /home/xtarke/Data/Apps/riscv/riscv32i/lib/gcc/riscv32-unknown-elf/8.2.0/../../../../riscv32-unknown-elf/lib/crt0.o
LOAD /home/xtarke/Data/Apps/riscv/riscv32i/lib/gcc/riscv32-unknown-elf/8.2.0/crtbegin.o
LOAD firmware.o
LOAD syscalls.o
LOAD start.o
LOAD utils.o
LOAD /home/xtarke/Data/Apps/riscv/riscv32i/lib/gcc/riscv32-unknown-elf/8.2.0/libgcc.a
START GROUP
LOAD /home/xtarke/Data/Apps/riscv/riscv32i/lib/gcc/riscv32-unknown-elf/8.2.0/../../../../riscv32-unknown-elf/lib/libc.a
LOAD /home/xtarke/Data/Apps/riscv/riscv32i/lib/gcc/riscv32-unknown-elf/8.2.0/../../../../riscv32-unknown-elf/lib/libgloss.a
END GROUP
LOAD /home/xtarke/Data/Apps/riscv/riscv32i/lib/gcc/riscv32-unknown-elf/8.2.0/libgcc.a
LOAD /home/xtarke/Data/Apps/riscv/riscv32i/lib/gcc/riscv32-unknown-elf/8.2.0/crtend.o

.rom            0x0000000000000000      0xb08
 _pvstart*(.text)
 start*(.text)
 .text          0x0000000000000000       0x2c start.o
                0x0000000000000000                _pvstart
                0x0000000000000100                . = 0x100
 *fill*         0x000000000000002c       0xd4 
                0x0000000000000100                . = ALIGN (0x4)
 *(.text)
 .text          0x0000000000000100       0x44 /home/xtarke/Data/Apps/riscv/riscv32i/lib/gcc/riscv32-unknown-elf/8.2.0/../../../../riscv32-unknown-elf/lib/crt0.o
                0x0000000000000100                _start
                0x0000000000000140                _init
                0x0000000000000140                _fini
 .text          0x0000000000000144      0x25c firmware.o
                0x0000000000000144                ADC_READ
                0x00000000000001b4                SEGS7_WRITE
                0x0000000000000268                main
 .text          0x00000000000003a0      0x1e8 syscalls.o
                0x00000000000003a0                _getpid
                0x00000000000003a0                _utime
                0x00000000000003a0                _sysconf
                0x00000000000003a0                _ftime
                0x00000000000003a0                _isatty
                0x00000000000003a0                _open
                0x00000000000003a0                _times
                0x00000000000003a0                _stat
                0x00000000000003a0                _chdir
                0x00000000000003a0                _wait
                0x00000000000003a0                _lseek
                0x00000000000003a0                _fstatat
                0x00000000000003a0                _link
                0x00000000000003a0                _chown
                0x00000000000003a0                _access
                0x00000000000003a0                _openat
                0x00000000000003a0                _execve
                0x00000000000003a0                _chmod
                0x00000000000003a0                _lstat
                0x00000000000003a0                _unlink
                0x00000000000003a0                _fork
                0x00000000000003a0                _getcwd
                0x00000000000003a0                _kill
                0x00000000000003a0                _gettimeofday
                0x00000000000003a0                _faccessat
                0x00000000000003a4                unimplemented_syscall
                0x00000000000003e8                _read
                0x0000000000000414                _write
                0x0000000000000478                _close
                0x000000000000049c                _fstat
                0x00000000000004dc                _sbrk
                0x0000000000000528                _exit
                0x000000000000053c                init_data_section
 .text          0x0000000000000588       0x34 utils.o
                0x0000000000000588                delay_
 .text          0x00000000000005bc       0xb4 /home/xtarke/Data/Apps/riscv/riscv32i/lib/gcc/riscv32-unknown-elf/8.2.0/libgcc.a(div.o)
                0x00000000000005bc                __divsi3
                0x00000000000005c4                __udivsi3
                0x000000000000060c                __umodsi3
                0x0000000000000640                __modsi3
 .text          0x0000000000000670       0x14 /home/xtarke/Data/Apps/riscv/riscv32i/lib/gcc/riscv32-unknown-elf/8.2.0/../../../../riscv32-unknown-elf/lib/libc.a(lib_a-atexit.o)
                0x0000000000000670                atexit
 .text          0x0000000000000684        0x8 /home/xtarke/Data/Apps/riscv/riscv32i/lib/gcc/riscv32-unknown-elf/8.2.0/../../../../riscv32-unknown-elf/lib/libc.a(lib_a-errno.o)
                0x0000000000000684                __errno
 .text          0x000000000000068c       0x34 /home/xtarke/Data/Apps/riscv/riscv32i/lib/gcc/riscv32-unknown-elf/8.2.0/../../../../riscv32-unknown-elf/lib/libc.a(lib_a-exit.o)
                0x000000000000068c                exit
 .text          0x00000000000006c0       0x5c /home/xtarke/Data/Apps/riscv/riscv32i/lib/gcc/riscv32-unknown-elf/8.2.0/../../../../riscv32-unknown-elf/lib/libc.a(lib_a-fini.o)
                0x00000000000006c0                __libc_fini_array
 .text          0x000000000000071c       0xa8 /home/xtarke/Data/Apps/riscv/riscv32i/lib/gcc/riscv32-unknown-elf/8.2.0/../../../../riscv32-unknown-elf/lib/libc.a(lib_a-init.o)
                0x000000000000071c                __libc_init_array
 .text          0x00000000000007c4       0xd8 /home/xtarke/Data/Apps/riscv/riscv32i/lib/gcc/riscv32-unknown-elf/8.2.0/../../../../riscv32-unknown-elf/lib/libc.a(lib_a-memcpy.o)
                0x00000000000007c4                memcpy
 .text          0x000000000000089c       0xdc /home/xtarke/Data/Apps/riscv/riscv32i/lib/gcc/riscv32-unknown-elf/8.2.0/../../../../riscv32-unknown-elf/lib/libc.a(lib_a-memset.o)
                0x000000000000089c                memset
 .text          0x0000000000000978       0x80 /home/xtarke/Data/Apps/riscv/riscv32i/lib/gcc/riscv32-unknown-elf/8.2.0/../../../../riscv32-unknown-elf/lib/libc.a(lib_a-__atexit.o)
                0x0000000000000978                __register_exitproc
 .text          0x00000000000009f8      0x110 /home/xtarke/Data/Apps/riscv/riscv32i/lib/gcc/riscv32-unknown-elf/8.2.0/../../../../riscv32-unknown-elf/lib/libc.a(lib_a-__call_atexit.o)
                0x00000000000009f8                __call_exitprocs

.rodata         0x0000000000000b08       0x23
 .rodata        0x0000000000000b08       0x23 syscalls.o

.srodata        0x0000000000000b2c        0x4
 .srodata       0x0000000000000b2c        0x4 /home/xtarke/Data/Apps/riscv/riscv32i/lib/gcc/riscv32-unknown-elf/8.2.0/../../../../riscv32-unknown-elf/lib/libc.a(lib_a-impure.o)
                0x0000000000000b2c                _global_impure_ptr

.rela.dyn       0x0000000000000b30        0x0
 .rela.text     0x0000000000000b30        0x0 /home/xtarke/Data/Apps/riscv/riscv32i/lib/gcc/riscv32-unknown-elf/8.2.0/../../../../riscv32-unknown-elf/lib/crt0.o

.data           0x0000000002000000      0x42c load address 0x0000000000000b30
                0x0000000000000b30                _data_lma = LOADADDR (.data)
                0x0000000002000000                _data = .
                0x0000000002000000                __global_pointer$ = .
 *(.data .data.*)
 .data          0x0000000002000000      0x428 /home/xtarke/Data/Apps/riscv/riscv32i/lib/gcc/riscv32-unknown-elf/8.2.0/../../../../riscv32-unknown-elf/lib/libc.a(lib_a-impure.o)
 *(.sdata .sdata.*)
 .sdata         0x0000000002000428        0x4 /home/xtarke/Data/Apps/riscv/riscv32i/lib/gcc/riscv32-unknown-elf/8.2.0/../../../../riscv32-unknown-elf/lib/libc.a(lib_a-impure.o)
                0x0000000002000428                _impure_ptr
                0x000000000200042c                . = ALIGN (0x4)
                0x000000000200042c                _edata = .

.bss            0x000000000200042c        0x4 load address 0x0000000000000f5c
                0x000000000200042c                _bss_start = .
 *(.bss .bss.*)
 .bss           0x000000000200042c        0x4 syscalls.o
                0x0000000002000430                . = ALIGN (0x4)
                0x0000000002000430                _bss_end = .
                0x0000000002000430                _end = .
OUTPUT(firmware.elf elf32-littleriscv)

.comment        0x0000000000000000       0x4a
 .comment       0x0000000000000000       0x39 firmware.o
                                         0x3a (size before relaxing)
 .comment       0x0000000000000039       0x3a syscalls.o
 .comment       0x0000000000000039       0x3a utils.o
 .comment       0x0000000000000039       0x11 /home/xtarke/Data/Apps/riscv/riscv32i/lib/gcc/riscv32-unknown-elf/8.2.0/../../../../riscv32-unknown-elf/lib/libc.a(lib_a-atexit.o)
                                         0x12 (size before relaxing)
 .comment       0x000000000000004a       0x12 /home/xtarke/Data/Apps/riscv/riscv32i/lib/gcc/riscv32-unknown-elf/8.2.0/../../../../riscv32-unknown-elf/lib/libc.a(lib_a-errno.o)
 .comment       0x000000000000004a       0x12 /home/xtarke/Data/Apps/riscv/riscv32i/lib/gcc/riscv32-unknown-elf/8.2.0/../../../../riscv32-unknown-elf/lib/libc.a(lib_a-exit.o)
 .comment       0x000000000000004a       0x12 /home/xtarke/Data/Apps/riscv/riscv32i/lib/gcc/riscv32-unknown-elf/8.2.0/../../../../riscv32-unknown-elf/lib/libc.a(lib_a-fini.o)
 .comment       0x000000000000004a       0x12 /home/xtarke/Data/Apps/riscv/riscv32i/lib/gcc/riscv32-unknown-elf/8.2.0/../../../../riscv32-unknown-elf/lib/libc.a(lib_a-impure.o)
 .comment       0x000000000000004a       0x12 /home/xtarke/Data/Apps/riscv/riscv32i/lib/gcc/riscv32-unknown-elf/8.2.0/../../../../riscv32-unknown-elf/lib/libc.a(lib_a-init.o)
 .comment       0x000000000000004a       0x12 /home/xtarke/Data/Apps/riscv/riscv32i/lib/gcc/riscv32-unknown-elf/8.2.0/../../../../riscv32-unknown-elf/lib/libc.a(lib_a-memcpy.o)
 .comment       0x000000000000004a       0x12 /home/xtarke/Data/Apps/riscv/riscv32i/lib/gcc/riscv32-unknown-elf/8.2.0/../../../../riscv32-unknown-elf/lib/libc.a(lib_a-__atexit.o)
 .comment       0x000000000000004a       0x12 /home/xtarke/Data/Apps/riscv/riscv32i/lib/gcc/riscv32-unknown-elf/8.2.0/../../../../riscv32-unknown-elf/lib/libc.a(lib_a-__call_atexit.o)

.debug_line     0x0000000000000000      0x169
 .debug_line    0x0000000000000000      0x169 /home/xtarke/Data/Apps/riscv/riscv32i/lib/gcc/riscv32-unknown-elf/8.2.0/libgcc.a(div.o)

.debug_info     0x0000000000000000       0x26
 .debug_info    0x0000000000000000       0x26 /home/xtarke/Data/Apps/riscv/riscv32i/lib/gcc/riscv32-unknown-elf/8.2.0/libgcc.a(div.o)

.debug_abbrev   0x0000000000000000       0x14
 .debug_abbrev  0x0000000000000000       0x14 /home/xtarke/Data/Apps/riscv/riscv32i/lib/gcc/riscv32-unknown-elf/8.2.0/libgcc.a(div.o)

.debug_aranges  0x0000000000000000       0x20
 .debug_aranges
                0x0000000000000000       0x20 /home/xtarke/Data/Apps/riscv/riscv32i/lib/gcc/riscv32-unknown-elf/8.2.0/libgcc.a(div.o)

.debug_str      0x0000000000000000       0xac
 .debug_str     0x0000000000000000       0xac /home/xtarke/Data/Apps/riscv/riscv32i/lib/gcc/riscv32-unknown-elf/8.2.0/libgcc.a(div.o)
