Archive member included to satisfy reference by file (symbol)

/home/arcela/riscv-multicycle/compiler/gcc/bin/../lib/gcc/riscv-none-elf/11.3.0/../../../../riscv-none-elf/lib/rv32im/ilp32/libc.a(lib_a-atexit.o)
                              /home/arcela/riscv-multicycle/compiler/gcc/bin/../lib/gcc/riscv-none-elf/11.3.0/../../../../riscv-none-elf/lib/rv32im/ilp32/crt0.o (atexit)
/home/arcela/riscv-multicycle/compiler/gcc/bin/../lib/gcc/riscv-none-elf/11.3.0/../../../../riscv-none-elf/lib/rv32im/ilp32/libc.a(lib_a-errno.o)
                              _core/syscalls.o (__errno)
/home/arcela/riscv-multicycle/compiler/gcc/bin/../lib/gcc/riscv-none-elf/11.3.0/../../../../riscv-none-elf/lib/rv32im/ilp32/libc.a(lib_a-exit.o)
                              /home/arcela/riscv-multicycle/compiler/gcc/bin/../lib/gcc/riscv-none-elf/11.3.0/../../../../riscv-none-elf/lib/rv32im/ilp32/crt0.o (exit)
/home/arcela/riscv-multicycle/compiler/gcc/bin/../lib/gcc/riscv-none-elf/11.3.0/../../../../riscv-none-elf/lib/rv32im/ilp32/libc.a(lib_a-fini.o)
                              /home/arcela/riscv-multicycle/compiler/gcc/bin/../lib/gcc/riscv-none-elf/11.3.0/../../../../riscv-none-elf/lib/rv32im/ilp32/crt0.o (__libc_fini_array)
/home/arcela/riscv-multicycle/compiler/gcc/bin/../lib/gcc/riscv-none-elf/11.3.0/../../../../riscv-none-elf/lib/rv32im/ilp32/libc.a(lib_a-impure.o)
                              /home/arcela/riscv-multicycle/compiler/gcc/bin/../lib/gcc/riscv-none-elf/11.3.0/../../../../riscv-none-elf/lib/rv32im/ilp32/libc.a(lib_a-exit.o) (_global_impure_ptr)
/home/arcela/riscv-multicycle/compiler/gcc/bin/../lib/gcc/riscv-none-elf/11.3.0/../../../../riscv-none-elf/lib/rv32im/ilp32/libc.a(lib_a-init.o)
                              /home/arcela/riscv-multicycle/compiler/gcc/bin/../lib/gcc/riscv-none-elf/11.3.0/../../../../riscv-none-elf/lib/rv32im/ilp32/crt0.o (__libc_init_array)
/home/arcela/riscv-multicycle/compiler/gcc/bin/../lib/gcc/riscv-none-elf/11.3.0/../../../../riscv-none-elf/lib/rv32im/ilp32/libc.a(lib_a-memcpy.o)
                              _core/syscalls.o (memcpy)
/home/arcela/riscv-multicycle/compiler/gcc/bin/../lib/gcc/riscv-none-elf/11.3.0/../../../../riscv-none-elf/lib/rv32im/ilp32/libc.a(lib_a-memset.o)
                              /home/arcela/riscv-multicycle/compiler/gcc/bin/../lib/gcc/riscv-none-elf/11.3.0/../../../../riscv-none-elf/lib/rv32im/ilp32/crt0.o (memset)
/home/arcela/riscv-multicycle/compiler/gcc/bin/../lib/gcc/riscv-none-elf/11.3.0/../../../../riscv-none-elf/lib/rv32im/ilp32/libc.a(lib_a-__atexit.o)
                              /home/arcela/riscv-multicycle/compiler/gcc/bin/../lib/gcc/riscv-none-elf/11.3.0/../../../../riscv-none-elf/lib/rv32im/ilp32/libc.a(lib_a-atexit.o) (__register_exitproc)
/home/arcela/riscv-multicycle/compiler/gcc/bin/../lib/gcc/riscv-none-elf/11.3.0/../../../../riscv-none-elf/lib/rv32im/ilp32/libc.a(lib_a-__call_atexit.o)
                              /home/arcela/riscv-multicycle/compiler/gcc/bin/../lib/gcc/riscv-none-elf/11.3.0/../../../../riscv-none-elf/lib/rv32im/ilp32/libc.a(lib_a-exit.o) (__call_exitprocs)

Memory Configuration

Name             Origin             Length             Attributes
rom              0x0000000000000000 0x000000000000fc00 xr
ram              0x0000000002000000 0x0000000000000800 xrw
*default*        0x0000000000000000 0xffffffffffffffff

Linker script and memory map

LOAD /home/arcela/riscv-multicycle/compiler/gcc/bin/../lib/gcc/riscv-none-elf/11.3.0/../../../../riscv-none-elf/lib/rv32im/ilp32/crt0.o
LOAD /home/arcela/riscv-multicycle/compiler/gcc/bin/../lib/gcc/riscv-none-elf/11.3.0/rv32im/ilp32/crtbegin.o
LOAD blink.o
LOAD start.o
LOAD _core/syscalls.o
LOAD _core/utils.o
LOAD gpio/gpio.o
LOAD /home/arcela/riscv-multicycle/compiler/gcc/bin/../lib/gcc/riscv-none-elf/11.3.0/rv32im/ilp32/libgcc.a
START GROUP
LOAD /home/arcela/riscv-multicycle/compiler/gcc/bin/../lib/gcc/riscv-none-elf/11.3.0/../../../../riscv-none-elf/lib/rv32im/ilp32/libc.a
LOAD /home/arcela/riscv-multicycle/compiler/gcc/bin/../lib/gcc/riscv-none-elf/11.3.0/../../../../riscv-none-elf/lib/rv32im/ilp32/libgloss.a
END GROUP
LOAD /home/arcela/riscv-multicycle/compiler/gcc/bin/../lib/gcc/riscv-none-elf/11.3.0/rv32im/ilp32/libgcc.a
LOAD /home/arcela/riscv-multicycle/compiler/gcc/bin/../lib/gcc/riscv-none-elf/11.3.0/rv32im/ilp32/crtend.o

.rom            0x0000000000000000      0x2fb
 _pvstart*(.text)
 start*(.text)
 .text          0x0000000000000000       0x58 start.o
                0x0000000000000000                _pvstart
                0x0000000000000058                . = ALIGN (0x4)
 *(.text)
 .text          0x0000000000000058       0x40 /home/arcela/riscv-multicycle/compiler/gcc/bin/../lib/gcc/riscv-none-elf/11.3.0/../../../../riscv-none-elf/lib/rv32im/ilp32/crt0.o
                0x0000000000000058                _start
 .text          0x0000000000000098        0x0 /home/arcela/riscv-multicycle/compiler/gcc/bin/../lib/gcc/riscv-none-elf/11.3.0/rv32im/ilp32/crtbegin.o
 .text          0x0000000000000098       0x28 blink.o
                0x0000000000000098                main
 .text          0x00000000000000c0       0xec _core/syscalls.o
                0x00000000000000c0                _getpid
                0x00000000000000c0                _utime
                0x00000000000000c0                _sysconf
                0x00000000000000c0                _ftime
                0x00000000000000c0                _isatty
                0x00000000000000c0                _open
                0x00000000000000c0                _times
                0x00000000000000c0                _stat
                0x00000000000000c0                _chdir
                0x00000000000000c0                _wait
                0x00000000000000c0                _lseek
                0x00000000000000c0                _fstatat
                0x00000000000000c0                _link
                0x00000000000000c0                _chown
                0x00000000000000c0                _access
                0x00000000000000c0                _openat
                0x00000000000000c0                _execve
                0x00000000000000c0                _chmod
                0x00000000000000c0                _lstat
                0x00000000000000c0                _unlink
                0x00000000000000c0                _fork
                0x00000000000000c0                _getcwd
                0x00000000000000c0                _kill
                0x00000000000000c0                _gettimeofday
                0x00000000000000c0                _faccessat
                0x00000000000000c4                unimplemented_syscall
                0x00000000000000e4                _read
                0x00000000000000ec                _write
                0x0000000000000110                _close
                0x0000000000000118                _fstat
                0x000000000000013c                _sbrk
                0x0000000000000160                _exit
                0x0000000000000164                init_data_section
 .text          0x00000000000001ac       0x10 _core/utils.o
                0x00000000000001ac                delay_
 .text          0x00000000000001bc       0x40 gpio/gpio.o
                0x00000000000001bc                input_interrupt_enable
 .text          0x00000000000001fc        0x0 /home/arcela/riscv-multicycle/compiler/gcc/bin/../lib/gcc/riscv-none-elf/11.3.0/../../../../riscv-none-elf/lib/rv32im/ilp32/libc.a(lib_a-atexit.o)
 .text          0x00000000000001fc        0x0 /home/arcela/riscv-multicycle/compiler/gcc/bin/../lib/gcc/riscv-none-elf/11.3.0/../../../../riscv-none-elf/lib/rv32im/ilp32/libc.a(lib_a-errno.o)
 .text          0x00000000000001fc        0x0 /home/arcela/riscv-multicycle/compiler/gcc/bin/../lib/gcc/riscv-none-elf/11.3.0/../../../../riscv-none-elf/lib/rv32im/ilp32/libc.a(lib_a-exit.o)
 .text          0x00000000000001fc        0x0 /home/arcela/riscv-multicycle/compiler/gcc/bin/../lib/gcc/riscv-none-elf/11.3.0/../../../../riscv-none-elf/lib/rv32im/ilp32/libc.a(lib_a-fini.o)
 .text          0x00000000000001fc        0x0 /home/arcela/riscv-multicycle/compiler/gcc/bin/../lib/gcc/riscv-none-elf/11.3.0/../../../../riscv-none-elf/lib/rv32im/ilp32/libc.a(lib_a-impure.o)
 .text          0x00000000000001fc        0x0 /home/arcela/riscv-multicycle/compiler/gcc/bin/../lib/gcc/riscv-none-elf/11.3.0/../../../../riscv-none-elf/lib/rv32im/ilp32/libc.a(lib_a-init.o)
 .text          0x00000000000001fc        0x0 /home/arcela/riscv-multicycle/compiler/gcc/bin/../lib/gcc/riscv-none-elf/11.3.0/../../../../riscv-none-elf/lib/rv32im/ilp32/libc.a(lib_a-memcpy.o)
 .text          0x00000000000001fc       0xdc /home/arcela/riscv-multicycle/compiler/gcc/bin/../lib/gcc/riscv-none-elf/11.3.0/../../../../riscv-none-elf/lib/rv32im/ilp32/libc.a(lib_a-memset.o)
                0x00000000000001fc                memset
 .text          0x00000000000002d8        0x0 /home/arcela/riscv-multicycle/compiler/gcc/bin/../lib/gcc/riscv-none-elf/11.3.0/../../../../riscv-none-elf/lib/rv32im/ilp32/libc.a(lib_a-__atexit.o)
 .text          0x00000000000002d8        0x0 /home/arcela/riscv-multicycle/compiler/gcc/bin/../lib/gcc/riscv-none-elf/11.3.0/../../../../riscv-none-elf/lib/rv32im/ilp32/libc.a(lib_a-__call_atexit.o)
 .text          0x00000000000002d8        0x0 /home/arcela/riscv-multicycle/compiler/gcc/bin/../lib/gcc/riscv-none-elf/11.3.0/rv32im/ilp32/crtend.o
 *(.rodata*)
 .rodata.str1.4
                0x00000000000002d8       0x23 _core/syscalls.o

.text.deregister_tm_clones
                0x00000000000002fc       0x1c
 .text.deregister_tm_clones
                0x00000000000002fc       0x1c /home/arcela/riscv-multicycle/compiler/gcc/bin/../lib/gcc/riscv-none-elf/11.3.0/rv32im/ilp32/crtbegin.o

.text.register_tm_clones
                0x0000000000000318       0x30
 .text.register_tm_clones
                0x0000000000000318       0x30 /home/arcela/riscv-multicycle/compiler/gcc/bin/../lib/gcc/riscv-none-elf/11.3.0/rv32im/ilp32/crtbegin.o

.text.__do_global_dtors_aux
                0x0000000000000348       0x48
 .text.__do_global_dtors_aux
                0x0000000000000348       0x48 /home/arcela/riscv-multicycle/compiler/gcc/bin/../lib/gcc/riscv-none-elf/11.3.0/rv32im/ilp32/crtbegin.o

.text.frame_dummy
                0x0000000000000390       0x30
 .text.frame_dummy
                0x0000000000000390       0x30 /home/arcela/riscv-multicycle/compiler/gcc/bin/../lib/gcc/riscv-none-elf/11.3.0/rv32im/ilp32/crtbegin.o

.text.trap      0x00000000000003c0       0xc8
 .text.trap     0x00000000000003c0       0xc8 start.o
                0x00000000000003c0                trap_entry

.text.irq       0x0000000000000488       0xa8
 .text.irq      0x0000000000000488       0xa8 start.o
                0x0000000000000488                irq_entry

.init           0x0000000000000530       0x84
 .init          0x0000000000000530       0x84 start.o

.text.atexit    0x00000000000005b4       0x14
 .text.atexit   0x00000000000005b4       0x14 /home/arcela/riscv-multicycle/compiler/gcc/bin/../lib/gcc/riscv-none-elf/11.3.0/../../../../riscv-none-elf/lib/rv32im/ilp32/libc.a(lib_a-atexit.o)
                0x00000000000005b4                atexit

.text.__errno   0x00000000000005c8        0x8
 .text.__errno  0x00000000000005c8        0x8 /home/arcela/riscv-multicycle/compiler/gcc/bin/../lib/gcc/riscv-none-elf/11.3.0/../../../../riscv-none-elf/lib/rv32im/ilp32/libc.a(lib_a-errno.o)
                0x00000000000005c8                __errno

.text.exit      0x00000000000005d0       0x34
 .text.exit     0x00000000000005d0       0x34 /home/arcela/riscv-multicycle/compiler/gcc/bin/../lib/gcc/riscv-none-elf/11.3.0/../../../../riscv-none-elf/lib/rv32im/ilp32/libc.a(lib_a-exit.o)
                0x00000000000005d0                exit

.text.__libc_fini_array
                0x0000000000000604       0x54
 .text.__libc_fini_array
                0x0000000000000604       0x54 /home/arcela/riscv-multicycle/compiler/gcc/bin/../lib/gcc/riscv-none-elf/11.3.0/../../../../riscv-none-elf/lib/rv32im/ilp32/libc.a(lib_a-fini.o)
                0x0000000000000604                __libc_fini_array

.text.__libc_init_array
                0x0000000000000658       0x84
 .text.__libc_init_array
                0x0000000000000658       0x84 /home/arcela/riscv-multicycle/compiler/gcc/bin/../lib/gcc/riscv-none-elf/11.3.0/../../../../riscv-none-elf/lib/rv32im/ilp32/libc.a(lib_a-init.o)
                0x0000000000000658                __libc_init_array

.text.memcpy    0x00000000000006dc      0x128
 .text.memcpy   0x00000000000006dc      0x128 /home/arcela/riscv-multicycle/compiler/gcc/bin/../lib/gcc/riscv-none-elf/11.3.0/../../../../riscv-none-elf/lib/rv32im/ilp32/libc.a(lib_a-memcpy.o)
                0x00000000000006dc                memcpy

.text.__register_exitproc
                0x0000000000000804       0x9c
 .text.__register_exitproc
                0x0000000000000804       0x9c /home/arcela/riscv-multicycle/compiler/gcc/bin/../lib/gcc/riscv-none-elf/11.3.0/../../../../riscv-none-elf/lib/rv32im/ilp32/libc.a(lib_a-__atexit.o)
                0x0000000000000804                __register_exitproc

.text.__call_exitprocs
                0x00000000000008a0      0x124
 .text.__call_exitprocs
                0x00000000000008a0      0x124 /home/arcela/riscv-multicycle/compiler/gcc/bin/../lib/gcc/riscv-none-elf/11.3.0/../../../../riscv-none-elf/lib/rv32im/ilp32/libc.a(lib_a-__call_atexit.o)
                0x00000000000008a0                __call_exitprocs

.srodata._global_impure_ptr
                0x00000000000009c4        0x4
 .srodata._global_impure_ptr
                0x00000000000009c4        0x4 /home/arcela/riscv-multicycle/compiler/gcc/bin/../lib/gcc/riscv-none-elf/11.3.0/../../../../riscv-none-elf/lib/rv32im/ilp32/libc.a(lib_a-impure.o)
                0x00000000000009c4                _global_impure_ptr

.rela.dyn       0x00000000000009c8        0x0
 .rela.text     0x00000000000009c8        0x0 /home/arcela/riscv-multicycle/compiler/gcc/bin/../lib/gcc/riscv-none-elf/11.3.0/../../../../riscv-none-elf/lib/rv32im/ilp32/crt0.o
 .rela.text.deregister_tm_clones
                0x00000000000009c8        0x0 /home/arcela/riscv-multicycle/compiler/gcc/bin/../lib/gcc/riscv-none-elf/11.3.0/../../../../riscv-none-elf/lib/rv32im/ilp32/crt0.o
 .rela.text.register_tm_clones
                0x00000000000009c8        0x0 /home/arcela/riscv-multicycle/compiler/gcc/bin/../lib/gcc/riscv-none-elf/11.3.0/../../../../riscv-none-elf/lib/rv32im/ilp32/crt0.o
 .rela.text.__do_global_dtors_aux
                0x00000000000009c8        0x0 /home/arcela/riscv-multicycle/compiler/gcc/bin/../lib/gcc/riscv-none-elf/11.3.0/../../../../riscv-none-elf/lib/rv32im/ilp32/crt0.o
 .rela.text.frame_dummy
                0x00000000000009c8        0x0 /home/arcela/riscv-multicycle/compiler/gcc/bin/../lib/gcc/riscv-none-elf/11.3.0/../../../../riscv-none-elf/lib/rv32im/ilp32/crt0.o
 .rela.init     0x00000000000009c8        0x0 /home/arcela/riscv-multicycle/compiler/gcc/bin/../lib/gcc/riscv-none-elf/11.3.0/../../../../riscv-none-elf/lib/rv32im/ilp32/crt0.o
 .rela.text.__libc_fini_array
                0x00000000000009c8        0x0 /home/arcela/riscv-multicycle/compiler/gcc/bin/../lib/gcc/riscv-none-elf/11.3.0/../../../../riscv-none-elf/lib/rv32im/ilp32/crt0.o
 .rela.text.__libc_init_array
                0x00000000000009c8        0x0 /home/arcela/riscv-multicycle/compiler/gcc/bin/../lib/gcc/riscv-none-elf/11.3.0/../../../../riscv-none-elf/lib/rv32im/ilp32/crt0.o

.data           0x0000000002000000      0x430 load address 0x00000000000009c8
                0x00000000000009c8                _data_lma = LOADADDR (.data)
                0x0000000002000000                _data = .
                0x0000000002000000                __global_pointer$ = .
 *(.data .data.*)
 .data          0x0000000002000000        0x0 /home/arcela/riscv-multicycle/compiler/gcc/bin/../lib/gcc/riscv-none-elf/11.3.0/../../../../riscv-none-elf/lib/rv32im/ilp32/crt0.o
 .data          0x0000000002000000        0x0 /home/arcela/riscv-multicycle/compiler/gcc/bin/../lib/gcc/riscv-none-elf/11.3.0/rv32im/ilp32/crtbegin.o
 .data          0x0000000002000000        0x0 blink.o
 .data          0x0000000002000000        0x0 start.o
 .data          0x0000000002000000        0x0 _core/syscalls.o
 .data          0x0000000002000000        0x0 _core/utils.o
 .data          0x0000000002000000        0x0 gpio/gpio.o
 .data          0x0000000002000000        0x0 /home/arcela/riscv-multicycle/compiler/gcc/bin/../lib/gcc/riscv-none-elf/11.3.0/../../../../riscv-none-elf/lib/rv32im/ilp32/libc.a(lib_a-atexit.o)
 .data          0x0000000002000000        0x0 /home/arcela/riscv-multicycle/compiler/gcc/bin/../lib/gcc/riscv-none-elf/11.3.0/../../../../riscv-none-elf/lib/rv32im/ilp32/libc.a(lib_a-errno.o)
 .data          0x0000000002000000        0x0 /home/arcela/riscv-multicycle/compiler/gcc/bin/../lib/gcc/riscv-none-elf/11.3.0/../../../../riscv-none-elf/lib/rv32im/ilp32/libc.a(lib_a-exit.o)
 .data          0x0000000002000000        0x0 /home/arcela/riscv-multicycle/compiler/gcc/bin/../lib/gcc/riscv-none-elf/11.3.0/../../../../riscv-none-elf/lib/rv32im/ilp32/libc.a(lib_a-fini.o)
 .data          0x0000000002000000        0x0 /home/arcela/riscv-multicycle/compiler/gcc/bin/../lib/gcc/riscv-none-elf/11.3.0/../../../../riscv-none-elf/lib/rv32im/ilp32/libc.a(lib_a-impure.o)
 .data.impure_data
                0x0000000002000000      0x428 /home/arcela/riscv-multicycle/compiler/gcc/bin/../lib/gcc/riscv-none-elf/11.3.0/../../../../riscv-none-elf/lib/rv32im/ilp32/libc.a(lib_a-impure.o)
 .data          0x0000000002000428        0x0 /home/arcela/riscv-multicycle/compiler/gcc/bin/../lib/gcc/riscv-none-elf/11.3.0/../../../../riscv-none-elf/lib/rv32im/ilp32/libc.a(lib_a-init.o)
 .data          0x0000000002000428        0x0 /home/arcela/riscv-multicycle/compiler/gcc/bin/../lib/gcc/riscv-none-elf/11.3.0/../../../../riscv-none-elf/lib/rv32im/ilp32/libc.a(lib_a-memcpy.o)
 .data          0x0000000002000428        0x0 /home/arcela/riscv-multicycle/compiler/gcc/bin/../lib/gcc/riscv-none-elf/11.3.0/../../../../riscv-none-elf/lib/rv32im/ilp32/libc.a(lib_a-memset.o)
 .data          0x0000000002000428        0x0 /home/arcela/riscv-multicycle/compiler/gcc/bin/../lib/gcc/riscv-none-elf/11.3.0/../../../../riscv-none-elf/lib/rv32im/ilp32/libc.a(lib_a-__atexit.o)
 .data          0x0000000002000428        0x0 /home/arcela/riscv-multicycle/compiler/gcc/bin/../lib/gcc/riscv-none-elf/11.3.0/../../../../riscv-none-elf/lib/rv32im/ilp32/libc.a(lib_a-__call_atexit.o)
 .data          0x0000000002000428        0x0 /home/arcela/riscv-multicycle/compiler/gcc/bin/../lib/gcc/riscv-none-elf/11.3.0/rv32im/ilp32/crtend.o
 *(.sdata .sdata.*)
 .sdata.__dso_handle
                0x0000000002000428        0x4 /home/arcela/riscv-multicycle/compiler/gcc/bin/../lib/gcc/riscv-none-elf/11.3.0/rv32im/ilp32/crtbegin.o
                0x0000000002000428                __dso_handle
 .sdata._impure_ptr
                0x000000000200042c        0x4 /home/arcela/riscv-multicycle/compiler/gcc/bin/../lib/gcc/riscv-none-elf/11.3.0/../../../../riscv-none-elf/lib/rv32im/ilp32/libc.a(lib_a-impure.o)
                0x000000000200042c                _impure_ptr
                0x0000000002000430                . = ALIGN (0x4)
                0x0000000002000430                _edata = .

.eh_frame       0x0000000002000430      0x120 load address 0x0000000000000df8
 .eh_frame      0x0000000002000430        0x0 /home/arcela/riscv-multicycle/compiler/gcc/bin/../lib/gcc/riscv-none-elf/11.3.0/rv32im/ilp32/crtbegin.o
 .eh_frame      0x0000000002000430       0x28 /home/arcela/riscv-multicycle/compiler/gcc/bin/../lib/gcc/riscv-none-elf/11.3.0/../../../../riscv-none-elf/lib/rv32im/ilp32/libc.a(lib_a-atexit.o)
 .eh_frame      0x0000000002000458       0x14 /home/arcela/riscv-multicycle/compiler/gcc/bin/../lib/gcc/riscv-none-elf/11.3.0/../../../../riscv-none-elf/lib/rv32im/ilp32/libc.a(lib_a-errno.o)
                                         0x28 (size before relaxing)
 .eh_frame      0x000000000200046c       0x1c /home/arcela/riscv-multicycle/compiler/gcc/bin/../lib/gcc/riscv-none-elf/11.3.0/../../../../riscv-none-elf/lib/rv32im/ilp32/libc.a(lib_a-exit.o)
                                         0x30 (size before relaxing)
 .eh_frame      0x0000000002000488       0x28 /home/arcela/riscv-multicycle/compiler/gcc/bin/../lib/gcc/riscv-none-elf/11.3.0/../../../../riscv-none-elf/lib/rv32im/ilp32/libc.a(lib_a-fini.o)
                                         0x3c (size before relaxing)
 .eh_frame      0x00000000020004b0       0x2c /home/arcela/riscv-multicycle/compiler/gcc/bin/../lib/gcc/riscv-none-elf/11.3.0/../../../../riscv-none-elf/lib/rv32im/ilp32/libc.a(lib_a-init.o)
                                         0x40 (size before relaxing)
 .eh_frame      0x00000000020004dc       0x14 /home/arcela/riscv-multicycle/compiler/gcc/bin/../lib/gcc/riscv-none-elf/11.3.0/../../../../riscv-none-elf/lib/rv32im/ilp32/libc.a(lib_a-memcpy.o)
                                         0x28 (size before relaxing)
 .eh_frame      0x00000000020004f0       0x14 /home/arcela/riscv-multicycle/compiler/gcc/bin/../lib/gcc/riscv-none-elf/11.3.0/../../../../riscv-none-elf/lib/rv32im/ilp32/libc.a(lib_a-__atexit.o)
                                         0x28 (size before relaxing)
 .eh_frame      0x0000000002000504       0x48 /home/arcela/riscv-multicycle/compiler/gcc/bin/../lib/gcc/riscv-none-elf/11.3.0/../../../../riscv-none-elf/lib/rv32im/ilp32/libc.a(lib_a-__call_atexit.o)
                                         0x5c (size before relaxing)
 .eh_frame      0x000000000200054c        0x4 /home/arcela/riscv-multicycle/compiler/gcc/bin/../lib/gcc/riscv-none-elf/11.3.0/rv32im/ilp32/crtend.o

.tm_clone_table
                0x0000000002000550        0x0 load address 0x0000000000000f18
 .tm_clone_table
                0x0000000002000550        0x0 /home/arcela/riscv-multicycle/compiler/gcc/bin/../lib/gcc/riscv-none-elf/11.3.0/rv32im/ilp32/crtbegin.o
 .tm_clone_table
                0x0000000002000550        0x0 /home/arcela/riscv-multicycle/compiler/gcc/bin/../lib/gcc/riscv-none-elf/11.3.0/rv32im/ilp32/crtend.o

.fini_array     0x0000000002000550        0x4 load address 0x0000000000000f18
 .fini_array    0x0000000002000550        0x4 /home/arcela/riscv-multicycle/compiler/gcc/bin/../lib/gcc/riscv-none-elf/11.3.0/rv32im/ilp32/crtbegin.o

.init_array     0x0000000002000554        0x4 load address 0x0000000000000f1c
 .init_array    0x0000000002000554        0x4 /home/arcela/riscv-multicycle/compiler/gcc/bin/../lib/gcc/riscv-none-elf/11.3.0/rv32im/ilp32/crtbegin.o

.bss            0x0000000002000558       0x18 load address 0x0000000000000f20
                0x0000000002000558                __bss_start = .
 *(.bss .bss.*)
 .bss           0x0000000002000558        0x0 /home/arcela/riscv-multicycle/compiler/gcc/bin/../lib/gcc/riscv-none-elf/11.3.0/../../../../riscv-none-elf/lib/rv32im/ilp32/crt0.o
 .bss           0x0000000002000558        0x0 /home/arcela/riscv-multicycle/compiler/gcc/bin/../lib/gcc/riscv-none-elf/11.3.0/rv32im/ilp32/crtbegin.o
 .bss.object.0  0x0000000002000558       0x18 /home/arcela/riscv-multicycle/compiler/gcc/bin/../lib/gcc/riscv-none-elf/11.3.0/rv32im/ilp32/crtbegin.o
 .bss           0x0000000002000570        0x0 blink.o
 .bss           0x0000000002000570        0x0 start.o
 .bss           0x0000000002000570        0x0 _core/syscalls.o
 .bss           0x0000000002000570        0x0 _core/utils.o
 .bss           0x0000000002000570        0x0 gpio/gpio.o
 .bss           0x0000000002000570        0x0 /home/arcela/riscv-multicycle/compiler/gcc/bin/../lib/gcc/riscv-none-elf/11.3.0/../../../../riscv-none-elf/lib/rv32im/ilp32/libc.a(lib_a-atexit.o)
 .bss           0x0000000002000570        0x0 /home/arcela/riscv-multicycle/compiler/gcc/bin/../lib/gcc/riscv-none-elf/11.3.0/../../../../riscv-none-elf/lib/rv32im/ilp32/libc.a(lib_a-errno.o)
 .bss           0x0000000002000570        0x0 /home/arcela/riscv-multicycle/compiler/gcc/bin/../lib/gcc/riscv-none-elf/11.3.0/../../../../riscv-none-elf/lib/rv32im/ilp32/libc.a(lib_a-exit.o)
 .bss           0x0000000002000570        0x0 /home/arcela/riscv-multicycle/compiler/gcc/bin/../lib/gcc/riscv-none-elf/11.3.0/../../../../riscv-none-elf/lib/rv32im/ilp32/libc.a(lib_a-fini.o)
 .bss           0x0000000002000570        0x0 /home/arcela/riscv-multicycle/compiler/gcc/bin/../lib/gcc/riscv-none-elf/11.3.0/../../../../riscv-none-elf/lib/rv32im/ilp32/libc.a(lib_a-impure.o)
 .bss           0x0000000002000570        0x0 /home/arcela/riscv-multicycle/compiler/gcc/bin/../lib/gcc/riscv-none-elf/11.3.0/../../../../riscv-none-elf/lib/rv32im/ilp32/libc.a(lib_a-init.o)
 .bss           0x0000000002000570        0x0 /home/arcela/riscv-multicycle/compiler/gcc/bin/../lib/gcc/riscv-none-elf/11.3.0/../../../../riscv-none-elf/lib/rv32im/ilp32/libc.a(lib_a-memcpy.o)
 .bss           0x0000000002000570        0x0 /home/arcela/riscv-multicycle/compiler/gcc/bin/../lib/gcc/riscv-none-elf/11.3.0/../../../../riscv-none-elf/lib/rv32im/ilp32/libc.a(lib_a-memset.o)
 .bss           0x0000000002000570        0x0 /home/arcela/riscv-multicycle/compiler/gcc/bin/../lib/gcc/riscv-none-elf/11.3.0/../../../../riscv-none-elf/lib/rv32im/ilp32/libc.a(lib_a-__atexit.o)
 .bss           0x0000000002000570        0x0 /home/arcela/riscv-multicycle/compiler/gcc/bin/../lib/gcc/riscv-none-elf/11.3.0/../../../../riscv-none-elf/lib/rv32im/ilp32/libc.a(lib_a-__call_atexit.o)
 .bss           0x0000000002000570        0x0 /home/arcela/riscv-multicycle/compiler/gcc/bin/../lib/gcc/riscv-none-elf/11.3.0/rv32im/ilp32/crtend.o
                0x0000000002000570                . = ALIGN (0x4)
                0x0000000002000570                _bss_end = .
                0x0000000002000570                _end = .
OUTPUT(blink.elf elf32-littleriscv)

.sbss.completed.1
                0x0000000002000570        0x1 load address 0x0000000000000f20
 .sbss.completed.1
                0x0000000002000570        0x1 /home/arcela/riscv-multicycle/compiler/gcc/bin/../lib/gcc/riscv-none-elf/11.3.0/rv32im/ilp32/crtbegin.o

.sbss           0x0000000002000574        0x4 load address 0x0000000000000f20
 .sbss          0x0000000002000574        0x4 _core/syscalls.o

.riscv.attributes
                0x0000000000000000       0x25
 .riscv.attributes
                0x0000000000000000       0x1f /home/arcela/riscv-multicycle/compiler/gcc/bin/../lib/gcc/riscv-none-elf/11.3.0/../../../../riscv-none-elf/lib/rv32im/ilp32/crt0.o
 .riscv.attributes
                0x000000000000001f       0x21 /home/arcela/riscv-multicycle/compiler/gcc/bin/../lib/gcc/riscv-none-elf/11.3.0/rv32im/ilp32/crtbegin.o
 .riscv.attributes
                0x0000000000000040       0x21 blink.o
 .riscv.attributes
                0x0000000000000061       0x23 start.o
 .riscv.attributes
                0x0000000000000084       0x21 _core/syscalls.o
 .riscv.attributes
                0x00000000000000a5       0x21 _core/utils.o
 .riscv.attributes
                0x00000000000000c6       0x21 gpio/gpio.o
 .riscv.attributes
                0x00000000000000e7       0x21 /home/arcela/riscv-multicycle/compiler/gcc/bin/../lib/gcc/riscv-none-elf/11.3.0/../../../../riscv-none-elf/lib/rv32im/ilp32/libc.a(lib_a-atexit.o)
 .riscv.attributes
                0x0000000000000108       0x21 /home/arcela/riscv-multicycle/compiler/gcc/bin/../lib/gcc/riscv-none-elf/11.3.0/../../../../riscv-none-elf/lib/rv32im/ilp32/libc.a(lib_a-errno.o)
 .riscv.attributes
                0x0000000000000129       0x21 /home/arcela/riscv-multicycle/compiler/gcc/bin/../lib/gcc/riscv-none-elf/11.3.0/../../../../riscv-none-elf/lib/rv32im/ilp32/libc.a(lib_a-exit.o)
 .riscv.attributes
                0x000000000000014a       0x21 /home/arcela/riscv-multicycle/compiler/gcc/bin/../lib/gcc/riscv-none-elf/11.3.0/../../../../riscv-none-elf/lib/rv32im/ilp32/libc.a(lib_a-fini.o)
 .riscv.attributes
                0x000000000000016b       0x21 /home/arcela/riscv-multicycle/compiler/gcc/bin/../lib/gcc/riscv-none-elf/11.3.0/../../../../riscv-none-elf/lib/rv32im/ilp32/libc.a(lib_a-impure.o)
 .riscv.attributes
                0x000000000000018c       0x21 /home/arcela/riscv-multicycle/compiler/gcc/bin/../lib/gcc/riscv-none-elf/11.3.0/../../../../riscv-none-elf/lib/rv32im/ilp32/libc.a(lib_a-init.o)
 .riscv.attributes
                0x00000000000001ad       0x21 /home/arcela/riscv-multicycle/compiler/gcc/bin/../lib/gcc/riscv-none-elf/11.3.0/../../../../riscv-none-elf/lib/rv32im/ilp32/libc.a(lib_a-memcpy.o)
 .riscv.attributes
                0x00000000000001ce       0x1f /home/arcela/riscv-multicycle/compiler/gcc/bin/../lib/gcc/riscv-none-elf/11.3.0/../../../../riscv-none-elf/lib/rv32im/ilp32/libc.a(lib_a-memset.o)
 .riscv.attributes
                0x00000000000001ed       0x21 /home/arcela/riscv-multicycle/compiler/gcc/bin/../lib/gcc/riscv-none-elf/11.3.0/../../../../riscv-none-elf/lib/rv32im/ilp32/libc.a(lib_a-__atexit.o)
 .riscv.attributes
                0x000000000000020e       0x21 /home/arcela/riscv-multicycle/compiler/gcc/bin/../lib/gcc/riscv-none-elf/11.3.0/../../../../riscv-none-elf/lib/rv32im/ilp32/libc.a(lib_a-__call_atexit.o)
 .riscv.attributes
                0x000000000000022f       0x21 /home/arcela/riscv-multicycle/compiler/gcc/bin/../lib/gcc/riscv-none-elf/11.3.0/rv32im/ilp32/crtend.o

.comment        0x0000000000000000       0x33
 .comment       0x0000000000000000       0x33 /home/arcela/riscv-multicycle/compiler/gcc/bin/../lib/gcc/riscv-none-elf/11.3.0/rv32im/ilp32/crtbegin.o
                                         0x34 (size before relaxing)
 .comment       0x0000000000000033       0x34 blink.o
 .comment       0x0000000000000033       0x34 _core/syscalls.o
 .comment       0x0000000000000033       0x34 _core/utils.o
 .comment       0x0000000000000033       0x34 gpio/gpio.o
 .comment       0x0000000000000033       0x34 /home/arcela/riscv-multicycle/compiler/gcc/bin/../lib/gcc/riscv-none-elf/11.3.0/../../../../riscv-none-elf/lib/rv32im/ilp32/libc.a(lib_a-atexit.o)
 .comment       0x0000000000000033       0x34 /home/arcela/riscv-multicycle/compiler/gcc/bin/../lib/gcc/riscv-none-elf/11.3.0/../../../../riscv-none-elf/lib/rv32im/ilp32/libc.a(lib_a-errno.o)
 .comment       0x0000000000000033       0x34 /home/arcela/riscv-multicycle/compiler/gcc/bin/../lib/gcc/riscv-none-elf/11.3.0/../../../../riscv-none-elf/lib/rv32im/ilp32/libc.a(lib_a-exit.o)
 .comment       0x0000000000000033       0x34 /home/arcela/riscv-multicycle/compiler/gcc/bin/../lib/gcc/riscv-none-elf/11.3.0/../../../../riscv-none-elf/lib/rv32im/ilp32/libc.a(lib_a-fini.o)
 .comment       0x0000000000000033       0x34 /home/arcela/riscv-multicycle/compiler/gcc/bin/../lib/gcc/riscv-none-elf/11.3.0/../../../../riscv-none-elf/lib/rv32im/ilp32/libc.a(lib_a-impure.o)
 .comment       0x0000000000000033       0x34 /home/arcela/riscv-multicycle/compiler/gcc/bin/../lib/gcc/riscv-none-elf/11.3.0/../../../../riscv-none-elf/lib/rv32im/ilp32/libc.a(lib_a-init.o)
 .comment       0x0000000000000033       0x34 /home/arcela/riscv-multicycle/compiler/gcc/bin/../lib/gcc/riscv-none-elf/11.3.0/../../../../riscv-none-elf/lib/rv32im/ilp32/libc.a(lib_a-memcpy.o)
 .comment       0x0000000000000033       0x34 /home/arcela/riscv-multicycle/compiler/gcc/bin/../lib/gcc/riscv-none-elf/11.3.0/../../../../riscv-none-elf/lib/rv32im/ilp32/libc.a(lib_a-__atexit.o)
 .comment       0x0000000000000033       0x34 /home/arcela/riscv-multicycle/compiler/gcc/bin/../lib/gcc/riscv-none-elf/11.3.0/../../../../riscv-none-elf/lib/rv32im/ilp32/libc.a(lib_a-__call_atexit.o)
 .comment       0x0000000000000033       0x34 /home/arcela/riscv-multicycle/compiler/gcc/bin/../lib/gcc/riscv-none-elf/11.3.0/rv32im/ilp32/crtend.o
