Archive member included to satisfy reference by file (symbol)

/home/benitez/.local/xPacks/@xpack-dev-tools/riscv-none-embed-gcc/10.2.0-1.2.1/.content/bin/../lib/gcc/riscv-none-embed/10.2.0/../../../../riscv-none-embed/lib/rv32im/ilp32/libg.a(lib_a-errno.o)
                              _core/syscalls.o (__errno)
/home/benitez/.local/xPacks/@xpack-dev-tools/riscv-none-embed-gcc/10.2.0-1.2.1/.content/bin/../lib/gcc/riscv-none-embed/10.2.0/../../../../riscv-none-embed/lib/rv32im/ilp32/libg.a(lib_a-exit.o)
                              /home/benitez/.local/xPacks/@xpack-dev-tools/riscv-none-embed-gcc/10.2.0-1.2.1/.content/bin/../lib/gcc/riscv-none-embed/10.2.0/../../../../riscv-none-embed/lib/rv32im/ilp32/crt0.o (exit)
/home/benitez/.local/xPacks/@xpack-dev-tools/riscv-none-embed-gcc/10.2.0-1.2.1/.content/bin/../lib/gcc/riscv-none-embed/10.2.0/../../../../riscv-none-embed/lib/rv32im/ilp32/libg.a(lib_a-impure.o)
                              /home/benitez/.local/xPacks/@xpack-dev-tools/riscv-none-embed-gcc/10.2.0-1.2.1/.content/bin/../lib/gcc/riscv-none-embed/10.2.0/../../../../riscv-none-embed/lib/rv32im/ilp32/libg.a(lib_a-exit.o) (_global_impure_ptr)
/home/benitez/.local/xPacks/@xpack-dev-tools/riscv-none-embed-gcc/10.2.0-1.2.1/.content/bin/../lib/gcc/riscv-none-embed/10.2.0/../../../../riscv-none-embed/lib/rv32im/ilp32/libg.a(lib_a-init.o)
                              /home/benitez/.local/xPacks/@xpack-dev-tools/riscv-none-embed-gcc/10.2.0-1.2.1/.content/bin/../lib/gcc/riscv-none-embed/10.2.0/../../../../riscv-none-embed/lib/rv32im/ilp32/crt0.o (__libc_init_array)
/home/benitez/.local/xPacks/@xpack-dev-tools/riscv-none-embed-gcc/10.2.0-1.2.1/.content/bin/../lib/gcc/riscv-none-embed/10.2.0/../../../../riscv-none-embed/lib/rv32im/ilp32/libg.a(lib_a-memcpy.o)
                              _core/syscalls.o (memcpy)
/home/benitez/.local/xPacks/@xpack-dev-tools/riscv-none-embed-gcc/10.2.0-1.2.1/.content/bin/../lib/gcc/riscv-none-embed/10.2.0/../../../../riscv-none-embed/lib/rv32im/ilp32/libg.a(lib_a-memset.o)
                              /home/benitez/.local/xPacks/@xpack-dev-tools/riscv-none-embed-gcc/10.2.0-1.2.1/.content/bin/../lib/gcc/riscv-none-embed/10.2.0/../../../../riscv-none-embed/lib/rv32im/ilp32/crt0.o (memset)
/home/benitez/.local/xPacks/@xpack-dev-tools/riscv-none-embed-gcc/10.2.0-1.2.1/.content/bin/../lib/gcc/riscv-none-embed/10.2.0/../../../../riscv-none-embed/lib/rv32im/ilp32/libg.a(lib_a-__call_atexit.o)
                              /home/benitez/.local/xPacks/@xpack-dev-tools/riscv-none-embed-gcc/10.2.0-1.2.1/.content/bin/../lib/gcc/riscv-none-embed/10.2.0/../../../../riscv-none-embed/lib/rv32im/ilp32/libg.a(lib_a-exit.o) (__call_exitprocs)
/home/benitez/.local/xPacks/@xpack-dev-tools/riscv-none-embed-gcc/10.2.0-1.2.1/.content/bin/../lib/gcc/riscv-none-embed/10.2.0/../../../../riscv-none-embed/lib/rv32im/ilp32/libg.a(lib_a-fini.o)
                              /home/benitez/.local/xPacks/@xpack-dev-tools/riscv-none-embed-gcc/10.2.0-1.2.1/.content/bin/../lib/gcc/riscv-none-embed/10.2.0/../../../../riscv-none-embed/lib/rv32im/ilp32/libg.a(lib_a-__call_atexit.o) (__libc_fini_array)
/home/benitez/.local/xPacks/@xpack-dev-tools/riscv-none-embed-gcc/10.2.0-1.2.1/.content/bin/../lib/gcc/riscv-none-embed/10.2.0/../../../../riscv-none-embed/lib/rv32im/ilp32/libg.a(lib_a-atexit.o)
                              /home/benitez/.local/xPacks/@xpack-dev-tools/riscv-none-embed-gcc/10.2.0-1.2.1/.content/bin/../lib/gcc/riscv-none-embed/10.2.0/../../../../riscv-none-embed/lib/rv32im/ilp32/libg.a(lib_a-__call_atexit.o) (atexit)
/home/benitez/.local/xPacks/@xpack-dev-tools/riscv-none-embed-gcc/10.2.0-1.2.1/.content/bin/../lib/gcc/riscv-none-embed/10.2.0/../../../../riscv-none-embed/lib/rv32im/ilp32/libg.a(lib_a-__atexit.o)
                              /home/benitez/.local/xPacks/@xpack-dev-tools/riscv-none-embed-gcc/10.2.0-1.2.1/.content/bin/../lib/gcc/riscv-none-embed/10.2.0/../../../../riscv-none-embed/lib/rv32im/ilp32/libg.a(lib_a-atexit.o) (__register_exitproc)

Memory Configuration

Name             Origin             Length             Attributes
rom              0x0000000000000000 0x000000000000fc00 xrw
ram              0x0000000002000000 0x0000000000000800 xrw
*default*        0x0000000000000000 0xffffffffffffffff

Linker script and memory map

LOAD /home/benitez/.local/xPacks/@xpack-dev-tools/riscv-none-embed-gcc/10.2.0-1.2.1/.content/bin/../lib/gcc/riscv-none-embed/10.2.0/../../../../riscv-none-embed/lib/rv32im/ilp32/crt0.o
LOAD /home/benitez/.local/xPacks/@xpack-dev-tools/riscv-none-embed-gcc/10.2.0-1.2.1/.content/bin/../lib/gcc/riscv-none-embed/10.2.0/rv32im/ilp32/crtbegin.o
LOAD gpio.o
LOAD start.o
LOAD _core/syscalls.o
LOAD _core/utils.o
LOAD gpio/gpio.o
LOAD /home/benitez/.local/xPacks/@xpack-dev-tools/riscv-none-embed-gcc/10.2.0-1.2.1/.content/bin/../lib/gcc/riscv-none-embed/10.2.0/rv32im/ilp32/libgcc.a
START GROUP
LOAD /home/benitez/.local/xPacks/@xpack-dev-tools/riscv-none-embed-gcc/10.2.0-1.2.1/.content/bin/../lib/gcc/riscv-none-embed/10.2.0/rv32im/ilp32/libgcc.a
LOAD /home/benitez/.local/xPacks/@xpack-dev-tools/riscv-none-embed-gcc/10.2.0-1.2.1/.content/bin/../lib/gcc/riscv-none-embed/10.2.0/../../../../riscv-none-embed/lib/rv32im/ilp32/libg.a
LOAD /home/benitez/.local/xPacks/@xpack-dev-tools/riscv-none-embed-gcc/10.2.0-1.2.1/.content/bin/../lib/gcc/riscv-none-embed/10.2.0/../../../../riscv-none-embed/lib/rv32im/ilp32/libc.a
END GROUP
LOAD /home/benitez/.local/xPacks/@xpack-dev-tools/riscv-none-embed-gcc/10.2.0-1.2.1/.content/bin/../lib/gcc/riscv-none-embed/10.2.0/rv32im/ilp32/libgcc.a
LOAD /home/benitez/.local/xPacks/@xpack-dev-tools/riscv-none-embed-gcc/10.2.0-1.2.1/.content/bin/../lib/gcc/riscv-none-embed/10.2.0/rv32im/ilp32/crtend.o

.rom            0x0000000000000000      0x394
 _pvstart*(.text)
 start*(.text)
 .text          0x0000000000000000       0x58 start.o
                0x0000000000000000                _pvstart
                0x0000000000000100                . = 0x100
 *fill*         0x0000000000000058       0xa8 
                0x0000000000000100                . = ALIGN (0x4)
 *(.text)
 .text          0x0000000000000100       0x50 /home/benitez/.local/xPacks/@xpack-dev-tools/riscv-none-embed-gcc/10.2.0-1.2.1/.content/bin/../lib/gcc/riscv-none-embed/10.2.0/../../../../riscv-none-embed/lib/rv32im/ilp32/crt0.o
                0x0000000000000100                _start
 .text          0x0000000000000150        0x0 /home/benitez/.local/xPacks/@xpack-dev-tools/riscv-none-embed-gcc/10.2.0-1.2.1/.content/bin/../lib/gcc/riscv-none-embed/10.2.0/rv32im/ilp32/crtbegin.o
 .text          0x0000000000000150       0x40 gpio.o
                0x0000000000000150                input_interrupt_enable
 .text          0x0000000000000190       0xd8 _core/syscalls.o
                0x0000000000000190                _getpid
                0x0000000000000190                _utime
                0x0000000000000190                _sysconf
                0x0000000000000190                _ftime
                0x0000000000000190                _isatty
                0x0000000000000190                _open
                0x0000000000000190                _times
                0x0000000000000190                _stat
                0x0000000000000190                _chdir
                0x0000000000000190                _wait
                0x0000000000000190                _lseek
                0x0000000000000190                _fstatat
                0x0000000000000190                _link
                0x0000000000000190                _chown
                0x0000000000000190                _access
                0x0000000000000190                _openat
                0x0000000000000190                _execve
                0x0000000000000190                _chmod
                0x0000000000000190                _lstat
                0x0000000000000190                _unlink
                0x0000000000000190                _fork
                0x0000000000000190                _getcwd
                0x0000000000000190                _kill
                0x0000000000000190                _gettimeofday
                0x0000000000000190                _faccessat
                0x0000000000000194                unimplemented_syscall
                0x00000000000001b8                _read
                0x00000000000001c0                _write
                0x00000000000001e4                _close
                0x00000000000001ec                _fstat
                0x0000000000000210                _sbrk
                0x0000000000000234                _exit
                0x0000000000000238                init_data_section
 .text          0x0000000000000268       0x10 _core/utils.o
                0x0000000000000268                delay_
 .text          0x0000000000000278       0x40 gpio/gpio.o
 .text          0x00000000000002b8        0x0 /home/benitez/.local/xPacks/@xpack-dev-tools/riscv-none-embed-gcc/10.2.0-1.2.1/.content/bin/../lib/gcc/riscv-none-embed/10.2.0/../../../../riscv-none-embed/lib/rv32im/ilp32/libg.a(lib_a-errno.o)
 .text          0x00000000000002b8        0x0 /home/benitez/.local/xPacks/@xpack-dev-tools/riscv-none-embed-gcc/10.2.0-1.2.1/.content/bin/../lib/gcc/riscv-none-embed/10.2.0/../../../../riscv-none-embed/lib/rv32im/ilp32/libg.a(lib_a-exit.o)
 .text          0x00000000000002b8        0x0 /home/benitez/.local/xPacks/@xpack-dev-tools/riscv-none-embed-gcc/10.2.0-1.2.1/.content/bin/../lib/gcc/riscv-none-embed/10.2.0/../../../../riscv-none-embed/lib/rv32im/ilp32/libg.a(lib_a-impure.o)
 .text          0x00000000000002b8        0x0 /home/benitez/.local/xPacks/@xpack-dev-tools/riscv-none-embed-gcc/10.2.0-1.2.1/.content/bin/../lib/gcc/riscv-none-embed/10.2.0/../../../../riscv-none-embed/lib/rv32im/ilp32/libg.a(lib_a-init.o)
 .text          0x00000000000002b8        0x0 /home/benitez/.local/xPacks/@xpack-dev-tools/riscv-none-embed-gcc/10.2.0-1.2.1/.content/bin/../lib/gcc/riscv-none-embed/10.2.0/../../../../riscv-none-embed/lib/rv32im/ilp32/libg.a(lib_a-memcpy.o)
 .text          0x00000000000002b8       0xdc /home/benitez/.local/xPacks/@xpack-dev-tools/riscv-none-embed-gcc/10.2.0-1.2.1/.content/bin/../lib/gcc/riscv-none-embed/10.2.0/../../../../riscv-none-embed/lib/rv32im/ilp32/libg.a(lib_a-memset.o)
                0x00000000000002b8                memset
 .text          0x0000000000000394        0x0 /home/benitez/.local/xPacks/@xpack-dev-tools/riscv-none-embed-gcc/10.2.0-1.2.1/.content/bin/../lib/gcc/riscv-none-embed/10.2.0/../../../../riscv-none-embed/lib/rv32im/ilp32/libg.a(lib_a-__call_atexit.o)
 .text          0x0000000000000394        0x0 /home/benitez/.local/xPacks/@xpack-dev-tools/riscv-none-embed-gcc/10.2.0-1.2.1/.content/bin/../lib/gcc/riscv-none-embed/10.2.0/../../../../riscv-none-embed/lib/rv32im/ilp32/libg.a(lib_a-fini.o)
 .text          0x0000000000000394        0x0 /home/benitez/.local/xPacks/@xpack-dev-tools/riscv-none-embed-gcc/10.2.0-1.2.1/.content/bin/../lib/gcc/riscv-none-embed/10.2.0/../../../../riscv-none-embed/lib/rv32im/ilp32/libg.a(lib_a-atexit.o)
 .text          0x0000000000000394        0x0 /home/benitez/.local/xPacks/@xpack-dev-tools/riscv-none-embed-gcc/10.2.0-1.2.1/.content/bin/../lib/gcc/riscv-none-embed/10.2.0/../../../../riscv-none-embed/lib/rv32im/ilp32/libg.a(lib_a-__atexit.o)
 .text          0x0000000000000394        0x0 /home/benitez/.local/xPacks/@xpack-dev-tools/riscv-none-embed-gcc/10.2.0-1.2.1/.content/bin/../lib/gcc/riscv-none-embed/10.2.0/rv32im/ilp32/crtend.o

.text.__do_global_dtors_aux
                0x0000000000000394       0x48
 .text.__do_global_dtors_aux
                0x0000000000000394       0x48 /home/benitez/.local/xPacks/@xpack-dev-tools/riscv-none-embed-gcc/10.2.0-1.2.1/.content/bin/../lib/gcc/riscv-none-embed/10.2.0/rv32im/ilp32/crtbegin.o

.text.frame_dummy
                0x00000000000003dc       0x20
 .text.frame_dummy
                0x00000000000003dc       0x20 /home/benitez/.local/xPacks/@xpack-dev-tools/riscv-none-embed-gcc/10.2.0-1.2.1/.content/bin/../lib/gcc/riscv-none-embed/10.2.0/rv32im/ilp32/crtbegin.o

.text.trap      0x00000000000003fc       0xc8
 .text.trap     0x00000000000003fc       0xc8 start.o
                0x00000000000003fc                trap_entry

.text.irq       0x00000000000004c4       0xa8
 .text.irq      0x00000000000004c4       0xa8 start.o
                0x00000000000004c4                irq_entry

.init           0x000000000000056c       0x84
 .init          0x000000000000056c       0x84 start.o

.text.__errno   0x00000000000005f0        0x8
 .text.__errno  0x00000000000005f0        0x8 /home/benitez/.local/xPacks/@xpack-dev-tools/riscv-none-embed-gcc/10.2.0-1.2.1/.content/bin/../lib/gcc/riscv-none-embed/10.2.0/../../../../riscv-none-embed/lib/rv32im/ilp32/libg.a(lib_a-errno.o)
                0x00000000000005f0                __errno

.text.exit      0x00000000000005f8       0x34
 .text.exit     0x00000000000005f8       0x34 /home/benitez/.local/xPacks/@xpack-dev-tools/riscv-none-embed-gcc/10.2.0-1.2.1/.content/bin/../lib/gcc/riscv-none-embed/10.2.0/../../../../riscv-none-embed/lib/rv32im/ilp32/libg.a(lib_a-exit.o)
                0x00000000000005f8                exit

.text.__libc_init_array
                0x000000000000062c       0x84
 .text.__libc_init_array
                0x000000000000062c       0x84 /home/benitez/.local/xPacks/@xpack-dev-tools/riscv-none-embed-gcc/10.2.0-1.2.1/.content/bin/../lib/gcc/riscv-none-embed/10.2.0/../../../../riscv-none-embed/lib/rv32im/ilp32/libg.a(lib_a-init.o)
                0x000000000000062c                __libc_init_array

.text.memcpy    0x00000000000006b0      0x128
 .text.memcpy   0x00000000000006b0      0x128 /home/benitez/.local/xPacks/@xpack-dev-tools/riscv-none-embed-gcc/10.2.0-1.2.1/.content/bin/../lib/gcc/riscv-none-embed/10.2.0/../../../../riscv-none-embed/lib/rv32im/ilp32/libg.a(lib_a-memcpy.o)
                0x00000000000006b0                memcpy

.text.startup.register_fini
                0x00000000000007d8       0x18
 .text.startup.register_fini
                0x00000000000007d8       0x18 /home/benitez/.local/xPacks/@xpack-dev-tools/riscv-none-embed-gcc/10.2.0-1.2.1/.content/bin/../lib/gcc/riscv-none-embed/10.2.0/../../../../riscv-none-embed/lib/rv32im/ilp32/libg.a(lib_a-__call_atexit.o)

.text.__call_exitprocs
                0x00000000000007f0      0x124
 .text.__call_exitprocs
                0x00000000000007f0      0x124 /home/benitez/.local/xPacks/@xpack-dev-tools/riscv-none-embed-gcc/10.2.0-1.2.1/.content/bin/../lib/gcc/riscv-none-embed/10.2.0/../../../../riscv-none-embed/lib/rv32im/ilp32/libg.a(lib_a-__call_atexit.o)
                0x00000000000007f0                __call_exitprocs

.text.__libc_fini_array
                0x0000000000000914       0x54
 .text.__libc_fini_array
                0x0000000000000914       0x54 /home/benitez/.local/xPacks/@xpack-dev-tools/riscv-none-embed-gcc/10.2.0-1.2.1/.content/bin/../lib/gcc/riscv-none-embed/10.2.0/../../../../riscv-none-embed/lib/rv32im/ilp32/libg.a(lib_a-fini.o)
                0x0000000000000914                __libc_fini_array

.text.atexit    0x0000000000000968       0x14
 .text.atexit   0x0000000000000968       0x14 /home/benitez/.local/xPacks/@xpack-dev-tools/riscv-none-embed-gcc/10.2.0-1.2.1/.content/bin/../lib/gcc/riscv-none-embed/10.2.0/../../../../riscv-none-embed/lib/rv32im/ilp32/libg.a(lib_a-atexit.o)
                0x0000000000000968                atexit

.text.__register_exitproc
                0x000000000000097c       0x9c
 .text.__register_exitproc
                0x000000000000097c       0x9c /home/benitez/.local/xPacks/@xpack-dev-tools/riscv-none-embed-gcc/10.2.0-1.2.1/.content/bin/../lib/gcc/riscv-none-embed/10.2.0/../../../../riscv-none-embed/lib/rv32im/ilp32/libg.a(lib_a-__atexit.o)
                0x000000000000097c                __register_exitproc

.eh_frame       0x0000000000000a18        0x4
 .eh_frame      0x0000000000000a18        0x0 /home/benitez/.local/xPacks/@xpack-dev-tools/riscv-none-embed-gcc/10.2.0-1.2.1/.content/bin/../lib/gcc/riscv-none-embed/10.2.0/rv32im/ilp32/crtbegin.o
 .eh_frame      0x0000000000000a18        0x4 /home/benitez/.local/xPacks/@xpack-dev-tools/riscv-none-embed-gcc/10.2.0-1.2.1/.content/bin/../lib/gcc/riscv-none-embed/10.2.0/rv32im/ilp32/crtend.o

.rodata.str1.4  0x0000000000000a1c       0x23
 .rodata.str1.4
                0x0000000000000a1c       0x23 _core/syscalls.o

.srodata._global_impure_ptr
                0x0000000000000a40        0x4
 .srodata._global_impure_ptr
                0x0000000000000a40        0x4 /home/benitez/.local/xPacks/@xpack-dev-tools/riscv-none-embed-gcc/10.2.0-1.2.1/.content/bin/../lib/gcc/riscv-none-embed/10.2.0/../../../../riscv-none-embed/lib/rv32im/ilp32/libg.a(lib_a-impure.o)
                0x0000000000000a40                _global_impure_ptr

.rela.dyn       0x0000000000000a44        0x0
 .rela.text     0x0000000000000a44        0x0 /home/benitez/.local/xPacks/@xpack-dev-tools/riscv-none-embed-gcc/10.2.0-1.2.1/.content/bin/../lib/gcc/riscv-none-embed/10.2.0/../../../../riscv-none-embed/lib/rv32im/ilp32/crt0.o
 .rela.text.__do_global_dtors_aux
                0x0000000000000a44        0x0 /home/benitez/.local/xPacks/@xpack-dev-tools/riscv-none-embed-gcc/10.2.0-1.2.1/.content/bin/../lib/gcc/riscv-none-embed/10.2.0/../../../../riscv-none-embed/lib/rv32im/ilp32/crt0.o
 .rela.text.frame_dummy
                0x0000000000000a44        0x0 /home/benitez/.local/xPacks/@xpack-dev-tools/riscv-none-embed-gcc/10.2.0-1.2.1/.content/bin/../lib/gcc/riscv-none-embed/10.2.0/../../../../riscv-none-embed/lib/rv32im/ilp32/crt0.o
 .rela.init     0x0000000000000a44        0x0 /home/benitez/.local/xPacks/@xpack-dev-tools/riscv-none-embed-gcc/10.2.0-1.2.1/.content/bin/../lib/gcc/riscv-none-embed/10.2.0/../../../../riscv-none-embed/lib/rv32im/ilp32/crt0.o
 .rela.text.__libc_init_array
                0x0000000000000a44        0x0 /home/benitez/.local/xPacks/@xpack-dev-tools/riscv-none-embed-gcc/10.2.0-1.2.1/.content/bin/../lib/gcc/riscv-none-embed/10.2.0/../../../../riscv-none-embed/lib/rv32im/ilp32/crt0.o
 .rela.text.startup.register_fini
                0x0000000000000a44        0x0 /home/benitez/.local/xPacks/@xpack-dev-tools/riscv-none-embed-gcc/10.2.0-1.2.1/.content/bin/../lib/gcc/riscv-none-embed/10.2.0/../../../../riscv-none-embed/lib/rv32im/ilp32/crt0.o
 .rela.text.__libc_fini_array
                0x0000000000000a44        0x0 /home/benitez/.local/xPacks/@xpack-dev-tools/riscv-none-embed-gcc/10.2.0-1.2.1/.content/bin/../lib/gcc/riscv-none-embed/10.2.0/../../../../riscv-none-embed/lib/rv32im/ilp32/crt0.o

.data           0x0000000002000000      0x42c load address 0x0000000000000a44
                0x0000000000000a44                _data_lma = LOADADDR (.data)
                0x0000000002000000                _data = .
                0x0000000002000000                __global_pointer$ = .
 *(.data .data.*)
 .data          0x0000000002000000        0x0 /home/benitez/.local/xPacks/@xpack-dev-tools/riscv-none-embed-gcc/10.2.0-1.2.1/.content/bin/../lib/gcc/riscv-none-embed/10.2.0/../../../../riscv-none-embed/lib/rv32im/ilp32/crt0.o
 .data          0x0000000002000000        0x0 /home/benitez/.local/xPacks/@xpack-dev-tools/riscv-none-embed-gcc/10.2.0-1.2.1/.content/bin/../lib/gcc/riscv-none-embed/10.2.0/rv32im/ilp32/crtbegin.o
 .data          0x0000000002000000        0x0 gpio.o
 .data          0x0000000002000000        0x0 start.o
 .data          0x0000000002000000        0x0 _core/syscalls.o
 .data          0x0000000002000000        0x0 _core/utils.o
 .data          0x0000000002000000        0x0 gpio/gpio.o
 .data          0x0000000002000000        0x0 /home/benitez/.local/xPacks/@xpack-dev-tools/riscv-none-embed-gcc/10.2.0-1.2.1/.content/bin/../lib/gcc/riscv-none-embed/10.2.0/../../../../riscv-none-embed/lib/rv32im/ilp32/libg.a(lib_a-errno.o)
 .data          0x0000000002000000        0x0 /home/benitez/.local/xPacks/@xpack-dev-tools/riscv-none-embed-gcc/10.2.0-1.2.1/.content/bin/../lib/gcc/riscv-none-embed/10.2.0/../../../../riscv-none-embed/lib/rv32im/ilp32/libg.a(lib_a-exit.o)
 .data          0x0000000002000000        0x0 /home/benitez/.local/xPacks/@xpack-dev-tools/riscv-none-embed-gcc/10.2.0-1.2.1/.content/bin/../lib/gcc/riscv-none-embed/10.2.0/../../../../riscv-none-embed/lib/rv32im/ilp32/libg.a(lib_a-impure.o)
 .data.impure_data
                0x0000000002000000      0x428 /home/benitez/.local/xPacks/@xpack-dev-tools/riscv-none-embed-gcc/10.2.0-1.2.1/.content/bin/../lib/gcc/riscv-none-embed/10.2.0/../../../../riscv-none-embed/lib/rv32im/ilp32/libg.a(lib_a-impure.o)
 .data          0x0000000002000428        0x0 /home/benitez/.local/xPacks/@xpack-dev-tools/riscv-none-embed-gcc/10.2.0-1.2.1/.content/bin/../lib/gcc/riscv-none-embed/10.2.0/../../../../riscv-none-embed/lib/rv32im/ilp32/libg.a(lib_a-init.o)
 .data          0x0000000002000428        0x0 /home/benitez/.local/xPacks/@xpack-dev-tools/riscv-none-embed-gcc/10.2.0-1.2.1/.content/bin/../lib/gcc/riscv-none-embed/10.2.0/../../../../riscv-none-embed/lib/rv32im/ilp32/libg.a(lib_a-memcpy.o)
 .data          0x0000000002000428        0x0 /home/benitez/.local/xPacks/@xpack-dev-tools/riscv-none-embed-gcc/10.2.0-1.2.1/.content/bin/../lib/gcc/riscv-none-embed/10.2.0/../../../../riscv-none-embed/lib/rv32im/ilp32/libg.a(lib_a-memset.o)
 .data          0x0000000002000428        0x0 /home/benitez/.local/xPacks/@xpack-dev-tools/riscv-none-embed-gcc/10.2.0-1.2.1/.content/bin/../lib/gcc/riscv-none-embed/10.2.0/../../../../riscv-none-embed/lib/rv32im/ilp32/libg.a(lib_a-__call_atexit.o)
 .data          0x0000000002000428        0x0 /home/benitez/.local/xPacks/@xpack-dev-tools/riscv-none-embed-gcc/10.2.0-1.2.1/.content/bin/../lib/gcc/riscv-none-embed/10.2.0/../../../../riscv-none-embed/lib/rv32im/ilp32/libg.a(lib_a-fini.o)
 .data          0x0000000002000428        0x0 /home/benitez/.local/xPacks/@xpack-dev-tools/riscv-none-embed-gcc/10.2.0-1.2.1/.content/bin/../lib/gcc/riscv-none-embed/10.2.0/../../../../riscv-none-embed/lib/rv32im/ilp32/libg.a(lib_a-atexit.o)
 .data          0x0000000002000428        0x0 /home/benitez/.local/xPacks/@xpack-dev-tools/riscv-none-embed-gcc/10.2.0-1.2.1/.content/bin/../lib/gcc/riscv-none-embed/10.2.0/../../../../riscv-none-embed/lib/rv32im/ilp32/libg.a(lib_a-__atexit.o)
 .data          0x0000000002000428        0x0 /home/benitez/.local/xPacks/@xpack-dev-tools/riscv-none-embed-gcc/10.2.0-1.2.1/.content/bin/../lib/gcc/riscv-none-embed/10.2.0/rv32im/ilp32/crtend.o
 *(.sdata .sdata.*)
 .sdata._impure_ptr
                0x0000000002000428        0x4 /home/benitez/.local/xPacks/@xpack-dev-tools/riscv-none-embed-gcc/10.2.0-1.2.1/.content/bin/../lib/gcc/riscv-none-embed/10.2.0/../../../../riscv-none-embed/lib/rv32im/ilp32/libg.a(lib_a-impure.o)
                0x0000000002000428                _impure_ptr
                0x000000000200042c                . = ALIGN (0x4)
                0x000000000200042c                _edata = .

.fini_array     0x000000000200042c        0x4 load address 0x0000000000000e70
 .fini_array    0x000000000200042c        0x4 /home/benitez/.local/xPacks/@xpack-dev-tools/riscv-none-embed-gcc/10.2.0-1.2.1/.content/bin/../lib/gcc/riscv-none-embed/10.2.0/rv32im/ilp32/crtbegin.o

.init_array     0x0000000002000430        0x4 load address 0x0000000000000e74
 .init_array    0x0000000002000430        0x4 /home/benitez/.local/xPacks/@xpack-dev-tools/riscv-none-embed-gcc/10.2.0-1.2.1/.content/bin/../lib/gcc/riscv-none-embed/10.2.0/rv32im/ilp32/crtbegin.o

.init_array.00000
                0x0000000002000434        0x4 load address 0x0000000000000e78
 .init_array.00000
                0x0000000002000434        0x4 /home/benitez/.local/xPacks/@xpack-dev-tools/riscv-none-embed-gcc/10.2.0-1.2.1/.content/bin/../lib/gcc/riscv-none-embed/10.2.0/../../../../riscv-none-embed/lib/rv32im/ilp32/libg.a(lib_a-__call_atexit.o)

.bss            0x0000000002000438       0x18 load address 0x0000000000000e7c
                0x0000000002000438                _bss_start = .
 *(.bss .bss.*)
 .bss           0x0000000002000438        0x0 /home/benitez/.local/xPacks/@xpack-dev-tools/riscv-none-embed-gcc/10.2.0-1.2.1/.content/bin/../lib/gcc/riscv-none-embed/10.2.0/../../../../riscv-none-embed/lib/rv32im/ilp32/crt0.o
 .bss           0x0000000002000438        0x0 /home/benitez/.local/xPacks/@xpack-dev-tools/riscv-none-embed-gcc/10.2.0-1.2.1/.content/bin/../lib/gcc/riscv-none-embed/10.2.0/rv32im/ilp32/crtbegin.o
 .bss.object.0  0x0000000002000438       0x18 /home/benitez/.local/xPacks/@xpack-dev-tools/riscv-none-embed-gcc/10.2.0-1.2.1/.content/bin/../lib/gcc/riscv-none-embed/10.2.0/rv32im/ilp32/crtbegin.o
 .bss           0x0000000002000450        0x0 gpio.o
 .bss           0x0000000002000450        0x0 start.o
 .bss           0x0000000002000450        0x0 _core/syscalls.o
 .bss           0x0000000002000450        0x0 _core/utils.o
 .bss           0x0000000002000450        0x0 gpio/gpio.o
 .bss           0x0000000002000450        0x0 /home/benitez/.local/xPacks/@xpack-dev-tools/riscv-none-embed-gcc/10.2.0-1.2.1/.content/bin/../lib/gcc/riscv-none-embed/10.2.0/../../../../riscv-none-embed/lib/rv32im/ilp32/libg.a(lib_a-errno.o)
 .bss           0x0000000002000450        0x0 /home/benitez/.local/xPacks/@xpack-dev-tools/riscv-none-embed-gcc/10.2.0-1.2.1/.content/bin/../lib/gcc/riscv-none-embed/10.2.0/../../../../riscv-none-embed/lib/rv32im/ilp32/libg.a(lib_a-exit.o)
 .bss           0x0000000002000450        0x0 /home/benitez/.local/xPacks/@xpack-dev-tools/riscv-none-embed-gcc/10.2.0-1.2.1/.content/bin/../lib/gcc/riscv-none-embed/10.2.0/../../../../riscv-none-embed/lib/rv32im/ilp32/libg.a(lib_a-impure.o)
 .bss           0x0000000002000450        0x0 /home/benitez/.local/xPacks/@xpack-dev-tools/riscv-none-embed-gcc/10.2.0-1.2.1/.content/bin/../lib/gcc/riscv-none-embed/10.2.0/../../../../riscv-none-embed/lib/rv32im/ilp32/libg.a(lib_a-init.o)
 .bss           0x0000000002000450        0x0 /home/benitez/.local/xPacks/@xpack-dev-tools/riscv-none-embed-gcc/10.2.0-1.2.1/.content/bin/../lib/gcc/riscv-none-embed/10.2.0/../../../../riscv-none-embed/lib/rv32im/ilp32/libg.a(lib_a-memcpy.o)
 .bss           0x0000000002000450        0x0 /home/benitez/.local/xPacks/@xpack-dev-tools/riscv-none-embed-gcc/10.2.0-1.2.1/.content/bin/../lib/gcc/riscv-none-embed/10.2.0/../../../../riscv-none-embed/lib/rv32im/ilp32/libg.a(lib_a-memset.o)
 .bss           0x0000000002000450        0x0 /home/benitez/.local/xPacks/@xpack-dev-tools/riscv-none-embed-gcc/10.2.0-1.2.1/.content/bin/../lib/gcc/riscv-none-embed/10.2.0/../../../../riscv-none-embed/lib/rv32im/ilp32/libg.a(lib_a-__call_atexit.o)
 .bss           0x0000000002000450        0x0 /home/benitez/.local/xPacks/@xpack-dev-tools/riscv-none-embed-gcc/10.2.0-1.2.1/.content/bin/../lib/gcc/riscv-none-embed/10.2.0/../../../../riscv-none-embed/lib/rv32im/ilp32/libg.a(lib_a-fini.o)
 .bss           0x0000000002000450        0x0 /home/benitez/.local/xPacks/@xpack-dev-tools/riscv-none-embed-gcc/10.2.0-1.2.1/.content/bin/../lib/gcc/riscv-none-embed/10.2.0/../../../../riscv-none-embed/lib/rv32im/ilp32/libg.a(lib_a-atexit.o)
 .bss           0x0000000002000450        0x0 /home/benitez/.local/xPacks/@xpack-dev-tools/riscv-none-embed-gcc/10.2.0-1.2.1/.content/bin/../lib/gcc/riscv-none-embed/10.2.0/../../../../riscv-none-embed/lib/rv32im/ilp32/libg.a(lib_a-__atexit.o)
 .bss           0x0000000002000450        0x0 /home/benitez/.local/xPacks/@xpack-dev-tools/riscv-none-embed-gcc/10.2.0-1.2.1/.content/bin/../lib/gcc/riscv-none-embed/10.2.0/rv32im/ilp32/crtend.o
                0x0000000002000450                . = ALIGN (0x4)
                0x0000000002000450                _bss_end = .
                0x0000000002000450                _end = .
OUTPUT(gpio.elf elf32-littleriscv)

.sbss.completed.1
                0x0000000002000450        0x1 load address 0x0000000000000e7c
 .sbss.completed.1
                0x0000000002000450        0x1 /home/benitez/.local/xPacks/@xpack-dev-tools/riscv-none-embed-gcc/10.2.0-1.2.1/.content/bin/../lib/gcc/riscv-none-embed/10.2.0/rv32im/ilp32/crtbegin.o

.sbss           0x0000000002000454        0x4 load address 0x0000000000000e7c
 .sbss          0x0000000002000454        0x4 _core/syscalls.o

.comment        0x0000000000000000       0x33
 .comment       0x0000000000000000       0x33 /home/benitez/.local/xPacks/@xpack-dev-tools/riscv-none-embed-gcc/10.2.0-1.2.1/.content/bin/../lib/gcc/riscv-none-embed/10.2.0/rv32im/ilp32/crtbegin.o
                                         0x34 (size before relaxing)
 .comment       0x0000000000000033       0x34 gpio.o
 .comment       0x0000000000000033       0x34 _core/syscalls.o
 .comment       0x0000000000000033       0x34 _core/utils.o
 .comment       0x0000000000000033       0x34 gpio/gpio.o
 .comment       0x0000000000000033       0x34 /home/benitez/.local/xPacks/@xpack-dev-tools/riscv-none-embed-gcc/10.2.0-1.2.1/.content/bin/../lib/gcc/riscv-none-embed/10.2.0/../../../../riscv-none-embed/lib/rv32im/ilp32/libg.a(lib_a-errno.o)
 .comment       0x0000000000000033       0x34 /home/benitez/.local/xPacks/@xpack-dev-tools/riscv-none-embed-gcc/10.2.0-1.2.1/.content/bin/../lib/gcc/riscv-none-embed/10.2.0/../../../../riscv-none-embed/lib/rv32im/ilp32/libg.a(lib_a-exit.o)
 .comment       0x0000000000000033       0x34 /home/benitez/.local/xPacks/@xpack-dev-tools/riscv-none-embed-gcc/10.2.0-1.2.1/.content/bin/../lib/gcc/riscv-none-embed/10.2.0/../../../../riscv-none-embed/lib/rv32im/ilp32/libg.a(lib_a-impure.o)
 .comment       0x0000000000000033       0x34 /home/benitez/.local/xPacks/@xpack-dev-tools/riscv-none-embed-gcc/10.2.0-1.2.1/.content/bin/../lib/gcc/riscv-none-embed/10.2.0/../../../../riscv-none-embed/lib/rv32im/ilp32/libg.a(lib_a-init.o)
 .comment       0x0000000000000033       0x34 /home/benitez/.local/xPacks/@xpack-dev-tools/riscv-none-embed-gcc/10.2.0-1.2.1/.content/bin/../lib/gcc/riscv-none-embed/10.2.0/../../../../riscv-none-embed/lib/rv32im/ilp32/libg.a(lib_a-memcpy.o)
 .comment       0x0000000000000033       0x34 /home/benitez/.local/xPacks/@xpack-dev-tools/riscv-none-embed-gcc/10.2.0-1.2.1/.content/bin/../lib/gcc/riscv-none-embed/10.2.0/../../../../riscv-none-embed/lib/rv32im/ilp32/libg.a(lib_a-__call_atexit.o)
 .comment       0x0000000000000033       0x34 /home/benitez/.local/xPacks/@xpack-dev-tools/riscv-none-embed-gcc/10.2.0-1.2.1/.content/bin/../lib/gcc/riscv-none-embed/10.2.0/../../../../riscv-none-embed/lib/rv32im/ilp32/libg.a(lib_a-fini.o)
 .comment       0x0000000000000033       0x34 /home/benitez/.local/xPacks/@xpack-dev-tools/riscv-none-embed-gcc/10.2.0-1.2.1/.content/bin/../lib/gcc/riscv-none-embed/10.2.0/../../../../riscv-none-embed/lib/rv32im/ilp32/libg.a(lib_a-atexit.o)
 .comment       0x0000000000000033       0x34 /home/benitez/.local/xPacks/@xpack-dev-tools/riscv-none-embed-gcc/10.2.0-1.2.1/.content/bin/../lib/gcc/riscv-none-embed/10.2.0/../../../../riscv-none-embed/lib/rv32im/ilp32/libg.a(lib_a-__atexit.o)
 .comment       0x0000000000000033       0x34 /home/benitez/.local/xPacks/@xpack-dev-tools/riscv-none-embed-gcc/10.2.0-1.2.1/.content/bin/../lib/gcc/riscv-none-embed/10.2.0/rv32im/ilp32/crtend.o
