Info: Starting: Create block symbol file (.bsf)
Info: qsys-generate C:\PLD\riscv-multicycle\peripherals\servo_motor\de10_lite\rotacao.qsys --block-symbol-file --output-directory=C:\PLD\riscv-multicycle\peripherals\servo_motor\de10_lite\rotacao --family="MAX 10" --part=10M50DAF484C7G
Progress: Loading de10_lite/rotacao.qsys
Progress: Reading input file
Progress: Adding in_system_sources_probes_0 [altera_in_system_sources_probes 23.1]
Progress: Parameterizing module in_system_sources_probes_0
Progress: Building connections
Progress: Parameterizing connections
Progress: Validating
Progress: Done reading input file
Info: qsys-generate succeeded.
Info: Finished: Create block symbol file (.bsf)
Info: 
Info: Starting: Create HDL design files for synthesis
Info: qsys-generate C:\PLD\riscv-multicycle\peripherals\servo_motor\de10_lite\rotacao.qsys --synthesis=VHDL --output-directory=C:\PLD\riscv-multicycle\peripherals\servo_motor\de10_lite\rotacao\synthesis --family="MAX 10" --part=10M50DAF484C7G
Progress: Loading de10_lite/rotacao.qsys
Progress: Reading input file
Progress: Adding in_system_sources_probes_0 [altera_in_system_sources_probes 23.1]
Progress: Parameterizing module in_system_sources_probes_0
Progress: Building connections
Progress: Parameterizing connections
Progress: Validating
Progress: Done reading input file
Info: rotacao: Generating rotacao "rotacao" for QUARTUS_SYNTH
Info: in_system_sources_probes_0: "rotacao" instantiated altera_in_system_sources_probes "in_system_sources_probes_0"
Info: rotacao: Done "rotacao" with 2 modules, 2 files
Info: qsys-generate succeeded.
Info: Finished: Create HDL design files for synthesis
