Archive member included to satisfy reference by file (symbol)

/home/xtarke/Data/Apps/riscv-none-embed-gcc/8.3.0-1.1/bin/../lib/gcc/riscv-none-embed/8.3.0/../../../../riscv-none-embed/lib/rv32im/ilp32/libg.a(lib_a-errno.o)
                              ../_core/syscalls.o (__errno)
/home/xtarke/Data/Apps/riscv-none-embed-gcc/8.3.0-1.1/bin/../lib/gcc/riscv-none-embed/8.3.0/../../../../riscv-none-embed/lib/rv32im/ilp32/libg.a(lib_a-exit.o)
                              /home/xtarke/Data/Apps/riscv-none-embed-gcc/8.3.0-1.1/bin/../lib/gcc/riscv-none-embed/8.3.0/../../../../riscv-none-embed/lib/rv32im/ilp32/crt0.o (exit)
/home/xtarke/Data/Apps/riscv-none-embed-gcc/8.3.0-1.1/bin/../lib/gcc/riscv-none-embed/8.3.0/../../../../riscv-none-embed/lib/rv32im/ilp32/libg.a(lib_a-impure.o)
                              /home/xtarke/Data/Apps/riscv-none-embed-gcc/8.3.0-1.1/bin/../lib/gcc/riscv-none-embed/8.3.0/../../../../riscv-none-embed/lib/rv32im/ilp32/libg.a(lib_a-exit.o) (_global_impure_ptr)
/home/xtarke/Data/Apps/riscv-none-embed-gcc/8.3.0-1.1/bin/../lib/gcc/riscv-none-embed/8.3.0/../../../../riscv-none-embed/lib/rv32im/ilp32/libg.a(lib_a-init.o)
                              /home/xtarke/Data/Apps/riscv-none-embed-gcc/8.3.0-1.1/bin/../lib/gcc/riscv-none-embed/8.3.0/../../../../riscv-none-embed/lib/rv32im/ilp32/crt0.o (__libc_init_array)
/home/xtarke/Data/Apps/riscv-none-embed-gcc/8.3.0-1.1/bin/../lib/gcc/riscv-none-embed/8.3.0/../../../../riscv-none-embed/lib/rv32im/ilp32/libg.a(lib_a-memcpy.o)
                              ../_core/syscalls.o (memcpy)
/home/xtarke/Data/Apps/riscv-none-embed-gcc/8.3.0-1.1/bin/../lib/gcc/riscv-none-embed/8.3.0/../../../../riscv-none-embed/lib/rv32im/ilp32/libg.a(lib_a-memset.o)
                              /home/xtarke/Data/Apps/riscv-none-embed-gcc/8.3.0-1.1/bin/../lib/gcc/riscv-none-embed/8.3.0/../../../../riscv-none-embed/lib/rv32im/ilp32/crt0.o (memset)
/home/xtarke/Data/Apps/riscv-none-embed-gcc/8.3.0-1.1/bin/../lib/gcc/riscv-none-embed/8.3.0/../../../../riscv-none-embed/lib/rv32im/ilp32/libg.a(lib_a-__call_atexit.o)
                              /home/xtarke/Data/Apps/riscv-none-embed-gcc/8.3.0-1.1/bin/../lib/gcc/riscv-none-embed/8.3.0/../../../../riscv-none-embed/lib/rv32im/ilp32/libg.a(lib_a-exit.o) (__call_exitprocs)
/home/xtarke/Data/Apps/riscv-none-embed-gcc/8.3.0-1.1/bin/../lib/gcc/riscv-none-embed/8.3.0/../../../../riscv-none-embed/lib/rv32im/ilp32/libg.a(lib_a-atexit.o)
                              /home/xtarke/Data/Apps/riscv-none-embed-gcc/8.3.0-1.1/bin/../lib/gcc/riscv-none-embed/8.3.0/../../../../riscv-none-embed/lib/rv32im/ilp32/libg.a(lib_a-__call_atexit.o) (atexit)
/home/xtarke/Data/Apps/riscv-none-embed-gcc/8.3.0-1.1/bin/../lib/gcc/riscv-none-embed/8.3.0/../../../../riscv-none-embed/lib/rv32im/ilp32/libg.a(lib_a-fini.o)
                              /home/xtarke/Data/Apps/riscv-none-embed-gcc/8.3.0-1.1/bin/../lib/gcc/riscv-none-embed/8.3.0/../../../../riscv-none-embed/lib/rv32im/ilp32/libg.a(lib_a-__call_atexit.o) (__libc_fini_array)
/home/xtarke/Data/Apps/riscv-none-embed-gcc/8.3.0-1.1/bin/../lib/gcc/riscv-none-embed/8.3.0/../../../../riscv-none-embed/lib/rv32im/ilp32/libg.a(lib_a-lock.o)
                              /home/xtarke/Data/Apps/riscv-none-embed-gcc/8.3.0-1.1/bin/../lib/gcc/riscv-none-embed/8.3.0/../../../../riscv-none-embed/lib/rv32im/ilp32/libg.a(lib_a-__call_atexit.o) (__retarget_lock_acquire_recursive)
/home/xtarke/Data/Apps/riscv-none-embed-gcc/8.3.0-1.1/bin/../lib/gcc/riscv-none-embed/8.3.0/../../../../riscv-none-embed/lib/rv32im/ilp32/libg.a(lib_a-__atexit.o)
                              /home/xtarke/Data/Apps/riscv-none-embed-gcc/8.3.0-1.1/bin/../lib/gcc/riscv-none-embed/8.3.0/../../../../riscv-none-embed/lib/rv32im/ilp32/libg.a(lib_a-atexit.o) (__register_exitproc)

Allocating common symbols
Common symbol       size              file

__lock___atexit_recursive_mutex
                    0x1               /home/xtarke/Data/Apps/riscv-none-embed-gcc/8.3.0-1.1/bin/../lib/gcc/riscv-none-embed/8.3.0/../../../../riscv-none-embed/lib/rv32im/ilp32/libg.a(lib_a-lock.o)
__lock___arc4random_mutex
                    0x1               /home/xtarke/Data/Apps/riscv-none-embed-gcc/8.3.0-1.1/bin/../lib/gcc/riscv-none-embed/8.3.0/../../../../riscv-none-embed/lib/rv32im/ilp32/libg.a(lib_a-lock.o)
__lock___env_recursive_mutex
                    0x1               /home/xtarke/Data/Apps/riscv-none-embed-gcc/8.3.0-1.1/bin/../lib/gcc/riscv-none-embed/8.3.0/../../../../riscv-none-embed/lib/rv32im/ilp32/libg.a(lib_a-lock.o)
__lock___sinit_recursive_mutex
                    0x1               /home/xtarke/Data/Apps/riscv-none-embed-gcc/8.3.0-1.1/bin/../lib/gcc/riscv-none-embed/8.3.0/../../../../riscv-none-embed/lib/rv32im/ilp32/libg.a(lib_a-lock.o)
__lock___malloc_recursive_mutex
                    0x1               /home/xtarke/Data/Apps/riscv-none-embed-gcc/8.3.0-1.1/bin/../lib/gcc/riscv-none-embed/8.3.0/../../../../riscv-none-embed/lib/rv32im/ilp32/libg.a(lib_a-lock.o)
__lock___at_quick_exit_mutex
                    0x1               /home/xtarke/Data/Apps/riscv-none-embed-gcc/8.3.0-1.1/bin/../lib/gcc/riscv-none-embed/8.3.0/../../../../riscv-none-embed/lib/rv32im/ilp32/libg.a(lib_a-lock.o)
__lock___dd_hash_mutex
                    0x1               /home/xtarke/Data/Apps/riscv-none-embed-gcc/8.3.0-1.1/bin/../lib/gcc/riscv-none-embed/8.3.0/../../../../riscv-none-embed/lib/rv32im/ilp32/libg.a(lib_a-lock.o)
__lock___tz_mutex   0x1               /home/xtarke/Data/Apps/riscv-none-embed-gcc/8.3.0-1.1/bin/../lib/gcc/riscv-none-embed/8.3.0/../../../../riscv-none-embed/lib/rv32im/ilp32/libg.a(lib_a-lock.o)
__lock___sfp_recursive_mutex
                    0x1               /home/xtarke/Data/Apps/riscv-none-embed-gcc/8.3.0-1.1/bin/../lib/gcc/riscv-none-embed/8.3.0/../../../../riscv-none-embed/lib/rv32im/ilp32/libg.a(lib_a-lock.o)

Memory Configuration

Name             Origin             Length             Attributes
rom              0x0000000000000000 0x000000000000fc00 xrw
ram              0x0000000002000000 0x0000000000000800 xrw
*default*        0x0000000000000000 0xffffffffffffffff

Linker script and memory map

LOAD /home/xtarke/Data/Apps/riscv-none-embed-gcc/8.3.0-1.1/bin/../lib/gcc/riscv-none-embed/8.3.0/../../../../riscv-none-embed/lib/rv32im/ilp32/crt0.o
LOAD /home/xtarke/Data/Apps/riscv-none-embed-gcc/8.3.0-1.1/bin/../lib/gcc/riscv-none-embed/8.3.0/rv32im/ilp32/crtbegin.o
LOAD watchdog_test.o
LOAD start.o
LOAD ../_core/syscalls.o
LOAD ../_core/utils.o
LOAD ../gpio/gpio.o
LOAD ../timer/timer.o
LOAD ../irq/interrupt.o
LOAD watchdog.o
LOAD /home/xtarke/Data/Apps/riscv-none-embed-gcc/8.3.0-1.1/bin/../lib/gcc/riscv-none-embed/8.3.0/rv32im/ilp32/libgcc.a
START GROUP
LOAD /home/xtarke/Data/Apps/riscv-none-embed-gcc/8.3.0-1.1/bin/../lib/gcc/riscv-none-embed/8.3.0/rv32im/ilp32/libgcc.a
LOAD /home/xtarke/Data/Apps/riscv-none-embed-gcc/8.3.0-1.1/bin/../lib/gcc/riscv-none-embed/8.3.0/../../../../riscv-none-embed/lib/rv32im/ilp32/libg.a
LOAD /home/xtarke/Data/Apps/riscv-none-embed-gcc/8.3.0-1.1/bin/../lib/gcc/riscv-none-embed/8.3.0/../../../../riscv-none-embed/lib/rv32im/ilp32/libc.a
END GROUP
LOAD /home/xtarke/Data/Apps/riscv-none-embed-gcc/8.3.0-1.1/bin/../lib/gcc/riscv-none-embed/8.3.0/rv32im/ilp32/libgcc.a
LOAD /home/xtarke/Data/Apps/riscv-none-embed-gcc/8.3.0-1.1/bin/../lib/gcc/riscv-none-embed/8.3.0/rv32im/ilp32/crtend.o

.rom            0x0000000000000000      0x57c
 _pvstart*(.text)
 start*(.text)
 .text          0x0000000000000000       0x58 start.o
                0x0000000000000000                _pvstart
                0x0000000000000100                . = 0x100
 *fill*         0x0000000000000058       0xa8 
                0x0000000000000100                . = ALIGN (0x4)
 *(.text)
 .text          0x0000000000000100       0x4c /home/xtarke/Data/Apps/riscv-none-embed-gcc/8.3.0-1.1/bin/../lib/gcc/riscv-none-embed/8.3.0/../../../../riscv-none-embed/lib/rv32im/ilp32/crt0.o
                0x0000000000000100                _start
 .text          0x000000000000014c        0x0 /home/xtarke/Data/Apps/riscv-none-embed-gcc/8.3.0-1.1/bin/../lib/gcc/riscv-none-embed/8.3.0/rv32im/ilp32/crtbegin.o
 .text          0x000000000000014c       0x98 watchdog_test.o
                0x000000000000014c                main
 .text          0x00000000000001e4       0xd8 ../_core/syscalls.o
                0x00000000000001e4                _getpid
                0x00000000000001e4                _utime
                0x00000000000001e4                _sysconf
                0x00000000000001e4                _ftime
                0x00000000000001e4                _isatty
                0x00000000000001e4                _open
                0x00000000000001e4                _times
                0x00000000000001e4                _stat
                0x00000000000001e4                _chdir
                0x00000000000001e4                _wait
                0x00000000000001e4                _lseek
                0x00000000000001e4                _fstatat
                0x00000000000001e4                _link
                0x00000000000001e4                _chown
                0x00000000000001e4                _access
                0x00000000000001e4                _openat
                0x00000000000001e4                _execve
                0x00000000000001e4                _chmod
                0x00000000000001e4                _lstat
                0x00000000000001e4                _unlink
                0x00000000000001e4                _fork
                0x00000000000001e4                _getcwd
                0x00000000000001e4                _kill
                0x00000000000001e4                _gettimeofday
                0x00000000000001e4                _faccessat
                0x00000000000001e8                unimplemented_syscall
                0x000000000000020c                _read
                0x0000000000000214                _write
                0x0000000000000238                _close
                0x0000000000000240                _fstat
                0x0000000000000264                _sbrk
                0x0000000000000288                _exit
                0x000000000000028c                init_data_section
 .text          0x00000000000002bc       0x10 ../_core/utils.o
                0x00000000000002bc                delay_
 .text          0x00000000000002cc       0x40 ../gpio/gpio.o
                0x00000000000002cc                input_interrupt_enable
 .text          0x000000000000030c       0xe4 ../timer/timer.o
                0x000000000000030c                timer_config
                0x0000000000000320                timer_reset
                0x0000000000000334                timer_set_compare0A
                0x0000000000000340                timer_set_compare0B
                0x000000000000034c                timer_set_compare1A
                0x0000000000000358                timer_set_compare1B
                0x0000000000000364                timer_set_compare2A
                0x0000000000000370                timer_set_compare2B
                0x000000000000037c                timer_get_output0A
                0x000000000000038c                timer_get_output0B
                0x00000000000003a0                timer_get_output1A
                0x00000000000003b4                timer_get_output1B
                0x00000000000003c8                timer_get_output2A
                0x00000000000003dc                timer_get_output2B
 .text          0x00000000000003f0       0x48 ../irq/interrupt.o
                0x00000000000003f0                global_interrupt_enable
                0x0000000000000404                extern_interrupt_enable
                0x0000000000000420                timer_interrupt_enable
 .text          0x0000000000000438       0x68 watchdog.o
                0x0000000000000438                wtd_config
                0x0000000000000454                wtd_enable
                0x0000000000000460                wtd_disable
                0x0000000000000470                wtd_hold
                0x000000000000047c                wtd_interrupt_read
                0x000000000000048c                wtd_clearoutputs
 .text          0x00000000000004a0        0x0 /home/xtarke/Data/Apps/riscv-none-embed-gcc/8.3.0-1.1/bin/../lib/gcc/riscv-none-embed/8.3.0/../../../../riscv-none-embed/lib/rv32im/ilp32/libg.a(lib_a-errno.o)
 .text          0x00000000000004a0        0x0 /home/xtarke/Data/Apps/riscv-none-embed-gcc/8.3.0-1.1/bin/../lib/gcc/riscv-none-embed/8.3.0/../../../../riscv-none-embed/lib/rv32im/ilp32/libg.a(lib_a-exit.o)
 .text          0x00000000000004a0        0x0 /home/xtarke/Data/Apps/riscv-none-embed-gcc/8.3.0-1.1/bin/../lib/gcc/riscv-none-embed/8.3.0/../../../../riscv-none-embed/lib/rv32im/ilp32/libg.a(lib_a-impure.o)
 .text          0x00000000000004a0        0x0 /home/xtarke/Data/Apps/riscv-none-embed-gcc/8.3.0-1.1/bin/../lib/gcc/riscv-none-embed/8.3.0/../../../../riscv-none-embed/lib/rv32im/ilp32/libg.a(lib_a-init.o)
 .text          0x00000000000004a0        0x0 /home/xtarke/Data/Apps/riscv-none-embed-gcc/8.3.0-1.1/bin/../lib/gcc/riscv-none-embed/8.3.0/../../../../riscv-none-embed/lib/rv32im/ilp32/libg.a(lib_a-memcpy.o)
 .text          0x00000000000004a0       0xdc /home/xtarke/Data/Apps/riscv-none-embed-gcc/8.3.0-1.1/bin/../lib/gcc/riscv-none-embed/8.3.0/../../../../riscv-none-embed/lib/rv32im/ilp32/libg.a(lib_a-memset.o)
                0x00000000000004a0                memset
 .text          0x000000000000057c        0x0 /home/xtarke/Data/Apps/riscv-none-embed-gcc/8.3.0-1.1/bin/../lib/gcc/riscv-none-embed/8.3.0/../../../../riscv-none-embed/lib/rv32im/ilp32/libg.a(lib_a-__call_atexit.o)
 .text          0x000000000000057c        0x0 /home/xtarke/Data/Apps/riscv-none-embed-gcc/8.3.0-1.1/bin/../lib/gcc/riscv-none-embed/8.3.0/../../../../riscv-none-embed/lib/rv32im/ilp32/libg.a(lib_a-atexit.o)
 .text          0x000000000000057c        0x0 /home/xtarke/Data/Apps/riscv-none-embed-gcc/8.3.0-1.1/bin/../lib/gcc/riscv-none-embed/8.3.0/../../../../riscv-none-embed/lib/rv32im/ilp32/libg.a(lib_a-fini.o)
 .text          0x000000000000057c        0x0 /home/xtarke/Data/Apps/riscv-none-embed-gcc/8.3.0-1.1/bin/../lib/gcc/riscv-none-embed/8.3.0/../../../../riscv-none-embed/lib/rv32im/ilp32/libg.a(lib_a-lock.o)
 .text          0x000000000000057c        0x0 /home/xtarke/Data/Apps/riscv-none-embed-gcc/8.3.0-1.1/bin/../lib/gcc/riscv-none-embed/8.3.0/../../../../riscv-none-embed/lib/rv32im/ilp32/libg.a(lib_a-__atexit.o)
 .text          0x000000000000057c        0x0 /home/xtarke/Data/Apps/riscv-none-embed-gcc/8.3.0-1.1/bin/../lib/gcc/riscv-none-embed/8.3.0/rv32im/ilp32/crtend.o

.text.__do_global_dtors_aux
                0x000000000000057c       0x50
 .text.__do_global_dtors_aux
                0x000000000000057c       0x50 /home/xtarke/Data/Apps/riscv-none-embed-gcc/8.3.0-1.1/bin/../lib/gcc/riscv-none-embed/8.3.0/rv32im/ilp32/crtbegin.o

.text.frame_dummy
                0x00000000000005cc       0x24
 .text.frame_dummy
                0x00000000000005cc       0x24 /home/xtarke/Data/Apps/riscv-none-embed-gcc/8.3.0-1.1/bin/../lib/gcc/riscv-none-embed/8.3.0/rv32im/ilp32/crtbegin.o

.text.trap      0x00000000000005f0       0xc4
 .text.trap     0x00000000000005f0       0xc4 start.o
                0x00000000000005f0                trap_entry

.text.irq       0x00000000000006b4       0xa4
 .text.irq      0x00000000000006b4       0xa4 start.o
                0x00000000000006b4                irq_entry

.init           0x0000000000000758       0x80
 .init          0x0000000000000758       0x80 start.o

.text.__errno   0x00000000000007d8        0xc
 .text.__errno  0x00000000000007d8        0xc /home/xtarke/Data/Apps/riscv-none-embed-gcc/8.3.0-1.1/bin/../lib/gcc/riscv-none-embed/8.3.0/../../../../riscv-none-embed/lib/rv32im/ilp32/libg.a(lib_a-errno.o)
                0x00000000000007d8                __errno

.text.exit      0x00000000000007e4       0x38
 .text.exit     0x00000000000007e4       0x38 /home/xtarke/Data/Apps/riscv-none-embed-gcc/8.3.0-1.1/bin/../lib/gcc/riscv-none-embed/8.3.0/../../../../riscv-none-embed/lib/rv32im/ilp32/libg.a(lib_a-exit.o)
                0x00000000000007e4                exit

.text.__libc_init_array
                0x000000000000081c       0x94
 .text.__libc_init_array
                0x000000000000081c       0x94 /home/xtarke/Data/Apps/riscv-none-embed-gcc/8.3.0-1.1/bin/../lib/gcc/riscv-none-embed/8.3.0/../../../../riscv-none-embed/lib/rv32im/ilp32/libg.a(lib_a-init.o)
                0x000000000000081c                __libc_init_array

.text.memcpy    0x00000000000008b0      0x11c
 .text.memcpy   0x00000000000008b0      0x11c /home/xtarke/Data/Apps/riscv-none-embed-gcc/8.3.0-1.1/bin/../lib/gcc/riscv-none-embed/8.3.0/../../../../riscv-none-embed/lib/rv32im/ilp32/libg.a(lib_a-memcpy.o)
                0x00000000000008b0                memcpy

.text.startup.register_fini
                0x00000000000009cc       0x1c
 .text.startup.register_fini
                0x00000000000009cc       0x1c /home/xtarke/Data/Apps/riscv-none-embed-gcc/8.3.0-1.1/bin/../lib/gcc/riscv-none-embed/8.3.0/../../../../riscv-none-embed/lib/rv32im/ilp32/libg.a(lib_a-__call_atexit.o)

.text.__call_exitprocs
                0x00000000000009e8      0x138
 .text.__call_exitprocs
                0x00000000000009e8      0x138 /home/xtarke/Data/Apps/riscv-none-embed-gcc/8.3.0-1.1/bin/../lib/gcc/riscv-none-embed/8.3.0/../../../../riscv-none-embed/lib/rv32im/ilp32/libg.a(lib_a-__call_atexit.o)
                0x00000000000009e8                __call_exitprocs

.text.atexit    0x0000000000000b20       0x14
 .text.atexit   0x0000000000000b20       0x14 /home/xtarke/Data/Apps/riscv-none-embed-gcc/8.3.0-1.1/bin/../lib/gcc/riscv-none-embed/8.3.0/../../../../riscv-none-embed/lib/rv32im/ilp32/libg.a(lib_a-atexit.o)
                0x0000000000000b20                atexit

.text.__libc_fini_array
                0x0000000000000b34       0x60
 .text.__libc_fini_array
                0x0000000000000b34       0x60 /home/xtarke/Data/Apps/riscv-none-embed-gcc/8.3.0-1.1/bin/../lib/gcc/riscv-none-embed/8.3.0/../../../../riscv-none-embed/lib/rv32im/ilp32/libg.a(lib_a-fini.o)
                0x0000000000000b34                __libc_fini_array

.text.__retarget_lock_init
                0x0000000000000b94        0x4
 .text.__retarget_lock_init
                0x0000000000000b94        0x4 /home/xtarke/Data/Apps/riscv-none-embed-gcc/8.3.0-1.1/bin/../lib/gcc/riscv-none-embed/8.3.0/../../../../riscv-none-embed/lib/rv32im/ilp32/libg.a(lib_a-lock.o)
                0x0000000000000b94                __retarget_lock_init

.text.__retarget_lock_init_recursive
                0x0000000000000b98        0x4
 .text.__retarget_lock_init_recursive
                0x0000000000000b98        0x4 /home/xtarke/Data/Apps/riscv-none-embed-gcc/8.3.0-1.1/bin/../lib/gcc/riscv-none-embed/8.3.0/../../../../riscv-none-embed/lib/rv32im/ilp32/libg.a(lib_a-lock.o)
                0x0000000000000b98                __retarget_lock_init_recursive

.text.__retarget_lock_close
                0x0000000000000b9c        0x4
 .text.__retarget_lock_close
                0x0000000000000b9c        0x4 /home/xtarke/Data/Apps/riscv-none-embed-gcc/8.3.0-1.1/bin/../lib/gcc/riscv-none-embed/8.3.0/../../../../riscv-none-embed/lib/rv32im/ilp32/libg.a(lib_a-lock.o)
                0x0000000000000b9c                __retarget_lock_close

.text.__retarget_lock_close_recursive
                0x0000000000000ba0        0x4
 .text.__retarget_lock_close_recursive
                0x0000000000000ba0        0x4 /home/xtarke/Data/Apps/riscv-none-embed-gcc/8.3.0-1.1/bin/../lib/gcc/riscv-none-embed/8.3.0/../../../../riscv-none-embed/lib/rv32im/ilp32/libg.a(lib_a-lock.o)
                0x0000000000000ba0                __retarget_lock_close_recursive

.text.__retarget_lock_acquire
                0x0000000000000ba4        0x4
 .text.__retarget_lock_acquire
                0x0000000000000ba4        0x4 /home/xtarke/Data/Apps/riscv-none-embed-gcc/8.3.0-1.1/bin/../lib/gcc/riscv-none-embed/8.3.0/../../../../riscv-none-embed/lib/rv32im/ilp32/libg.a(lib_a-lock.o)
                0x0000000000000ba4                __retarget_lock_acquire

.text.__retarget_lock_acquire_recursive
                0x0000000000000ba8        0x4
 .text.__retarget_lock_acquire_recursive
                0x0000000000000ba8        0x4 /home/xtarke/Data/Apps/riscv-none-embed-gcc/8.3.0-1.1/bin/../lib/gcc/riscv-none-embed/8.3.0/../../../../riscv-none-embed/lib/rv32im/ilp32/libg.a(lib_a-lock.o)
                0x0000000000000ba8                __retarget_lock_acquire_recursive

.text.__retarget_lock_try_acquire
                0x0000000000000bac        0x8
 .text.__retarget_lock_try_acquire
                0x0000000000000bac        0x8 /home/xtarke/Data/Apps/riscv-none-embed-gcc/8.3.0-1.1/bin/../lib/gcc/riscv-none-embed/8.3.0/../../../../riscv-none-embed/lib/rv32im/ilp32/libg.a(lib_a-lock.o)
                0x0000000000000bac                __retarget_lock_try_acquire

.text.__retarget_lock_try_acquire_recursive
                0x0000000000000bb4        0x8
 .text.__retarget_lock_try_acquire_recursive
                0x0000000000000bb4        0x8 /home/xtarke/Data/Apps/riscv-none-embed-gcc/8.3.0-1.1/bin/../lib/gcc/riscv-none-embed/8.3.0/../../../../riscv-none-embed/lib/rv32im/ilp32/libg.a(lib_a-lock.o)
                0x0000000000000bb4                __retarget_lock_try_acquire_recursive

.text.__retarget_lock_release
                0x0000000000000bbc        0x4
 .text.__retarget_lock_release
                0x0000000000000bbc        0x4 /home/xtarke/Data/Apps/riscv-none-embed-gcc/8.3.0-1.1/bin/../lib/gcc/riscv-none-embed/8.3.0/../../../../riscv-none-embed/lib/rv32im/ilp32/libg.a(lib_a-lock.o)
                0x0000000000000bbc                __retarget_lock_release

.text.__retarget_lock_release_recursive
                0x0000000000000bc0        0x4
 .text.__retarget_lock_release_recursive
                0x0000000000000bc0        0x4 /home/xtarke/Data/Apps/riscv-none-embed-gcc/8.3.0-1.1/bin/../lib/gcc/riscv-none-embed/8.3.0/../../../../riscv-none-embed/lib/rv32im/ilp32/libg.a(lib_a-lock.o)
                0x0000000000000bc0                __retarget_lock_release_recursive

.text.__register_exitproc
                0x0000000000000bc4       0xec
 .text.__register_exitproc
                0x0000000000000bc4       0xec /home/xtarke/Data/Apps/riscv-none-embed-gcc/8.3.0-1.1/bin/../lib/gcc/riscv-none-embed/8.3.0/../../../../riscv-none-embed/lib/rv32im/ilp32/libg.a(lib_a-__atexit.o)
                0x0000000000000bc4                __register_exitproc

.eh_frame       0x0000000000000cb0        0x4
 .eh_frame      0x0000000000000cb0        0x0 /home/xtarke/Data/Apps/riscv-none-embed-gcc/8.3.0-1.1/bin/../lib/gcc/riscv-none-embed/8.3.0/rv32im/ilp32/crtbegin.o
 .eh_frame      0x0000000000000cb0        0x4 /home/xtarke/Data/Apps/riscv-none-embed-gcc/8.3.0-1.1/bin/../lib/gcc/riscv-none-embed/8.3.0/rv32im/ilp32/crtend.o

.rodata.str1.4  0x0000000000000cb4       0x24
 .rodata.str1.4
                0x0000000000000cb4       0x24 ../_core/syscalls.o
                                         0x23 (size before relaxing)

.sdata2._global_impure_ptr
                0x0000000000000cd8        0x4
 .sdata2._global_impure_ptr
                0x0000000000000cd8        0x4 /home/xtarke/Data/Apps/riscv-none-embed-gcc/8.3.0-1.1/bin/../lib/gcc/riscv-none-embed/8.3.0/../../../../riscv-none-embed/lib/rv32im/ilp32/libg.a(lib_a-impure.o)
                0x0000000000000cd8                _global_impure_ptr

.rela.dyn       0x0000000000000cdc        0x0
 .rela.text     0x0000000000000cdc        0x0 /home/xtarke/Data/Apps/riscv-none-embed-gcc/8.3.0-1.1/bin/../lib/gcc/riscv-none-embed/8.3.0/../../../../riscv-none-embed/lib/rv32im/ilp32/crt0.o
 .rela.text.__do_global_dtors_aux
                0x0000000000000cdc        0x0 /home/xtarke/Data/Apps/riscv-none-embed-gcc/8.3.0-1.1/bin/../lib/gcc/riscv-none-embed/8.3.0/../../../../riscv-none-embed/lib/rv32im/ilp32/crt0.o
 .rela.text.frame_dummy
                0x0000000000000cdc        0x0 /home/xtarke/Data/Apps/riscv-none-embed-gcc/8.3.0-1.1/bin/../lib/gcc/riscv-none-embed/8.3.0/../../../../riscv-none-embed/lib/rv32im/ilp32/crt0.o
 .rela.init     0x0000000000000cdc        0x0 /home/xtarke/Data/Apps/riscv-none-embed-gcc/8.3.0-1.1/bin/../lib/gcc/riscv-none-embed/8.3.0/../../../../riscv-none-embed/lib/rv32im/ilp32/crt0.o
 .rela.text.__libc_init_array
                0x0000000000000cdc        0x0 /home/xtarke/Data/Apps/riscv-none-embed-gcc/8.3.0-1.1/bin/../lib/gcc/riscv-none-embed/8.3.0/../../../../riscv-none-embed/lib/rv32im/ilp32/crt0.o
 .rela.text.startup.register_fini
                0x0000000000000cdc        0x0 /home/xtarke/Data/Apps/riscv-none-embed-gcc/8.3.0-1.1/bin/../lib/gcc/riscv-none-embed/8.3.0/../../../../riscv-none-embed/lib/rv32im/ilp32/crt0.o
 .rela.sdata.__atexit_recursive_mutex
                0x0000000000000cdc        0x0 /home/xtarke/Data/Apps/riscv-none-embed-gcc/8.3.0-1.1/bin/../lib/gcc/riscv-none-embed/8.3.0/../../../../riscv-none-embed/lib/rv32im/ilp32/crt0.o
 .rela.text.__libc_fini_array
                0x0000000000000cdc        0x0 /home/xtarke/Data/Apps/riscv-none-embed-gcc/8.3.0-1.1/bin/../lib/gcc/riscv-none-embed/8.3.0/../../../../riscv-none-embed/lib/rv32im/ilp32/crt0.o

.data           0x0000000002000000      0x434 load address 0x0000000000000cdc
                0x0000000000000cdc                _data_lma = LOADADDR (.data)
                0x0000000002000000                _data = .
                0x0000000002000000                __global_pointer$ = .
 *(.data .data.*)
 .data          0x0000000002000000        0x0 /home/xtarke/Data/Apps/riscv-none-embed-gcc/8.3.0-1.1/bin/../lib/gcc/riscv-none-embed/8.3.0/../../../../riscv-none-embed/lib/rv32im/ilp32/crt0.o
 .data          0x0000000002000000        0x0 /home/xtarke/Data/Apps/riscv-none-embed-gcc/8.3.0-1.1/bin/../lib/gcc/riscv-none-embed/8.3.0/rv32im/ilp32/crtbegin.o
 .data          0x0000000002000000        0x0 watchdog_test.o
 .data          0x0000000002000000        0x0 start.o
 .data          0x0000000002000000        0x0 ../_core/syscalls.o
 .data          0x0000000002000000        0x0 ../_core/utils.o
 .data          0x0000000002000000        0x0 ../gpio/gpio.o
 .data          0x0000000002000000        0x0 ../timer/timer.o
 .data          0x0000000002000000        0x0 ../irq/interrupt.o
 .data          0x0000000002000000        0x0 watchdog.o
 .data          0x0000000002000000        0x0 /home/xtarke/Data/Apps/riscv-none-embed-gcc/8.3.0-1.1/bin/../lib/gcc/riscv-none-embed/8.3.0/../../../../riscv-none-embed/lib/rv32im/ilp32/libg.a(lib_a-errno.o)
 .data          0x0000000002000000        0x0 /home/xtarke/Data/Apps/riscv-none-embed-gcc/8.3.0-1.1/bin/../lib/gcc/riscv-none-embed/8.3.0/../../../../riscv-none-embed/lib/rv32im/ilp32/libg.a(lib_a-exit.o)
 .data          0x0000000002000000        0x0 /home/xtarke/Data/Apps/riscv-none-embed-gcc/8.3.0-1.1/bin/../lib/gcc/riscv-none-embed/8.3.0/../../../../riscv-none-embed/lib/rv32im/ilp32/libg.a(lib_a-impure.o)
 .data.impure_data
                0x0000000002000000      0x428 /home/xtarke/Data/Apps/riscv-none-embed-gcc/8.3.0-1.1/bin/../lib/gcc/riscv-none-embed/8.3.0/../../../../riscv-none-embed/lib/rv32im/ilp32/libg.a(lib_a-impure.o)
 .data          0x0000000002000428        0x0 /home/xtarke/Data/Apps/riscv-none-embed-gcc/8.3.0-1.1/bin/../lib/gcc/riscv-none-embed/8.3.0/../../../../riscv-none-embed/lib/rv32im/ilp32/libg.a(lib_a-init.o)
 .data          0x0000000002000428        0x0 /home/xtarke/Data/Apps/riscv-none-embed-gcc/8.3.0-1.1/bin/../lib/gcc/riscv-none-embed/8.3.0/../../../../riscv-none-embed/lib/rv32im/ilp32/libg.a(lib_a-memcpy.o)
 .data          0x0000000002000428        0x0 /home/xtarke/Data/Apps/riscv-none-embed-gcc/8.3.0-1.1/bin/../lib/gcc/riscv-none-embed/8.3.0/../../../../riscv-none-embed/lib/rv32im/ilp32/libg.a(lib_a-memset.o)
 .data          0x0000000002000428        0x0 /home/xtarke/Data/Apps/riscv-none-embed-gcc/8.3.0-1.1/bin/../lib/gcc/riscv-none-embed/8.3.0/../../../../riscv-none-embed/lib/rv32im/ilp32/libg.a(lib_a-__call_atexit.o)
 .data          0x0000000002000428        0x0 /home/xtarke/Data/Apps/riscv-none-embed-gcc/8.3.0-1.1/bin/../lib/gcc/riscv-none-embed/8.3.0/../../../../riscv-none-embed/lib/rv32im/ilp32/libg.a(lib_a-atexit.o)
 .data          0x0000000002000428        0x0 /home/xtarke/Data/Apps/riscv-none-embed-gcc/8.3.0-1.1/bin/../lib/gcc/riscv-none-embed/8.3.0/../../../../riscv-none-embed/lib/rv32im/ilp32/libg.a(lib_a-fini.o)
 .data          0x0000000002000428        0x0 /home/xtarke/Data/Apps/riscv-none-embed-gcc/8.3.0-1.1/bin/../lib/gcc/riscv-none-embed/8.3.0/../../../../riscv-none-embed/lib/rv32im/ilp32/libg.a(lib_a-lock.o)
 .data          0x0000000002000428        0x0 /home/xtarke/Data/Apps/riscv-none-embed-gcc/8.3.0-1.1/bin/../lib/gcc/riscv-none-embed/8.3.0/../../../../riscv-none-embed/lib/rv32im/ilp32/libg.a(lib_a-__atexit.o)
 .data          0x0000000002000428        0x0 /home/xtarke/Data/Apps/riscv-none-embed-gcc/8.3.0-1.1/bin/../lib/gcc/riscv-none-embed/8.3.0/rv32im/ilp32/crtend.o
 *(.sdata .sdata.*)
 .sdata.__dso_handle
                0x0000000002000428        0x4 /home/xtarke/Data/Apps/riscv-none-embed-gcc/8.3.0-1.1/bin/../lib/gcc/riscv-none-embed/8.3.0/rv32im/ilp32/crtbegin.o
                0x0000000002000428                __dso_handle
 .sdata._impure_ptr
                0x000000000200042c        0x4 /home/xtarke/Data/Apps/riscv-none-embed-gcc/8.3.0-1.1/bin/../lib/gcc/riscv-none-embed/8.3.0/../../../../riscv-none-embed/lib/rv32im/ilp32/libg.a(lib_a-impure.o)
                0x000000000200042c                _impure_ptr
 .sdata.__atexit_recursive_mutex
                0x0000000002000430        0x4 /home/xtarke/Data/Apps/riscv-none-embed-gcc/8.3.0-1.1/bin/../lib/gcc/riscv-none-embed/8.3.0/../../../../riscv-none-embed/lib/rv32im/ilp32/libg.a(lib_a-__call_atexit.o)
                0x0000000002000430                __atexit_recursive_mutex
                0x0000000002000434                . = ALIGN (0x4)
                0x0000000002000434                _edata = .

.fini_array     0x0000000002000434        0x4 load address 0x0000000000001110
 .fini_array    0x0000000002000434        0x4 /home/xtarke/Data/Apps/riscv-none-embed-gcc/8.3.0-1.1/bin/../lib/gcc/riscv-none-embed/8.3.0/rv32im/ilp32/crtbegin.o

.init_array     0x0000000002000438        0x4 load address 0x0000000000001114
 .init_array    0x0000000002000438        0x4 /home/xtarke/Data/Apps/riscv-none-embed-gcc/8.3.0-1.1/bin/../lib/gcc/riscv-none-embed/8.3.0/rv32im/ilp32/crtbegin.o

.init_array.00000
                0x000000000200043c        0x4 load address 0x0000000000001118
 .init_array.00000
                0x000000000200043c        0x4 /home/xtarke/Data/Apps/riscv-none-embed-gcc/8.3.0-1.1/bin/../lib/gcc/riscv-none-embed/8.3.0/../../../../riscv-none-embed/lib/rv32im/ilp32/libg.a(lib_a-__call_atexit.o)

.bss            0x0000000002000440       0x39 load address 0x000000000000111c
                0x0000000002000440                _bss_start = .
 *(.bss .bss.*)
 .bss           0x0000000002000440        0x0 /home/xtarke/Data/Apps/riscv-none-embed-gcc/8.3.0-1.1/bin/../lib/gcc/riscv-none-embed/8.3.0/../../../../riscv-none-embed/lib/rv32im/ilp32/crt0.o
 .bss           0x0000000002000440        0x0 /home/xtarke/Data/Apps/riscv-none-embed-gcc/8.3.0-1.1/bin/../lib/gcc/riscv-none-embed/8.3.0/rv32im/ilp32/crtbegin.o
 .bss.object.5461
                0x0000000002000440       0x18 /home/xtarke/Data/Apps/riscv-none-embed-gcc/8.3.0-1.1/bin/../lib/gcc/riscv-none-embed/8.3.0/rv32im/ilp32/crtbegin.o
 .bss           0x0000000002000458        0x0 watchdog_test.o
 .bss           0x0000000002000458        0x0 start.o
 .bss           0x0000000002000458        0x0 ../_core/syscalls.o
 .bss           0x0000000002000458        0x0 ../_core/utils.o
 .bss           0x0000000002000458        0x0 ../gpio/gpio.o
 .bss           0x0000000002000458        0x0 ../timer/timer.o
 .bss           0x0000000002000458        0x0 ../irq/interrupt.o
 .bss           0x0000000002000458        0x0 watchdog.o
 .bss           0x0000000002000458        0x0 /home/xtarke/Data/Apps/riscv-none-embed-gcc/8.3.0-1.1/bin/../lib/gcc/riscv-none-embed/8.3.0/../../../../riscv-none-embed/lib/rv32im/ilp32/libg.a(lib_a-errno.o)
 .bss           0x0000000002000458        0x0 /home/xtarke/Data/Apps/riscv-none-embed-gcc/8.3.0-1.1/bin/../lib/gcc/riscv-none-embed/8.3.0/../../../../riscv-none-embed/lib/rv32im/ilp32/libg.a(lib_a-exit.o)
 .bss           0x0000000002000458        0x0 /home/xtarke/Data/Apps/riscv-none-embed-gcc/8.3.0-1.1/bin/../lib/gcc/riscv-none-embed/8.3.0/../../../../riscv-none-embed/lib/rv32im/ilp32/libg.a(lib_a-impure.o)
 .bss           0x0000000002000458        0x0 /home/xtarke/Data/Apps/riscv-none-embed-gcc/8.3.0-1.1/bin/../lib/gcc/riscv-none-embed/8.3.0/../../../../riscv-none-embed/lib/rv32im/ilp32/libg.a(lib_a-init.o)
 .bss           0x0000000002000458        0x0 /home/xtarke/Data/Apps/riscv-none-embed-gcc/8.3.0-1.1/bin/../lib/gcc/riscv-none-embed/8.3.0/../../../../riscv-none-embed/lib/rv32im/ilp32/libg.a(lib_a-memcpy.o)
 .bss           0x0000000002000458        0x0 /home/xtarke/Data/Apps/riscv-none-embed-gcc/8.3.0-1.1/bin/../lib/gcc/riscv-none-embed/8.3.0/../../../../riscv-none-embed/lib/rv32im/ilp32/libg.a(lib_a-memset.o)
 .bss           0x0000000002000458        0x0 /home/xtarke/Data/Apps/riscv-none-embed-gcc/8.3.0-1.1/bin/../lib/gcc/riscv-none-embed/8.3.0/../../../../riscv-none-embed/lib/rv32im/ilp32/libg.a(lib_a-__call_atexit.o)
 .bss           0x0000000002000458        0x0 /home/xtarke/Data/Apps/riscv-none-embed-gcc/8.3.0-1.1/bin/../lib/gcc/riscv-none-embed/8.3.0/../../../../riscv-none-embed/lib/rv32im/ilp32/libg.a(lib_a-atexit.o)
 .bss           0x0000000002000458        0x0 /home/xtarke/Data/Apps/riscv-none-embed-gcc/8.3.0-1.1/bin/../lib/gcc/riscv-none-embed/8.3.0/../../../../riscv-none-embed/lib/rv32im/ilp32/libg.a(lib_a-fini.o)
 .bss           0x0000000002000458        0x0 /home/xtarke/Data/Apps/riscv-none-embed-gcc/8.3.0-1.1/bin/../lib/gcc/riscv-none-embed/8.3.0/../../../../riscv-none-embed/lib/rv32im/ilp32/libg.a(lib_a-lock.o)
 .bss           0x0000000002000458        0x0 /home/xtarke/Data/Apps/riscv-none-embed-gcc/8.3.0-1.1/bin/../lib/gcc/riscv-none-embed/8.3.0/../../../../riscv-none-embed/lib/rv32im/ilp32/libg.a(lib_a-__atexit.o)
 .bss           0x0000000002000458        0x0 /home/xtarke/Data/Apps/riscv-none-embed-gcc/8.3.0-1.1/bin/../lib/gcc/riscv-none-embed/8.3.0/rv32im/ilp32/crtend.o
                0x0000000002000458                . = ALIGN (0x4)
                0x0000000002000458                _bss_end = .
                0x0000000002000458                _end = .
 COMMON         0x0000000002000458       0x21 /home/xtarke/Data/Apps/riscv-none-embed-gcc/8.3.0-1.1/bin/../lib/gcc/riscv-none-embed/8.3.0/../../../../riscv-none-embed/lib/rv32im/ilp32/libg.a(lib_a-lock.o)
                0x0000000002000458                __lock___atexit_recursive_mutex
                0x000000000200045c                __lock___arc4random_mutex
                0x0000000002000460                __lock___env_recursive_mutex
                0x0000000002000464                __lock___sinit_recursive_mutex
                0x0000000002000468                __lock___malloc_recursive_mutex
                0x000000000200046c                __lock___at_quick_exit_mutex
                0x0000000002000470                __lock___dd_hash_mutex
                0x0000000002000474                __lock___tz_mutex
                0x0000000002000478                __lock___sfp_recursive_mutex
OUTPUT(watchdog_test.elf elf32-littleriscv)

.sbss.completed.5456
                0x0000000002000479        0x1 load address 0x000000000000111c
 .sbss.completed.5456
                0x0000000002000479        0x1 /home/xtarke/Data/Apps/riscv-none-embed-gcc/8.3.0-1.1/bin/../lib/gcc/riscv-none-embed/8.3.0/rv32im/ilp32/crtbegin.o

.sbss           0x000000000200047c        0x4 load address 0x000000000000111c
 .sbss          0x000000000200047c        0x4 ../_core/syscalls.o

.comment        0x0000000000000000       0x33
 .comment       0x0000000000000000       0x33 watchdog_test.o
                                         0x34 (size before relaxing)
 .comment       0x0000000000000033       0x34 ../_core/syscalls.o
 .comment       0x0000000000000033       0x34 ../_core/utils.o
 .comment       0x0000000000000033       0x34 ../gpio/gpio.o
 .comment       0x0000000000000033       0x34 ../timer/timer.o
 .comment       0x0000000000000033       0x34 ../irq/interrupt.o
 .comment       0x0000000000000033       0x34 watchdog.o

.debug_frame    0x0000000000000000      0x25c
 .debug_frame   0x0000000000000000       0x20 /home/xtarke/Data/Apps/riscv-none-embed-gcc/8.3.0-1.1/bin/../lib/gcc/riscv-none-embed/8.3.0/../../../../riscv-none-embed/lib/rv32im/ilp32/libg.a(lib_a-errno.o)
 .debug_frame   0x0000000000000020       0x28 /home/xtarke/Data/Apps/riscv-none-embed-gcc/8.3.0-1.1/bin/../lib/gcc/riscv-none-embed/8.3.0/../../../../riscv-none-embed/lib/rv32im/ilp32/libg.a(lib_a-exit.o)
 .debug_frame   0x0000000000000048       0x3c /home/xtarke/Data/Apps/riscv-none-embed-gcc/8.3.0-1.1/bin/../lib/gcc/riscv-none-embed/8.3.0/../../../../riscv-none-embed/lib/rv32im/ilp32/libg.a(lib_a-init.o)
 .debug_frame   0x0000000000000084       0x20 /home/xtarke/Data/Apps/riscv-none-embed-gcc/8.3.0-1.1/bin/../lib/gcc/riscv-none-embed/8.3.0/../../../../riscv-none-embed/lib/rv32im/ilp32/libg.a(lib_a-memcpy.o)
 .debug_frame   0x00000000000000a4       0x6c /home/xtarke/Data/Apps/riscv-none-embed-gcc/8.3.0-1.1/bin/../lib/gcc/riscv-none-embed/8.3.0/../../../../riscv-none-embed/lib/rv32im/ilp32/libg.a(lib_a-__call_atexit.o)
 .debug_frame   0x0000000000000110       0x20 /home/xtarke/Data/Apps/riscv-none-embed-gcc/8.3.0-1.1/bin/../lib/gcc/riscv-none-embed/8.3.0/../../../../riscv-none-embed/lib/rv32im/ilp32/libg.a(lib_a-atexit.o)
 .debug_frame   0x0000000000000130       0x34 /home/xtarke/Data/Apps/riscv-none-embed-gcc/8.3.0-1.1/bin/../lib/gcc/riscv-none-embed/8.3.0/../../../../riscv-none-embed/lib/rv32im/ilp32/libg.a(lib_a-fini.o)
 .debug_frame   0x0000000000000164       0xb0 /home/xtarke/Data/Apps/riscv-none-embed-gcc/8.3.0-1.1/bin/../lib/gcc/riscv-none-embed/8.3.0/../../../../riscv-none-embed/lib/rv32im/ilp32/libg.a(lib_a-lock.o)
 .debug_frame   0x0000000000000214       0x48 /home/xtarke/Data/Apps/riscv-none-embed-gcc/8.3.0-1.1/bin/../lib/gcc/riscv-none-embed/8.3.0/../../../../riscv-none-embed/lib/rv32im/ilp32/libg.a(lib_a-__atexit.o)
